
> @teddy-challenger/source@0.0.0 backend:e2e
> npx nx e2e backend-e2e


 NX   Running target e2e for project backend-e2e and 2 tasks it depends on:



> nx run backend:build  [local cache]


> nx run backend:serve:development


> nx run backend-e2e:e2e

NX Daemon is not running. Node process will not restart automatically after file changes.
Setting up...
[2m> [22m[2mnx run[22m backend:build:development  [2m[local cache][22m
[2m> [22mwebpack-cli build --node-env=development
[1m[33mWARNING[39m[22m in [1m./node_modules/@opentelemetry/sdk-node/build/src/TracerProviderWithEnvExporter.js[39m[22m [1m[32m89:39-80[39m[22m
[1mModule [1m[31mnot found[39m[22m[1m: [1m[31mError[39m[22m[1m: Can't resolve '@opentelemetry/exporter-jaeger' in 'C:\Projects\Desafio\teddy-challenger\apps\backend\node_modules\@opentelemetry\sdk-node\build\src'[39m[22m
webpack compiled with [1m[33m1 warning[39m[22m (9c417a26ead2df0c)
[0m[7m[1m[32m NX [39m[22m[27m[0m  [32mSuccessfully ran target [1mbuild[22m for project backend[39m
[2mNx read the output from the cache instead of running the command for 1 out of 1 tasks.[22m
Debugger listening on ws://localhost:9229/5c336d98-8c57-4a6e-a4ec-ddb7d68d4757
Debugger listening on ws://localhost:9229/5c336d98-8c57-4a6e-a4ec-ddb7d68d4757
For help, see: https://nodejs.org/en/docs/inspector

[dotenv@17.2.3] injecting env (0) from .env -- tip: ­ƒöä add secrets lifecycle management: https://dotenvx.com/ops
[95m[Nest] 32032  - [39m21/01/2026, 22:16:53 [95m  DEBUG[39m [38;5;3m[TypeOrmConfig] [39m[95mDatabase Config: {"host":"localhost","port":5432,"database":"teddy_db","synchronize":true}[39m
­ƒöì [TELEMETRY] Inicializando OpenTelemetry com endpoint: http://localhost:4318/v1/traces
Ô£à [TELEMETRY] OpenTelemetry iniciado com sucesso
­ƒöì [MAIN] Iniciando NestFactory.create...
[90m[4mquery:[24m[39m [94mSELECT[0m [95mversion[0m[37m([0m[37m)[0m
[90m[4mquery:[24m[39m [94mSELECT[0m [37m*[0m [94mFROM[0m [95mcurrent_schema[0m[37m([0m[37m)[0m
[90m[4mquery:[24m[39m [94mCREATE[0m [37mEXTENSION[0m [94mIF[0m [94mNOT[0m [94mEXISTS[0m [37m"uuid-ossp"[0m
[90m[4mquery:[24m[39m [37mSTART[0m [37mTRANSACTION[0m
[90m[4mquery:[24m[39m [94mSELECT[0m [37m*[0m [94mFROM[0m [95mcurrent_schema[0m[37m([0m[37m)[0m
[90m[4mquery:[24m[39m [94mSELECT[0m [37m*[0m [94mFROM[0m [95mcurrent_database[0m[37m([0m[37m)[0m
[90m[4mquery:[24m[39m [94mSELECT[0m [37m"table_schema"[0m[37m,[0m [37m"table_name"[0m[37m,[0m [95mobj_description[0m[37m([0m[37m([0m[37m'"'[0m [37m|[0m[37m|[0m [37m"table_schema"[0m [37m|[0m[37m|[0m [37m'"."'[0m [37m|[0m[37m|[0m [37m"table_name"[0m [37m|[0m[37m|[0m [37m'"'[0m[37m)[0m[37m:[0m[37m:[0m[37mregclass[0m[37m,[0m [37m'pg_class'[0m[37m)[0m [94mAS[0m [37mtable_comment[0m [94mFROM[0m [37m"information_schema"[0m[37m.[0m[37m"tables"[0m [94mWHERE[0m [37m([0m[37m"table_schema"[0m [37m=[0m [37m'public'[0m [94mAND[0m [37m"table_name"[0m [37m=[0m [37m'users'[0m[37m)[0m [94mOR[0m [37m([0m[37m"table_schema"[0m [37m=[0m [37m'public'[0m [94mAND[0m [37m"table_name"[0m [37m=[0m [37m'customers'[0m[37m)[0m [94mOR[0m [37m([0m[37m"table_schema"[0m [37m=[0m [37m'public'[0m [94mAND[0m [37m"table_name"[0m [37m=[0m [37m'audit_logs'[0m[37m)[0m
[90m[4mquery:[24m[39m [94mSELECT[0m [94mTRUE[0m [94mFROM[0m [37minformation_schema[0m[37m.[0m[37mcolumns[0m [94mWHERE[0m [37mtable_name[0m [37m=[0m [37m'pg_class'[0m [94mand[0m [37mcolumn_name[0m [37m=[0m [37m'relispartition'[0m
[90m[4mquery:[24m[39m [94mSELECT[0m [37mcolumns[0m[37m.[0m[37m*[0m[37m,[0m [37mpg_catalog[0m[37m.[0m[95mcol_description[0m[37m([0m[37m([0m[37m'"'[0m [37m|[0m[37m|[0m [37mtable_catalog[0m [37m|[0m[37m|[0m [37m'"."'[0m [37m|[0m[37m|[0m [37mtable_schema[0m [37m|[0m[37m|[0m [37m'"."'[0m [37m|[0m[37m|[0m [37mtable_name[0m [37m|[0m[37m|[0m [37m'"'[0m[37m)[0m[37m:[0m[37m:[0m[37mregclass[0m[37m:[0m[37m:[0m[37moid[0m[37m,[0m [37mordinal_position[0m[37m)[0m [94mAS[0m [37mdescription[0m[37m,[0m [37m([0m[37m'"'[0m [37m|[0m[37m|[0m [37m"udt_schema"[0m [37m|[0m[37m|[0m [37m'"."'[0m [37m|[0m[37m|[0m [37m"udt_name"[0m [37m|[0m[37m|[0m [37m'"'[0m[37m)[0m[37m:[0m[37m:[0m[37m"regtype"[0m[37m:[0m[37m:[0m[94mtext[0m [94mAS[0m [37m"regtype"[0m[37m,[0m [37mpg_catalog[0m[37m.[0m[95mformat_type[0m[37m([0m[37m"col_attr"[0m[37m.[0m[37m"atttypid"[0m[37m,[0m [37m"col_attr"[0m[37m.[0m[37m"atttypmod"[0m[37m)[0m [94mAS[0m [37m"format_type"[0m [94mFROM[0m [37m"information_schema"[0m[37m.[0m[37m"columns"[0m [94mLEFT JOIN[0m [37m"pg_catalog"[0m[37m.[0m[37m"pg_attribute"[0m [94mAS[0m [37m"col_attr"[0m [94mON[0m [37m"col_attr"[0m[37m.[0m[37m"attname"[0m [37m=[0m [37m"columns"[0m[37m.[0m[37m"column_name"[0m [94mAND[0m [37m"col_attr"[0m[37m.[0m[37m"attrelid"[0m [37m=[0m [37m([0m [94mSELECT[0m [37m"cls"[0m[37m.[0m[37m"oid"[0m [94mFROM[0m [37m"pg_catalog"[0m[37m.[0m[37m"pg_class"[0m [94mAS[0m [37m"cls"[0m [94mLEFT JOIN[0m [37m"pg_catalog"[0m[37m.[0m[37m"pg_namespace"[0m [94mAS[0m [37m"ns"[0m [94mON[0m [37m"ns"[0m[37m.[0m[37m"oid"[0m [37m=[0m [37m"cls"[0m[37m.[0m[37m"relnamespace"[0m [94mWHERE[0m [37m"cls"[0m[37m.[0m[37m"relname"[0m [37m=[0m [37m"columns"[0m[37m.[0m[37m"table_name"[0m [94mAND[0m [37m"ns"[0m[37m.[0m[37m"nspname"[0m [37m=[0m [37m"columns"[0m[37m.[0m[37m"table_schema"[0m [37m)[0m [94mWHERE[0m [37m([0m[37m"table_schema"[0m [37m=[0m [37m'public'[0m [94mAND[0m [37m"table_name"[0m [37m=[0m [37m'users'[0m[37m)[0m [94mOR[0m [37m([0m[37m"table_schema"[0m [37m=[0m [37m'public'[0m [94mAND[0m [37m"table_name"[0m [37m=[0m [37m'customers'[0m[37m)[0m [94mOR[0m [37m([0m[37m"table_schema"[0m [37m=[0m [37m'public'[0m [94mAND[0m [37m"table_name"[0m [37m=[0m [37m'audit_logs'[0m[37m)[0m
[90m[4mquery:[24m[39m [94mSELECT[0m [37m"ns"[0m[37m.[0m[37m"nspname"[0m [94mAS[0m [37m"table_schema"[0m[37m,[0m [37m"t"[0m[37m.[0m[37m"relname"[0m [94mAS[0m [37m"table_name"[0m[37m,[0m [37m"cnst"[0m[37m.[0m[37m"conname"[0m [94mAS[0m [37m"constraint_name"[0m[37m,[0m [95mpg_get_constraintdef[0m[37m([0m[37m"cnst"[0m[37m.[0m[37m"oid"[0m[37m)[0m [94mAS[0m [37m"expression"[0m[37m,[0m [94mCASE[0m [37m"cnst"[0m[37m.[0m[37m"contype"[0m [94mWHEN[0m [37m'p'[0m [94mTHEN[0m [37m'PRIMARY'[0m [94mWHEN[0m [37m'u'[0m [94mTHEN[0m [37m'UNIQUE'[0m [94mWHEN[0m [37m'c'[0m [94mTHEN[0m [37m'CHECK'[0m [94mWHEN[0m [37m'x'[0m [94mTHEN[0m [37m'EXCLUDE'[0m [94mEND[0m [94mAS[0m [37m"constraint_type"[0m[37m,[0m [37m"a"[0m[37m.[0m[37m"attname"[0m [94mAS[0m [37m"column_name"[0m [94mFROM[0m [37m"pg_constraint"[0m [37m"cnst"[0m [94mINNER JOIN[0m [37m"pg_class"[0m [37m"t"[0m [94mON[0m [37m"t"[0m[37m.[0m[37m"oid"[0m [37m=[0m [37m"cnst"[0m[37m.[0m[37m"conrelid"[0m [94mINNER JOIN[0m [37m"pg_namespace"[0m [37m"ns"[0m [94mON[0m [37m"ns"[0m[37m.[0m[37m"oid"[0m [37m=[0m [37m"cnst"[0m[37m.[0m[37m"connamespace"[0m [94mLEFT JOIN[0m [37m"pg_attribute"[0m [37m"a"[0m [94mON[0m [37m"a"[0m[37m.[0m[37m"attrelid"[0m [37m=[0m [37m"cnst"[0m[37m.[0m[37m"conrelid"[0m [94mAND[0m [37m"a"[0m[37m.[0m[37m"attnum"[0m [37m=[0m [94mANY[0m [37m([0m[37m"cnst"[0m[37m.[0m[37m"conkey"[0m[37m)[0m [94mWHERE[0m [37m"t"[0m[37m.[0m[37m"relkind"[0m [94mIN[0m [37m([0m[37m'r'[0m[37m,[0m [37m'p'[0m[37m)[0m [94mAND[0m [37m([0m[37m([0m[37m"ns"[0m[37m.[0m[37m"nspname"[0m [37m=[0m [37m'public'[0m [94mAND[0m [37m"t"[0m[37m.[0m[37m"relname"[0m [37m=[0m [37m'users'[0m[37m)[0m [94mOR[0m [37m([0m[37m"ns"[0m[37m.[0m[37m"nspname"[0m [37m=[0m [37m'public'[0m [94mAND[0m [37m"t"[0m[37m.[0m[37m"relname"[0m [37m=[0m [37m'customers'[0m[37m)[0m [94mOR[0m [37m([0m[37m"ns"[0m[37m.[0m[37m"nspname"[0m [37m=[0m [37m'public'[0m [94mAND[0m [37m"t"[0m[37m.[0m[37m"relname"[0m [37m=[0m [37m'audit_logs'[0m[37m)[0m[37m)[0m
[90m[4mquery:[24m[39m [94mSELECT[0m [37m"ns"[0m[37m.[0m[37m"nspname"[0m [94mAS[0m [37m"table_schema"[0m[37m,[0m [37m"t"[0m[37m.[0m[37m"relname"[0m [94mAS[0m [37m"table_name"[0m[37m,[0m [37m"i"[0m[37m.[0m[37m"relname"[0m [94mAS[0m [37m"constraint_name"[0m[37m,[0m [37m"a"[0m[37m.[0m[37m"attname"[0m [94mAS[0m [37m"column_name"[0m[37m,[0m [94mCASE[0m [37m"ix"[0m[37m.[0m[37m"indisunique"[0m [94mWHEN[0m [37m't'[0m [94mTHEN[0m [37m'TRUE'[0m [94mELSE[0m[37m'FALSE'[0m [94mEND[0m [94mAS[0m [37m"is_unique"[0m[37m,[0m [95mpg_get_expr[0m[37m([0m[37m"ix"[0m[37m.[0m[37m"indpred"[0m[37m,[0m [37m"ix"[0m[37m.[0m[37m"indrelid"[0m[37m)[0m [94mAS[0m [37m"condition"[0m[37m,[0m [37m"types"[0m[37m.[0m[37m"typname"[0m [94mAS[0m [37m"type_name"[0m[37m,[0m [37m"am"[0m[37m.[0m[37m"amname"[0m [94mAS[0m [37m"index_type"[0m [94mFROM[0m [37m"pg_class"[0m [37m"t"[0m [94mINNER JOIN[0m [37m"pg_index"[0m [37m"ix"[0m [94mON[0m [37m"ix"[0m[37m.[0m[37m"indrelid"[0m [37m=[0m [37m"t"[0m[37m.[0m[37m"oid"[0m [94mINNER JOIN[0m [37m"pg_attribute"[0m [37m"a"[0m [94mON[0m [37m"a"[0m[37m.[0m[37m"attrelid"[0m [37m=[0m [37m"t"[0m[37m.[0m[37m"oid"[0m  [94mAND[0m [37m"a"[0m[37m.[0m[37m"attnum"[0m [37m=[0m [94mANY[0m [37m([0m[37m"ix"[0m[37m.[0m[37m"indkey"[0m[37m)[0m [94mINNER JOIN[0m [37m"pg_namespace"[0m [37m"ns"[0m [94mON[0m [37m"ns"[0m[37m.[0m[37m"oid"[0m [37m=[0m [37m"t"[0m[37m.[0m[37m"relnamespace"[0m [94mINNER JOIN[0m [37m"pg_class"[0m [37m"i"[0m [94mON[0m [37m"i"[0m[37m.[0m[37m"oid"[0m [37m=[0m [37m"ix"[0m[37m.[0m[37m"indexrelid"[0m [94mINNER JOIN[0m [37m"pg_type"[0m [37m"types"[0m [94mON[0m [37m"types"[0m[37m.[0m[37m"oid"[0m [37m=[0m [37m"a"[0m[37m.[0m[37m"atttypid"[0m [94mINNER JOIN[0m [37m"pg_am"[0m [37m"am"[0m [94mON[0m [37m"i"[0m[37m.[0m[37m"relam"[0m [37m=[0m [37m"am"[0m[37m.[0m[37m"oid"[0m [94mLEFT JOIN[0m [37m"pg_constraint"[0m [37m"cnst"[0m [94mON[0m [37m"cnst"[0m[37m.[0m[37m"conname"[0m [37m=[0m [37m"i"[0m[37m.[0m[37m"relname"[0m [94mWHERE[0m [37m"t"[0m[37m.[0m[37m"relkind"[0m [94mIN[0m [37m([0m[37m'r'[0m[37m,[0m [37m'p'[0m[37m)[0m [94mAND[0m [37m"cnst"[0m[37m.[0m[37m"contype"[0m [94mIS NULL[0m [94mAND[0m [37m([0m[37m([0m[37m"ns"[0m[37m.[0m[37m"nspname"[0m [37m=[0m [37m'public'[0m [94mAND[0m [37m"t"[0m[37m.[0m[37m"relname"[0m [37m=[0m [37m'users'[0m[37m)[0m [94mOR[0m [37m([0m[37m"ns"[0m[37m.[0m[37m"nspname"[0m [37m=[0m [37m'public'[0m [94mAND[0m [37m"t"[0m[37m.[0m[37m"relname"[0m [37m=[0m [37m'customers'[0m[37m)[0m [94mOR[0m [37m([0m[37m"ns"[0m[37m.[0m[37m"nspname"[0m [37m=[0m [37m'public'[0m [94mAND[0m [37m"t"[0m[37m.[0m[37m"relname"[0m [37m=[0m [37m'audit_logs'[0m[37m)[0m[37m)[0m
[90m[4mquery:[24m[39m [94mSELECT[0m [37m"con"[0m[37m.[0m[37m"conname"[0m [94mAS[0m [37m"constraint_name"[0m[37m,[0m [37m"con"[0m[37m.[0m[37m"nspname"[0m [94mAS[0m [37m"table_schema"[0m[37m,[0m [37m"con"[0m[37m.[0m[37m"relname"[0m [94mAS[0m [37m"table_name"[0m[37m,[0m [37m"att2"[0m[37m.[0m[37m"attname"[0m [94mAS[0m [37m"column_name"[0m[37m,[0m [37m"ns"[0m[37m.[0m[37m"nspname"[0m [94mAS[0m [37m"referenced_table_schema"[0m[37m,[0m [37m"cl"[0m[37m.[0m[37m"relname"[0m [94mAS[0m [37m"referenced_table_name"[0m[37m,[0m [37m"att"[0m[37m.[0m[37m"attname"[0m [94mAS[0m [37m"referenced_column_name"[0m[37m,[0m [37m"con"[0m[37m.[0m[37m"confdeltype"[0m [94mAS[0m [37m"on_delete"[0m[37m,[0m [37m"con"[0m[37m.[0m[37m"confupdtype"[0m [94mAS[0m [37m"on_update"[0m[37m,[0m [37m"con"[0m[37m.[0m[37m"condeferrable"[0m [94mAS[0m [37m"deferrable"[0m[37m,[0m [37m"con"[0m[37m.[0m[37m"condeferred"[0m [94mAS[0m [37m"deferred"[0m [94mFROM[0m [37m([0m [94mSELECT[0m [95mUNNEST[0m [37m([0m[37m"con1"[0m[37m.[0m[37m"conkey"[0m[37m)[0m [94mAS[0m [37m"parent"[0m[37m,[0m [95mUNNEST[0m [37m([0m[37m"con1"[0m[37m.[0m[37m"confkey"[0m[37m)[0m [94mAS[0m [37m"child"[0m[37m,[0m [37m"con1"[0m[37m.[0m[37m"confrelid"[0m[37m,[0m [37m"con1"[0m[37m.[0m[37m"conrelid"[0m[37m,[0m [37m"con1"[0m[37m.[0m[37m"conname"[0m[37m,[0m [37m"con1"[0m[37m.[0m[37m"contype"[0m[37m,[0m [37m"ns"[0m[37m.[0m[37m"nspname"[0m[37m,[0m [37m"cl"[0m[37m.[0m[37m"relname"[0m[37m,[0m [37m"con1"[0m[37m.[0m[37m"condeferrable"[0m[37m,[0m [94mCASE[0m [94mWHEN[0m [37m"con1"[0m[37m.[0m[37m"condeferred"[0m [94mTHEN[0m [37m'INITIALLY DEFERRED'[0m [94mELSE[0m [37m'INITIALLY IMMEDIATE'[0m [94mEND[0m [94mas[0m [37mcondeferred[0m[37m,[0m [94mCASE[0m [37m"con1"[0m[37m.[0m[37m"confdeltype"[0m [94mWHEN[0m [37m'a'[0m [94mTHEN[0m [37m'NO ACTION'[0m [94mWHEN[0m [37m'r'[0m [94mTHEN[0m [37m'RESTRICT'[0m [94mWHEN[0m [37m'c'[0m [94mTHEN[0m [37m'CASCADE'[0m [94mWHEN[0m [37m'n'[0m [94mTHEN[0m [37m'SET NULL'[0m [94mWHEN[0m [37m'd'[0m [94mTHEN[0m [37m'SET DEFAULT'[0m [94mEND[0m [94mas[0m [37m"confdeltype"[0m[37m,[0m [94mCASE[0m [37m"con1"[0m[37m.[0m[37m"confupdtype"[0m [94mWHEN[0m [37m'a'[0m [94mTHEN[0m [37m'NO ACTION'[0m [94mWHEN[0m [37m'r'[0m [94mTHEN[0m [37m'RESTRICT'[0m [94mWHEN[0m [37m'c'[0m [94mTHEN[0m [37m'CASCADE'[0m [94mWHEN[0m [37m'n'[0m [94mTHEN[0m [37m'SET NULL'[0m [94mWHEN[0m [37m'd'[0m [94mTHEN[0m [37m'SET DEFAULT'[0m [94mEND[0m [94mas[0m [37m"confupdtype"[0m [94mFROM[0m [37m"pg_class"[0m [37m"cl"[0m [94mINNER JOIN[0m [37m"pg_namespace"[0m [37m"ns"[0m [94mON[0m [37m"cl"[0m[37m.[0m[37m"relnamespace"[0m [37m=[0m [37m"ns"[0m[37m.[0m[37m"oid"[0m [94mINNER JOIN[0m [37m"pg_constraint"[0m [37m"con1"[0m [94mON[0m [37m"con1"[0m[37m.[0m[37m"conrelid"[0m [37m=[0m [37m"cl"[0m[37m.[0m[37m"oid"[0m [94mWHERE[0m [37m"con1"[0m[37m.[0m[37m"contype"[0m [37m=[0m [37m'f'[0m [94mAND[0m [37m([0m[37m([0m[37m"ns"[0m[37m.[0m[37m"nspname"[0m [37m=[0m [37m'public'[0m [94mAND[0m [37m"cl"[0m[37m.[0m[37m"relname"[0m [37m=[0m [37m'users'[0m[37m)[0m [94mOR[0m [37m([0m[37m"ns"[0m[37m.[0m[37m"nspname"[0m [37m=[0m [37m'public'[0m [94mAND[0m [37m"cl"[0m[37m.[0m[37m"relname"[0m [37m=[0m [37m'customers'[0m[37m)[0m [94mOR[0m [37m([0m[37m"ns"[0m[37m.[0m[37m"nspname"[0m [37m=[0m [37m'public'[0m [94mAND[0m [37m"cl"[0m[37m.[0m[37m"relname"[0m [37m=[0m [37m'audit_logs'[0m[37m)[0m[37m)[0m [37m)[0m [37m"con"[0m [94mINNER JOIN[0m [37m"pg_attribute"[0m [37m"att"[0m [94mON[0m [37m"att"[0m[37m.[0m[37m"attrelid"[0m [37m=[0m [37m"con"[0m[37m.[0m[37m"confrelid"[0m [94mAND[0m [37m"att"[0m[37m.[0m[37m"attnum"[0m [37m=[0m [37m"con"[0m[37m.[0m[37m"child"[0m [94mINNER JOIN[0m [37m"pg_class"[0m [37m"cl"[0m [94mON[0m [37m"cl"[0m[37m.[0m[37m"oid"[0m [37m=[0m [37m"con"[0m[37m.[0m[37m"confrelid"[0m  [94mAND[0m [37m"cl"[0m[37m.[0m[37m"relispartition"[0m [37m=[0m [37m'f'[0m[94mINNER JOIN[0m [37m"pg_namespace"[0m [37m"ns"[0m [94mON[0m [37m"cl"[0m[37m.[0m[37m"relnamespace"[0m [37m=[0m [37m"ns"[0m[37m.[0m[37m"oid"[0m [94mINNER JOIN[0m [37m"pg_attribute"[0m [37m"att2"[0m [94mON[0m [37m"att2"[0m[37m.[0m[37m"attrelid"[0m [37m=[0m [37m"con"[0m[37m.[0m[37m"conrelid"[0m [94mAND[0m [37m"att2"[0m[37m.[0m[37m"attnum"[0m [37m=[0m [37m"con"[0m[37m.[0m[37m"parent"[0m
[90m[4mquery:[24m[39m [94mSELECT[0m [37m*[0m [94mFROM[0m [37m"information_schema"[0m[37m.[0m[37m"tables"[0m [94mWHERE[0m [37m"table_schema"[0m [37m=[0m [37m'public'[0m [94mAND[0m [37m"table_name"[0m [37m=[0m [37m'typeorm_metadata'[0m
[90m[4mquery:[24m[39m [94mCOMMIT[0m
Ô£à [MAIN] NestFactory.create completo
­ƒöì [MAIN] Iniciando app.listen...
­ƒòÉ 2026-01-21 22:16:58.269 -0300 ÔÜá´©Å  WARN: [36mUnsupported route path: "/api/*". In previous versions, the symbols ?, *, and + were used to denote optional or repeating path parameters. The latest version of "path-to-regexp" now requires the use of named parameters. For example, instead of using a route like /users/* to capture all routes starting with "/users", you should use /users/*path. For more details, refer to the migration guide. Attempting to auto-convert...[39m
    [35mcontext[39m: "LegacyRouteConverter"
­ƒòÉ 2026-01-21 22:16:58.274 -0300 Ôä╣´©Å  INFO: [36mAppController {/api}:[39m
    [35mcontext[39m: "RoutesResolver"
­ƒòÉ 2026-01-21 22:16:58.276 -0300 Ôä╣´©Å  INFO: [36mMapped {/api, GET} route[39m
    [35mcontext[39m: "RouterExplorer"
­ƒòÉ 2026-01-21 22:16:58.277 -0300 Ôä╣´©Å  INFO: [36mUserController {/api/v1/users}:[39m
    [35mcontext[39m: "RoutesResolver"
­ƒòÉ 2026-01-21 22:16:58.278 -0300 Ôä╣´©Å  INFO: [36mMapped {/api/v1/users, POST} route[39m
    [35mcontext[39m: "RouterExplorer"
­ƒòÉ 2026-01-21 22:16:58.278 -0300 Ôä╣´©Å  INFO: [36mMapped {/api/v1/users, GET} route[39m
    [35mcontext[39m: "RouterExplorer"
­ƒòÉ 2026-01-21 22:16:58.279 -0300 Ôä╣´©Å  INFO: [36mMapped {/api/v1/users/:id, GET} route[39m
    [35mcontext[39m: "RouterExplorer"
­ƒòÉ 2026-01-21 22:16:58.279 -0300 Ôä╣´©Å  INFO: [36mMapped {/api/v1/users/:id, PUT} route[39m
    [35mcontext[39m: "RouterExplorer"
­ƒòÉ 2026-01-21 22:16:58.280 -0300 Ôä╣´©Å  INFO: [36mMapped {/api/v1/users/:id, DELETE} route[39m
    [35mcontext[39m: "RouterExplorer"
­ƒòÉ 2026-01-21 22:16:58.281 -0300 Ôä╣´©Å  INFO: [36mMapped {/api/v1/users/:id/password, PATCH} route[39m
    [35mcontext[39m: "RouterExplorer"
­ƒòÉ 2026-01-21 22:16:58.281 -0300 Ôä╣´©Å  INFO: [36mCustomerController {/api/v1/customers}:[39m
    [35mcontext[39m: "RoutesResolver"
­ƒòÉ 2026-01-21 22:16:58.282 -0300 Ôä╣´©Å  INFO: [36mMapped {/api/v1/customers, POST} route[39m
    [35mcontext[39m: "RouterExplorer"
­ƒòÉ 2026-01-21 22:16:58.283 -0300 Ôä╣´©Å  INFO: [36mMapped {/api/v1/customers, GET} route[39m
    [35mcontext[39m: "RouterExplorer"
­ƒòÉ 2026-01-21 22:16:58.283 -0300 Ôä╣´©Å  INFO: [36mMapped {/api/v1/customers/:id, GET} route[39m
    [35mcontext[39m: "RouterExplorer"
­ƒòÉ 2026-01-21 22:16:58.283 -0300 Ôä╣´©Å  INFO: [36mMapped {/api/v1/customers/:id, PUT} route[39m
    [35mcontext[39m: "RouterExplorer"
­ƒòÉ 2026-01-21 22:16:58.284 -0300 Ôä╣´©Å  INFO: [36mMapped {/api/v1/customers/:id, DELETE} route[39m
    [35mcontext[39m: "RouterExplorer"
­ƒòÉ 2026-01-21 22:16:58.284 -0300 Ôä╣´©Å  INFO: [36mAuthController {/api/auth}:[39m
    [35mcontext[39m: "RoutesResolver"
­ƒòÉ 2026-01-21 22:16:58.284 -0300 Ôä╣´©Å  INFO: [36mMapped {/api/auth/login, POST} route[39m
    [35mcontext[39m: "RouterExplorer"
­ƒòÉ 2026-01-21 22:16:58.284 -0300 Ôä╣´©Å  INFO: [36mMapped {/api/auth/refresh, POST} route[39m
    [35mcontext[39m: "RouterExplorer"
­ƒòÉ 2026-01-21 22:16:58.285 -0300 Ôä╣´©Å  INFO: [36mMapped {/api/auth/logout, POST} route[39m
    [35mcontext[39m: "RouterExplorer"
­ƒòÉ 2026-01-21 22:16:58.285 -0300 Ôä╣´©Å  INFO: [36mMapped {/api/auth/me, GET} route[39m
    [35mcontext[39m: "RouterExplorer"
­ƒòÉ 2026-01-21 22:16:58.285 -0300 Ôä╣´©Å  INFO: [36mMapped {/api/auth/recovery-password, POST} route[39m
    [35mcontext[39m: "RouterExplorer"
­ƒòÉ 2026-01-21 22:16:58.286 -0300 Ôä╣´©Å  INFO: [36mMapped {/api/auth/reset-password, POST} route[39m
    [35mcontext[39m: "RouterExplorer"
­ƒòÉ 2026-01-21 22:16:58.286 -0300 Ôä╣´©Å  INFO: [36mMapped {/api/auth/increment-access, POST} route[39m
    [35mcontext[39m: "RouterExplorer"
­ƒòÉ 2026-01-21 22:16:58.286 -0300 Ôä╣´©Å  INFO: [36mHealthController {/api/health}:[39m
    [35mcontext[39m: "RoutesResolver"
­ƒòÉ 2026-01-21 22:16:58.286 -0300 Ôä╣´©Å  INFO: [36mMapped {/api/health, GET} route[39m
    [35mcontext[39m: "RouterExplorer"
­ƒòÉ 2026-01-21 22:16:58.286 -0300 Ôä╣´©Å  INFO: [36mMapped {/api/health/live, GET} route[39m
    [35mcontext[39m: "RouterExplorer"
­ƒòÉ 2026-01-21 22:16:58.287 -0300 Ôä╣´©Å  INFO: [36mMapped {/api/health/ready, GET} route[39m
    [35mcontext[39m: "RouterExplorer"
­ƒòÉ 2026-01-21 22:16:58.287 -0300 Ôä╣´©Å  INFO: [36mMetricsController {/api/metrics}:[39m
    [35mcontext[39m: "RoutesResolver"
­ƒòÉ 2026-01-21 22:16:58.287 -0300 Ôä╣´©Å  INFO: [36mMapped {/api/metrics, GET} route[39m
    [35mcontext[39m: "RouterExplorer"
­ƒòÉ 2026-01-21 22:16:58.287 -0300 Ôä╣´©Å  INFO: [36mDashboardController {/api/dashboard}:[39m
    [35mcontext[39m: "RoutesResolver"
­ƒòÉ 2026-01-21 22:16:58.287 -0300 Ôä╣´©Å  INFO: [36mMapped {/api/dashboard/stats, GET} route[39m
    [35mcontext[39m: "RouterExplorer"
­ƒòÉ 2026-01-21 22:16:58.288 -0300 Ôä╣´©Å  INFO: [36mMapped {/api/dashboard/recent-customers, GET} route[39m
    [35mcontext[39m: "RouterExplorer"
­ƒòÉ 2026-01-21 22:16:58.288 -0300 Ôä╣´©Å  INFO: [36mMapped {/api/dashboard/customer-trend/month, GET} route[39m
    [35mcontext[39m: "RouterExplorer"
­ƒòÉ 2026-01-21 22:16:58.288 -0300 Ôä╣´©Å  INFO: [36mMapped {/api/dashboard/customer-trend/day, GET} route[39m
    [35mcontext[39m: "RouterExplorer"
[90m[4mquery:[24m[39m [94mSELECT[0m [37m"User"[0m[37m.[0m[37m"id"[0m [94mAS[0m [37m"User_id"[0m[37m,[0m [37m"User"[0m[37m.[0m[37m"email"[0m [94mAS[0m [37m"User_email"[0m[37m,[0m [37m"User"[0m[37m.[0m[37m"password"[0m [94mAS[0m [37m"User_password"[0m[37m,[0m [37m"User"[0m[37m.[0m[37m"status"[0m [94mAS[0m [37m"User_status"[0m[37m,[0m [37m"User"[0m[37m.[0m[37m"refreshTokenHash"[0m [94mAS[0m [37m"User_refreshTokenHash"[0m[37m,[0m [37m"User"[0m[37m.[0m[37m"refreshTokenExpires"[0m [94mAS[0m [37m"User_refreshTokenExpires"[0m[37m,[0m [37m"User"[0m[37m.[0m[37m"recoveryTokenHash"[0m [94mAS[0m [37m"User_recoveryTokenHash"[0m[37m,[0m [37m"User"[0m[37m.[0m[37m"recoveryTokenExpires"[0m [94mAS[0m [37m"User_recoveryTokenExpires"[0m[37m,[0m [37m"User"[0m[37m.[0m[37m"createdAt"[0m [94mAS[0m [37m"User_createdAt"[0m[37m,[0m [37m"User"[0m[37m.[0m[37m"updatedAt"[0m [94mAS[0m [37m"User_updatedAt"[0m[37m,[0m [37m"User"[0m[37m.[0m[37m"deletedAt"[0m [94mAS[0m [37m"User_deletedAt"[0m[37m,[0m [37m"User"[0m[37m.[0m[37m"accessCount"[0m [94mAS[0m [37m"User_accessCount"[0m [94mFROM[0m [37m"users"[0m [37m"User"[0m [94mWHERE[0m [37m([0m [37m([0m[37m([0m[37m"User"[0m[37m.[0m[37m"email"[0m [37m=[0m [37m$[0m[32m1[0m[37m)[0m[37m)[0m [37m)[0m [94mAND[0m [37m([0m [37m"User"[0m[37m.[0m[37m"deletedAt"[0m [94mIS NULL[0m [37m)[0m [94mLIMIT[0m [32m1[0m [90m-- PARAMETERS: ["admin@teddy.com"][0m
Ô£ô Admin user already exists
[90m[4mquery:[24m[39m [94mSELECT[0m [37m"User"[0m[37m.[0m[37m"id"[0m [94mAS[0m [37m"User_id"[0m[37m,[0m [37m"User"[0m[37m.[0m[37m"email"[0m [94mAS[0m [37m"User_email"[0m[37m,[0m [37m"User"[0m[37m.[0m[37m"password"[0m [94mAS[0m [37m"User_password"[0m[37m,[0m [37m"User"[0m[37m.[0m[37m"status"[0m [94mAS[0m [37m"User_status"[0m[37m,[0m [37m"User"[0m[37m.[0m[37m"refreshTokenHash"[0m [94mAS[0m [37m"User_refreshTokenHash"[0m[37m,[0m [37m"User"[0m[37m.[0m[37m"refreshTokenExpires"[0m [94mAS[0m [37m"User_refreshTokenExpires"[0m[37m,[0m [37m"User"[0m[37m.[0m[37m"recoveryTokenHash"[0m [94mAS[0m [37m"User_recoveryTokenHash"[0m[37m,[0m [37m"User"[0m[37m.[0m[37m"recoveryTokenExpires"[0m [94mAS[0m [37m"User_recoveryTokenExpires"[0m[37m,[0m [37m"User"[0m[37m.[0m[37m"createdAt"[0m [94mAS[0m [37m"User_createdAt"[0m[37m,[0m [37m"User"[0m[37m.[0m[37m"updatedAt"[0m [94mAS[0m [37m"User_updatedAt"[0m[37m,[0m [37m"User"[0m[37m.[0m[37m"deletedAt"[0m [94mAS[0m [37m"User_deletedAt"[0m[37m,[0m [37m"User"[0m[37m.[0m[37m"accessCount"[0m [94mAS[0m [37m"User_accessCount"[0m [94mFROM[0m [37m"users"[0m [37m"User"[0m [94mWHERE[0m [37m([0m [37m([0m[37m([0m[37m"User"[0m[37m.[0m[37m"email"[0m [37m=[0m [37m$[0m[32m1[0m[37m)[0m[37m)[0m [37m)[0m [94mAND[0m [37m([0m [37m"User"[0m[37m.[0m[37m"deletedAt"[0m [94mIS NULL[0m [37m)[0m [94mLIMIT[0m [32m1[0m [90m-- PARAMETERS: ["admin@teddy.com"][0m
[90m[4mquery:[24m[39m [94mSELECT[0m [95mCOUNT[0m[37m([0m[32m1[0m[37m)[0m [94mAS[0m [37m"cnt"[0m [94mFROM[0m [37m"customers"[0m [37m"Customer"[0m [94mWHERE[0m [37m([0m [37m([0m[37m([0m[37m"Customer"[0m[37m.[0m[37m"userId"[0m [37m=[0m [37m$[0m[32m1[0m[37m)[0m[37m)[0m [37m)[0m [94mAND[0m [37m([0m [37m"Customer"[0m[37m.[0m[37m"deletedAt"[0m [94mIS NULL[0m [37m)[0m [90m-- PARAMETERS: ["56687d17-70a5-4b71-8791-0ebca642404b"][0m
Ô£ô Customers already exist (29 found)
­ƒòÉ 2026-01-21 22:17:00.313 -0300 Ôä╣´©Å  INFO: [36mNest application successfully started[39m
    [35mcontext[39m: "NestApplication"
Ô£à [MAIN] app.listen completo
­ƒòÉ 2026-01-21 22:17:00.316 -0300 Ôä╣´©Å  INFO: [36m­ƒÜÇ Application is running on: http://localhost:3000/api[39m
    [35mcontext[39m: "Bootstrap"
­ƒòÉ 2026-01-21 22:17:00.317 -0300 Ôä╣´©Å  INFO: [36m­ƒôÜ Swagger documentation: http://localhost:3000/docs[39m
    [35mcontext[39m: "Bootstrap"
­ƒòÉ 2026-01-21 22:17:02.931 -0300 ­ƒöº DEBUG: [36m­ƒöô Rota p├║blica - autentica├º├úo dispensada[39m
    [35mcontext[39m: "JwtAuthGuard"
[90m[4mquery:[24m[39m [94mSELECT[0m [37m"User"[0m[37m.[0m[37m"id"[0m [94mAS[0m [37m"User_id"[0m[37m,[0m [37m"User"[0m[37m.[0m[37m"email"[0m [94mAS[0m [37m"User_email"[0m[37m,[0m [37m"User"[0m[37m.[0m[37m"password"[0m [94mAS[0m [37m"User_password"[0m[37m,[0m [37m"User"[0m[37m.[0m[37m"status"[0m [94mAS[0m [37m"User_status"[0m[37m,[0m [37m"User"[0m[37m.[0m[37m"refreshTokenHash"[0m [94mAS[0m [37m"User_refreshTokenHash"[0m[37m,[0m [37m"User"[0m[37m.[0m[37m"refreshTokenExpires"[0m [94mAS[0m [37m"User_refreshTokenExpires"[0m[37m,[0m [37m"User"[0m[37m.[0m[37m"recoveryTokenHash"[0m [94mAS[0m [37m"User_recoveryTokenHash"[0m[37m,[0m [37m"User"[0m[37m.[0m[37m"recoveryTokenExpires"[0m [94mAS[0m [37m"User_recoveryTokenExpires"[0m[37m,[0m [37m"User"[0m[37m.[0m[37m"createdAt"[0m [94mAS[0m [37m"User_createdAt"[0m[37m,[0m [37m"User"[0m[37m.[0m[37m"updatedAt"[0m [94mAS[0m [37m"User_updatedAt"[0m[37m,[0m [37m"User"[0m[37m.[0m[37m"deletedAt"[0m [94mAS[0m [37m"User_deletedAt"[0m[37m,[0m [37m"User"[0m[37m.[0m[37m"accessCount"[0m [94mAS[0m [37m"User_accessCount"[0m [94mFROM[0m [37m"users"[0m [37m"User"[0m [94mWHERE[0m [37m([0m [37m([0m[37m([0m[37m"User"[0m[37m.[0m[37m"email"[0m [37m=[0m [37m$[0m[32m1[0m[37m)[0m [94mAND[0m [37m([0m[37m"User"[0m[37m.[0m[37m"deletedAt"[0m [94mIS NULL[0m[37m)[0m[37m)[0m [37m)[0m [94mAND[0m [37m([0m [37m"User"[0m[37m.[0m[37m"deletedAt"[0m [94mIS NULL[0m [37m)[0m [94mLIMIT[0m [32m1[0m [90m-- PARAMETERS: ["audit-test-1769044622838@example.com"][0m
­ƒòÉ 2026-01-21 22:17:02.949 -0300 ­ƒöº DEBUG: [36m­ƒöô Rota p├║blica - autentica├º├úo dispensada[39m
    [35mcontext[39m: "JwtAuthGuard"
[90m[4mquery:[24m[39m [37mSTART[0m [37mTRANSACTION[0m
­ƒòÉ 2026-01-21 22:17:02.954 -0300 Ôä╣´©Å  INFO: [36m­ƒôØ Criando usu├írio: audit-test-1769044622838@example.com[39m
    [35mcontext[39m: "CreateUserUseCase"
 PASS   backend-e2e  apps/backend-e2e/src/backend/backend.spec.ts
[90m[4mquery:[24m[39m [94mINSERT INTO[0m [37m"users"[0m[37m([0m[37m"id"[0m[37m,[0m [37m"email"[0m[37m,[0m [37m"password"[0m[37m,[0m [37m"status"[0m[37m,[0m [37m"refreshTokenHash"[0m[37m,[0m [37m"refreshTokenExpires"[0m[37m,[0m [37m"recoveryTokenHash"[0m[37m,[0m [37m"recoveryTokenExpires"[0m[37m,[0m [37m"createdAt"[0m[37m,[0m [37m"updatedAt"[0m[37m,[0m [37m"deletedAt"[0m[37m,[0m [37m"accessCount"[0m[37m)[0m [94mVALUES[0m [37m([0m[94mDEFAULT[0m[37m,[0m [37m$[0m[32m1[0m[37m,[0m [37m$[0m[32m2[0m[37m,[0m [37m$[0m[32m3[0m[37m,[0m [94mDEFAULT[0m[37m,[0m [94mDEFAULT[0m[37m,[0m [94mDEFAULT[0m[37m,[0m [94mDEFAULT[0m[37m,[0m [94mDEFAULT[0m[37m,[0m [94mDEFAULT[0m[37m,[0m [94mDEFAULT[0m[37m,[0m [37m$[0m[32m4[0m[37m)[0m [94mRETURNING[0m [37m"id"[0m[37m,[0m [37m"status"[0m[37m,[0m [37m"createdAt"[0m[37m,[0m [37m"updatedAt"[0m[37m,[0m [37m"deletedAt"[0m[37m,[0m [37m"accessCount"[0m [90m-- PARAMETERS: ["audit-test-1769044622838@example.com","6faba6e4ed724c5b54fad19eca98923e2198cdbba78db5e74672c83217fb33a6","ACTIVE",0][0m
[90m[4mquery:[24m[39m [94mCOMMIT[0m
­ƒòÉ 2026-01-21 22:17:02.974 -0300 Ôä╣´©Å  INFO: [36mÔ£à Usu├írio criado com sucesso: 1bdd8d2e-365a-46c2-ad5a-8586fcf18b78[39m
    [35mcontext[39m: "CreateUserUseCase"
[90m[4mquery:[24m[39m [37mSTART[0m [37mTRANSACTION[0m
­ƒòÉ 2026-01-21 22:17:02.975 -0300 ­ƒöº DEBUG: [36m­ƒôØ Registrando auditoria: User.CREATE para usu├írio 1bdd8d2e-365a-46c2-ad5a-8586fcf18b78[39m
    [35mcontext[39m: "LogAuditUseCase"
[90m[4mquery:[24m[39m [94mINSERT INTO[0m [37m"audit_logs"[0m[37m([0m[37m"id"[0m[37m,[0m [37m"userId"[0m[37m,[0m [37m"userEmail"[0m[37m,[0m [37m"action"[0m[37m,[0m [37m"entityType"[0m[37m,[0m [37m"entityId"[0m[37m,[0m [37m"oldValues"[0m[37m,[0m [37m"newValues"[0m[37m,[0m [37m"changes"[0m[37m,[0m [37m"ipAddress"[0m[37m,[0m [37m"userAgent"[0m[37m,[0m [37m"endpoint"[0m[37m,[0m [37m"httpMethod"[0m[37m,[0m [37m"status"[0m[37m,[0m [37m"errorMessage"[0m[37m,[0m [37m"createdAt"[0m[37m,[0m [37m"deletedAt"[0m[37m)[0m [94mVALUES[0m [37m([0m[94mDEFAULT[0m[37m,[0m [37m$[0m[32m1[0m[37m,[0m [37m$[0m[32m2[0m[37m,[0m [37m$[0m[32m3[0m[37m,[0m [37m$[0m[32m4[0m[37m,[0m [37m$[0m[32m5[0m[37m,[0m [37m$[0m[32m6[0m[37m,[0m [37m$[0m[32m7[0m[37m,[0m [37m$[0m[32m8[0m[37m,[0m [37m$[0m[32m9[0m[37m,[0m [37m$[0m[32m10[0m[37m,[0m [37m$[0m[32m11[0m[37m,[0m [37m$[0m[32m12[0m[37m,[0m [37m$[0m[32m13[0m[37m,[0m [37m$[0m[32m14[0m[37m,[0m [94mDEFAULT[0m[37m,[0m [37m$[0m[32m15[0m[37m)[0m [94mRETURNING[0m [37m"id"[0m[37m,[0m [37m"createdAt"[0m[37m,[0m [37m"deletedAt"[0m [90m-- PARAMETERS: ["1bdd8d2e-365a-46c2-ad5a-8586fcf18b78","audit-test-1769044622838@example.com","CREATE","User","1bdd8d2e-365a-46c2-ad5a-8586fcf18b78",null,"{\"email\":\"audit-test-1769044622838@example.com\",\"password\":\"6faba6e4ed724c5b54fad19eca98923e2198cdbba78db5e74672c83217fb33a6\",\"status\":\"ACTIVE\",\"accessCount\":0,\"refreshTokenHash\":null,\"refreshTokenExpires\":null,\"recoveryTokenHash\":null,\"recoveryTokenExpires\":null,\"id\":\"1bdd8d2e-365a-46c2-ad5a-8586fcf18b78\",\"createdAt\":\"2026-01-22T04:17:03.392Z\",\"updatedAt\":\"2026-01-22T04:17:03.392Z\",\"deletedAt\":null}",null,null,null,"/api/v1/users","POST","201",null,null][0m
[90m[4mquery:[24m[39m [94mSELECT[0m [37m"User"[0m[37m.[0m[37m"id"[0m [94mAS[0m [37m"User_id"[0m[37m,[0m [37m"User"[0m[37m.[0m[37m"email"[0m [94mAS[0m [37m"User_email"[0m[37m,[0m [37m"User"[0m[37m.[0m[37m"password"[0m [94mAS[0m [37m"User_password"[0m[37m,[0m [37m"User"[0m[37m.[0m[37m"status"[0m [94mAS[0m [37m"User_status"[0m[37m,[0m [37m"User"[0m[37m.[0m[37m"refreshTokenHash"[0m [94mAS[0m [37m"User_refreshTokenHash"[0m[37m,[0m [37m"User"[0m[37m.[0m[37m"refreshTokenExpires"[0m [94mAS[0m [37m"User_refreshTokenExpires"[0m[37m,[0m [37m"User"[0m[37m.[0m[37m"recoveryTokenHash"[0m [94mAS[0m [37m"User_recoveryTokenHash"[0m[37m,[0m [37m"User"[0m[37m.[0m[37m"recoveryTokenExpires"[0m [94mAS[0m [37m"User_recoveryTokenExpires"[0m[37m,[0m [37m"User"[0m[37m.[0m[37m"createdAt"[0m [94mAS[0m [37m"User_createdAt"[0m[37m,[0m [37m"User"[0m[37m.[0m[37m"updatedAt"[0m [94mAS[0m [37m"User_updatedAt"[0m[37m,[0m [37m"User"[0m[37m.[0m[37m"deletedAt"[0m [94mAS[0m [37m"User_deletedAt"[0m[37m,[0m [37m"User"[0m[37m.[0m[37m"accessCount"[0m [94mAS[0m [37m"User_accessCount"[0m [94mFROM[0m [37m"users"[0m [37m"User"[0m [94mWHERE[0m [37m([0m [37m([0m[37m([0m[37m"User"[0m[37m.[0m[37m"email"[0m [37m=[0m [37m$[0m[32m1[0m[37m)[0m [94mAND[0m [37m([0m[37m"User"[0m[37m.[0m[37m"deletedAt"[0m [94mIS NULL[0m[37m)[0m[37m)[0m [37m)[0m [94mAND[0m [37m([0m [37m"User"[0m[37m.[0m[37m"deletedAt"[0m [94mIS NULL[0m [37m)[0m [94mLIMIT[0m [32m1[0m [90m-- PARAMETERS: ["test-1769044622835@example.com"][0m
[90m[4mquery:[24m[39m [94mCOMMIT[0m
­ƒòÉ 2026-01-21 22:17:02.985 -0300 Ôä╣´©Å  INFO: [36m­ƒôØ Criando usu├írio: test-1769044622835@example.com[39m
    [35mcontext[39m: "CreateUserUseCase"
[90m[4mquery:[24m[39m [37mSTART[0m [37mTRANSACTION[0m
[90m[4mquery:[24m[39m [94mINSERT INTO[0m [37m"users"[0m[37m([0m[37m"id"[0m[37m,[0m [37m"email"[0m[37m,[0m [37m"password"[0m[37m,[0m [37m"status"[0m[37m,[0m [37m"refreshTokenHash"[0m[37m,[0m [37m"refreshTokenExpires"[0m[37m,[0m [37m"recoveryTokenHash"[0m[37m,[0m [37m"recoveryTokenExpires"[0m[37m,[0m [37m"createdAt"[0m[37m,[0m [37m"updatedAt"[0m[37m,[0m [37m"deletedAt"[0m[37m,[0m [37m"accessCount"[0m[37m)[0m [94mVALUES[0m [37m([0m[94mDEFAULT[0m[37m,[0m [37m$[0m[32m1[0m[37m,[0m [37m$[0m[32m2[0m[37m,[0m [37m$[0m[32m3[0m[37m,[0m [94mDEFAULT[0m[37m,[0m [94mDEFAULT[0m[37m,[0m [94mDEFAULT[0m[37m,[0m [94mDEFAULT[0m[37m,[0m [94mDEFAULT[0m[37m,[0m [94mDEFAULT[0m[37m,[0m [94mDEFAULT[0m[37m,[0m [37m$[0m[32m4[0m[37m)[0m [94mRETURNING[0m [37m"id"[0m[37m,[0m [37m"status"[0m[37m,[0m [37m"createdAt"[0m[37m,[0m [37m"updatedAt"[0m[37m,[0m [37m"deletedAt"[0m[37m,[0m [37m"accessCount"[0m [90m-- PARAMETERS: ["test-1769044622835@example.com","6faba6e4ed724c5b54fad19eca98923e2198cdbba78db5e74672c83217fb33a6","ACTIVE",0][0m
­ƒòÉ 2026-01-21 22:17:02.987 -0300 ­ƒöº DEBUG: [36mÔ£à Auditoria registrada: 69ebd42d-699f-4093-977c-38ea4768880c[39m
    [35mcontext[39m: "LogAuditUseCase"
[90m[4mquery:[24m[39m [94mCOMMIT[0m
­ƒòÉ 2026-01-21 22:17:02.994 -0300 Ôä╣´©Å  INFO: [36mÔ£à Usu├írio criado com sucesso: d54276e3-31e5-4495-a822-9e342a246f0b[39m
    [35mcontext[39m: "CreateUserUseCase"
[90m[4mquery:[24m[39m [37mSTART[0m [37mTRANSACTION[0m
­ƒòÉ 2026-01-21 22:17:02.994 -0300 ­ƒöº DEBUG: [36m­ƒôØ Registrando auditoria: User.CREATE para usu├írio d54276e3-31e5-4495-a822-9e342a246f0b[39m
    [35mcontext[39m: "LogAuditUseCase"
[90m[4mquery:[24m[39m [94mSELECT[0m [37m"User"[0m[37m.[0m[37m"id"[0m [94mAS[0m [37m"User_id"[0m[37m,[0m [37m"User"[0m[37m.[0m[37m"email"[0m [94mAS[0m [37m"User_email"[0m[37m,[0m [37m"User"[0m[37m.[0m[37m"password"[0m [94mAS[0m [37m"User_password"[0m[37m,[0m [37m"User"[0m[37m.[0m[37m"status"[0m [94mAS[0m [37m"User_status"[0m[37m,[0m [37m"User"[0m[37m.[0m[37m"refreshTokenHash"[0m [94mAS[0m [37m"User_refreshTokenHash"[0m[37m,[0m [37m"User"[0m[37m.[0m[37m"refreshTokenExpires"[0m [94mAS[0m [37m"User_refreshTokenExpires"[0m[37m,[0m [37m"User"[0m[37m.[0m[37m"recoveryTokenHash"[0m [94mAS[0m [37m"User_recoveryTokenHash"[0m[37m,[0m [37m"User"[0m[37m.[0m[37m"recoveryTokenExpires"[0m [94mAS[0m [37m"User_recoveryTokenExpires"[0m[37m,[0m [37m"User"[0m[37m.[0m[37m"createdAt"[0m [94mAS[0m [37m"User_createdAt"[0m[37m,[0m [37m"User"[0m[37m.[0m[37m"updatedAt"[0m [94mAS[0m [37m"User_updatedAt"[0m[37m,[0m [37m"User"[0m[37m.[0m[37m"deletedAt"[0m [94mAS[0m [37m"User_deletedAt"[0m[37m,[0m [37m"User"[0m[37m.[0m[37m"accessCount"[0m [94mAS[0m [37m"User_accessCount"[0m [94mFROM[0m [37m"users"[0m [37m"User"[0m [94mWHERE[0m [37m([0m [37m([0m[37m([0m[37m"User"[0m[37m.[0m[37m"email"[0m [37m=[0m [37m$[0m[32m1[0m[37m)[0m [94mAND[0m [37m([0m[37m"User"[0m[37m.[0m[37m"deletedAt"[0m [94mIS NULL[0m[37m)[0m[37m)[0m [37m)[0m [94mAND[0m [37m([0m [37m"User"[0m[37m.[0m[37m"deletedAt"[0m [94mIS NULL[0m [37m)[0m [94mLIMIT[0m [32m1[0m [90m-- PARAMETERS: ["audit-test-1769044622838@example.com"][0m
[90m[4mquery:[24m[39m [94mINSERT INTO[0m [37m"audit_logs"[0m[37m([0m[37m"id"[0m[37m,[0m [37m"userId"[0m[37m,[0m [37m"userEmail"[0m[37m,[0m [37m"action"[0m[37m,[0m [37m"entityType"[0m[37m,[0m [37m"entityId"[0m[37m,[0m [37m"oldValues"[0m[37m,[0m [37m"newValues"[0m[37m,[0m [37m"changes"[0m[37m,[0m [37m"ipAddress"[0m[37m,[0m [37m"userAgent"[0m[37m,[0m [37m"endpoint"[0m[37m,[0m [37m"httpMethod"[0m[37m,[0m [37m"status"[0m[37m,[0m [37m"errorMessage"[0m[37m,[0m [37m"createdAt"[0m[37m,[0m [37m"deletedAt"[0m[37m)[0m [94mVALUES[0m [37m([0m[94mDEFAULT[0m[37m,[0m [37m$[0m[32m1[0m[37m,[0m [37m$[0m[32m2[0m[37m,[0m [37m$[0m[32m3[0m[37m,[0m [37m$[0m[32m4[0m[37m,[0m [37m$[0m[32m5[0m[37m,[0m [37m$[0m[32m6[0m[37m,[0m [37m$[0m[32m7[0m[37m,[0m [37m$[0m[32m8[0m[37m,[0m [37m$[0m[32m9[0m[37m,[0m [37m$[0m[32m10[0m[37m,[0m [37m$[0m[32m11[0m[37m,[0m [37m$[0m[32m12[0m[37m,[0m [37m$[0m[32m13[0m[37m,[0m [37m$[0m[32m14[0m[37m,[0m [94mDEFAULT[0m[37m,[0m [37m$[0m[32m15[0m[37m)[0m [94mRETURNING[0m [37m"id"[0m[37m,[0m [37m"createdAt"[0m[37m,[0m [37m"deletedAt"[0m [90m-- PARAMETERS: ["d54276e3-31e5-4495-a822-9e342a246f0b","test-1769044622835@example.com","CREATE","User","d54276e3-31e5-4495-a822-9e342a246f0b",null,"{\"email\":\"test-1769044622835@example.com\",\"password\":\"6faba6e4ed724c5b54fad19eca98923e2198cdbba78db5e74672c83217fb33a6\",\"status\":\"ACTIVE\",\"accessCount\":0,\"refreshTokenHash\":null,\"refreshTokenExpires\":null,\"recoveryTokenHash\":null,\"recoveryTokenExpires\":null,\"id\":\"d54276e3-31e5-4495-a822-9e342a246f0b\",\"createdAt\":\"2026-01-22T04:17:03.418Z\",\"updatedAt\":\"2026-01-22T04:17:03.418Z\",\"deletedAt\":null}",null,null,null,"/api/v1/users","POST","201",null,null][0m
­ƒòÉ 2026-01-21 22:17:02.999 -0300 Ôä╣´©Å  INFO: [36mÔ£à Usu├írio autenticado: audit-test-1769044622838@example.com[39m
    [35mcontext[39m: "LocalUserStrategy"
[90m[4mquery:[24m[39m [94mSELECT[0m [37m"User"[0m[37m.[0m[37m"id"[0m [94mAS[0m [37m"User_id"[0m[37m,[0m [37m"User"[0m[37m.[0m[37m"email"[0m [94mAS[0m [37m"User_email"[0m[37m,[0m [37m"User"[0m[37m.[0m[37m"password"[0m [94mAS[0m [37m"User_password"[0m[37m,[0m [37m"User"[0m[37m.[0m[37m"status"[0m [94mAS[0m [37m"User_status"[0m[37m,[0m [37m"User"[0m[37m.[0m[37m"refreshTokenHash"[0m [94mAS[0m [37m"User_refreshTokenHash"[0m[37m,[0m [37m"User"[0m[37m.[0m[37m"refreshTokenExpires"[0m [94mAS[0m [37m"User_refreshTokenExpires"[0m[37m,[0m [37m"User"[0m[37m.[0m[37m"recoveryTokenHash"[0m [94mAS[0m [37m"User_recoveryTokenHash"[0m[37m,[0m [37m"User"[0m[37m.[0m[37m"recoveryTokenExpires"[0m [94mAS[0m [37m"User_recoveryTokenExpires"[0m[37m,[0m [37m"User"[0m[37m.[0m[37m"createdAt"[0m [94mAS[0m [37m"User_createdAt"[0m[37m,[0m [37m"User"[0m[37m.[0m[37m"updatedAt"[0m [94mAS[0m [37m"User_updatedAt"[0m[37m,[0m [37m"User"[0m[37m.[0m[37m"deletedAt"[0m [94mAS[0m [37m"User_deletedAt"[0m[37m,[0m [37m"User"[0m[37m.[0m[37m"accessCount"[0m [94mAS[0m [37m"User_accessCount"[0m [94mFROM[0m [37m"users"[0m [37m"User"[0m [94mWHERE[0m [37m([0m [37m([0m[37m([0m[37m"User"[0m[37m.[0m[37m"id"[0m [37m=[0m [37m$[0m[32m1[0m[37m)[0m [94mAND[0m [37m([0m[37m"User"[0m[37m.[0m[37m"deletedAt"[0m [94mIS NULL[0m[37m)[0m[37m)[0m [37m)[0m [94mAND[0m [37m([0m [37m"User"[0m[37m.[0m[37m"deletedAt"[0m [94mIS NULL[0m [37m)[0m [94mLIMIT[0m [32m1[0m [90m-- PARAMETERS: ["1bdd8d2e-365a-46c2-ad5a-8586fcf18b78"][0m
­ƒòÉ 2026-01-21 22:17:03.000 -0300 Ôä╣´©Å  INFO: [36mÔ£à Guard validado para: audit-test-1769044622838@example.com[39m
    [35mcontext[39m: "LocalUserAuthGuard"
­ƒòÉ 2026-01-21 22:17:03.002 -0300 Ôä╣´©Å  INFO: [36m­ƒöÉ Iniciando login para: audit-test-1769044622838@example.com[39m
    [35mcontext[39m: "LoginUseCase"
[90m[4mquery:[24m[39m [94mCOMMIT[0m
­ƒòÉ 2026-01-21 22:17:03.010 -0300 Ôä╣´©Å  INFO: [36mÔ£à Access Token gerado com TTL 3600s: audit-test-1769044622838@example.com[39m
    [35mcontext[39m: "LoginUseCase"
[90m[4mquery:[24m[39m [94mUPDATE[0m [37m"users"[0m [94mSET[0m [37m"id"[0m [37m=[0m [37m$[0m[32m1[0m[37m,[0m [37m"email"[0m [37m=[0m [37m$[0m[32m2[0m[37m,[0m [37m"password"[0m [37m=[0m [37m$[0m[32m3[0m[37m,[0m [37m"status"[0m [37m=[0m [37m$[0m[32m4[0m[37m,[0m [37m"refreshTokenHash"[0m [37m=[0m [37m$[0m[32m5[0m[37m,[0m [37m"refreshTokenExpires"[0m [37m=[0m [37m$[0m[32m6[0m[37m,[0m [37m"recoveryTokenHash"[0m [37m=[0m [37m$[0m[32m7[0m[37m,[0m [37m"recoveryTokenExpires"[0m [37m=[0m [37m$[0m[32m8[0m[37m,[0m [37m"createdAt"[0m [37m=[0m [37m$[0m[32m9[0m[37m,[0m [37m"updatedAt"[0m [37m=[0m [37m$[0m[32m10[0m[37m,[0m [37m"deletedAt"[0m [37m=[0m [37m$[0m[32m11[0m[37m,[0m [37m"accessCount"[0m [37m=[0m [37m$[0m[32m12[0m [94mWHERE[0m [37m"id"[0m [94mIN[0m [37m([0m[37m$[0m[32m13[0m[37m)[0m [90m-- PARAMETERS: ["1bdd8d2e-365a-46c2-ad5a-8586fcf18b78","audit-test-1769044622838@example.com","6faba6e4ed724c5b54fad19eca98923e2198cdbba78db5e74672c83217fb33a6","ACTIVE","85bf93c1f4f346366b9552bf5d39538f92afca23fdb7cd93ea73543c7c93d33e","2026-01-29T01:17:03.012Z",null,null,"2026-01-22T04:17:03.392Z","2026-01-22T01:17:03.012Z",null,1,"1bdd8d2e-365a-46c2-ad5a-8586fcf18b78"][0m
­ƒòÉ 2026-01-21 22:17:03.011 -0300 Ôä╣´©Å  INFO: [36mÔ£à Refresh Token gerado com TTL 604800s: audit-test-1769044622838@example.com[39m
    [35mcontext[39m: "LoginUseCase"
­ƒòÉ 2026-01-21 22:17:03.016 -0300 ­ƒöº DEBUG: [36mÔ£à Auditoria registrada: 5a4e0d6b-6c70-44a4-b624-3cd32455ce47[39m
    [35mcontext[39m: "LogAuditUseCase"
[90m[4mquery:[24m[39m [94mSELECT[0m [37m"User"[0m[37m.[0m[37m"id"[0m [94mAS[0m [37m"User_id"[0m[37m,[0m [37m"User"[0m[37m.[0m[37m"email"[0m [94mAS[0m [37m"User_email"[0m[37m,[0m [37m"User"[0m[37m.[0m[37m"password"[0m [94mAS[0m [37m"User_password"[0m[37m,[0m [37m"User"[0m[37m.[0m[37m"status"[0m [94mAS[0m [37m"User_status"[0m[37m,[0m [37m"User"[0m[37m.[0m[37m"refreshTokenHash"[0m [94mAS[0m [37m"User_refreshTokenHash"[0m[37m,[0m [37m"User"[0m[37m.[0m[37m"refreshTokenExpires"[0m [94mAS[0m [37m"User_refreshTokenExpires"[0m[37m,[0m [37m"User"[0m[37m.[0m[37m"recoveryTokenHash"[0m [94mAS[0m [37m"User_recoveryTokenHash"[0m[37m,[0m [37m"User"[0m[37m.[0m[37m"recoveryTokenExpires"[0m [94mAS[0m [37m"User_recoveryTokenExpires"[0m[37m,[0m [37m"User"[0m[37m.[0m[37m"createdAt"[0m [94mAS[0m [37m"User_createdAt"[0m[37m,[0m [37m"User"[0m[37m.[0m[37m"updatedAt"[0m [94mAS[0m [37m"User_updatedAt"[0m[37m,[0m [37m"User"[0m[37m.[0m[37m"deletedAt"[0m [94mAS[0m [37m"User_deletedAt"[0m[37m,[0m [37m"User"[0m[37m.[0m[37m"accessCount"[0m [94mAS[0m [37m"User_accessCount"[0m [94mFROM[0m [37m"users"[0m [37m"User"[0m [94mWHERE[0m [37m([0m [37m([0m[37m([0m[37m"User"[0m[37m.[0m[37m"id"[0m [37m=[0m [37m$[0m[32m1[0m[37m)[0m [94mAND[0m [37m([0m[37m"User"[0m[37m.[0m[37m"deletedAt"[0m [94mIS NULL[0m[37m)[0m[37m)[0m [37m)[0m [94mAND[0m [37m([0m [37m"User"[0m[37m.[0m[37m"deletedAt"[0m [94mIS NULL[0m [37m)[0m [94mLIMIT[0m [32m1[0m [90m-- PARAMETERS: ["1bdd8d2e-365a-46c2-ad5a-8586fcf18b78"][0m
[90m[4mquery:[24m[39m [94mUPDATE[0m [37m"users"[0m [94mSET[0m [37m"accessCount"[0m [37m=[0m [37m"accessCount"[0m [37m+[0m [32m1[0m[37m,[0m [37m"updatedAt"[0m [37m=[0m [37mCURRENT_TIMESTAMP[0m [94mWHERE[0m [37m"id"[0m [37m=[0m [37m$[0m[32m1[0m [90m-- PARAMETERS: ["1bdd8d2e-365a-46c2-ad5a-8586fcf18b78"][0m
­ƒòÉ 2026-01-21 22:17:03.029 -0300 ­ƒöº DEBUG: [36m­ƒöô Rota p├║blica - autentica├º├úo dispensada[39m
    [35mcontext[39m: "JwtAuthGuard"
[90m[4mquery:[24m[39m [94mSELECT[0m [37m"User"[0m[37m.[0m[37m"id"[0m [94mAS[0m [37m"User_id"[0m[37m,[0m [37m"User"[0m[37m.[0m[37m"email"[0m [94mAS[0m [37m"User_email"[0m[37m,[0m [37m"User"[0m[37m.[0m[37m"password"[0m [94mAS[0m [37m"User_password"[0m[37m,[0m [37m"User"[0m[37m.[0m[37m"status"[0m [94mAS[0m [37m"User_status"[0m[37m,[0m [37m"User"[0m[37m.[0m[37m"refreshTokenHash"[0m [94mAS[0m [37m"User_refreshTokenHash"[0m[37m,[0m [37m"User"[0m[37m.[0m[37m"refreshTokenExpires"[0m [94mAS[0m [37m"User_refreshTokenExpires"[0m[37m,[0m [37m"User"[0m[37m.[0m[37m"recoveryTokenHash"[0m [94mAS[0m [37m"User_recoveryTokenHash"[0m[37m,[0m [37m"User"[0m[37m.[0m[37m"recoveryTokenExpires"[0m [94mAS[0m [37m"User_recoveryTokenExpires"[0m[37m,[0m [37m"User"[0m[37m.[0m[37m"createdAt"[0m [94mAS[0m [37m"User_createdAt"[0m[37m,[0m [37m"User"[0m[37m.[0m[37m"updatedAt"[0m [94mAS[0m [37m"User_updatedAt"[0m[37m,[0m [37m"User"[0m[37m.[0m[37m"deletedAt"[0m [94mAS[0m [37m"User_deletedAt"[0m[37m,[0m [37m"User"[0m[37m.[0m[37m"accessCount"[0m [94mAS[0m [37m"User_accessCount"[0m [94mFROM[0m [37m"users"[0m [37m"User"[0m [94mWHERE[0m [37m([0m [37m([0m[37m([0m[37m"User"[0m[37m.[0m[37m"email"[0m [37m=[0m [37m$[0m[32m1[0m[37m)[0m [94mAND[0m [37m([0m[37m"User"[0m[37m.[0m[37m"deletedAt"[0m [94mIS NULL[0m[37m)[0m[37m)[0m [37m)[0m [94mAND[0m [37m([0m [37m"User"[0m[37m.[0m[37m"deletedAt"[0m [94mIS NULL[0m [37m)[0m [94mLIMIT[0m [32m1[0m [90m-- PARAMETERS: ["test-1769044623025@example.com"][0m
[90m[4mquery:[24m[39m [37mSTART[0m [37mTRANSACTION[0m
­ƒòÉ 2026-01-21 22:17:03.031 -0300 Ôä╣´©Å  INFO: [36mÔ£à Refresh token hash e contador de acessos atualizados no BD: audit-test-1769044622838@example.com[39m
    [35mcontext[39m: "LoginUseCase"
­ƒòÉ 2026-01-21 22:17:03.031 -0300 Ôä╣´©Å  INFO: [36m­ƒì¬ Setando cookie Authentication com expira├º├úo: Thu Jan 22 2026 07:37:00 GMT-0300 (Hor├írio Padr├úo de Bras├¡lia)[39m
    [35mcontext[39m: "LoginUseCase"
­ƒòÉ 2026-01-21 22:17:03.032 -0300 Ôä╣´©Å  INFO: [36m­ƒì¬ Setando cookie RefreshToken com expira├º├úo: Wed Jan 28 2026 22:17:03 GMT-0300 (Hor├írio Padr├úo de Bras├¡lia)[39m
    [35mcontext[39m: "LoginUseCase"
­ƒòÉ 2026-01-21 22:17:03.032 -0300 Ôä╣´©Å  INFO: [36mÔ£à Cookies httpOnly setados: audit-test-1769044622838@example.com[39m
    [35mcontext[39m: "LoginUseCase"
­ƒòÉ 2026-01-21 22:17:03.033 -0300 ­ƒöº DEBUG: [36m­ƒôØ Registrando auditoria: User.LOGIN para usu├írio 1bdd8d2e-365a-46c2-ad5a-8586fcf18b78[39m
    [35mcontext[39m: "LogAuditUseCase"
[90m[4mquery:[24m[39m [37mSTART[0m [37mTRANSACTION[0m
­ƒòÉ 2026-01-21 22:17:03.034 -0300 Ôä╣´©Å  INFO: [36m­ƒôØ Criando usu├írio: test-1769044623025@example.com[39m
    [35mcontext[39m: "CreateUserUseCase"
[90m[4mquery:[24m[39m [94mINSERT INTO[0m [37m"audit_logs"[0m[37m([0m[37m"id"[0m[37m,[0m [37m"userId"[0m[37m,[0m [37m"userEmail"[0m[37m,[0m [37m"action"[0m[37m,[0m [37m"entityType"[0m[37m,[0m [37m"entityId"[0m[37m,[0m [37m"oldValues"[0m[37m,[0m [37m"newValues"[0m[37m,[0m [37m"changes"[0m[37m,[0m [37m"ipAddress"[0m[37m,[0m [37m"userAgent"[0m[37m,[0m [37m"endpoint"[0m[37m,[0m [37m"httpMethod"[0m[37m,[0m [37m"status"[0m[37m,[0m [37m"errorMessage"[0m[37m,[0m [37m"createdAt"[0m[37m,[0m [37m"deletedAt"[0m[37m)[0m [94mVALUES[0m [37m([0m[94mDEFAULT[0m[37m,[0m [37m$[0m[32m1[0m[37m,[0m [37m$[0m[32m2[0m[37m,[0m [37m$[0m[32m3[0m[37m,[0m [37m$[0m[32m4[0m[37m,[0m [37m$[0m[32m5[0m[37m,[0m [37m$[0m[32m6[0m[37m,[0m [37m$[0m[32m7[0m[37m,[0m [37m$[0m[32m8[0m[37m,[0m [37m$[0m[32m9[0m[37m,[0m [37m$[0m[32m10[0m[37m,[0m [37m$[0m[32m11[0m[37m,[0m [37m$[0m[32m12[0m[37m,[0m [37m$[0m[32m13[0m[37m,[0m [37m$[0m[32m14[0m[37m,[0m [94mDEFAULT[0m[37m,[0m [37m$[0m[32m15[0m[37m)[0m [94mRETURNING[0m [37m"id"[0m[37m,[0m [37m"createdAt"[0m[37m,[0m [37m"deletedAt"[0m [90m-- PARAMETERS: ["1bdd8d2e-365a-46c2-ad5a-8586fcf18b78","audit-test-1769044622838@example.com","LOGIN","User","1bdd8d2e-365a-46c2-ad5a-8586fcf18b78",null,"{\"email\":\"audit-test-1769044622838@example.com\",\"accessCount\":1}",null,"unknown","unknown","/api/auth/login","POST","200",null,null][0m
[90m[4mquery:[24m[39m [94mINSERT INTO[0m [37m"users"[0m[37m([0m[37m"id"[0m[37m,[0m [37m"email"[0m[37m,[0m [37m"password"[0m[37m,[0m [37m"status"[0m[37m,[0m [37m"refreshTokenHash"[0m[37m,[0m [37m"refreshTokenExpires"[0m[37m,[0m [37m"recoveryTokenHash"[0m[37m,[0m [37m"recoveryTokenExpires"[0m[37m,[0m [37m"createdAt"[0m[37m,[0m [37m"updatedAt"[0m[37m,[0m [37m"deletedAt"[0m[37m,[0m [37m"accessCount"[0m[37m)[0m [94mVALUES[0m [37m([0m[94mDEFAULT[0m[37m,[0m [37m$[0m[32m1[0m[37m,[0m [37m$[0m[32m2[0m[37m,[0m [37m$[0m[32m3[0m[37m,[0m [94mDEFAULT[0m[37m,[0m [94mDEFAULT[0m[37m,[0m [94mDEFAULT[0m[37m,[0m [94mDEFAULT[0m[37m,[0m [94mDEFAULT[0m[37m,[0m [94mDEFAULT[0m[37m,[0m [94mDEFAULT[0m[37m,[0m [37m$[0m[32m4[0m[37m)[0m [94mRETURNING[0m [37m"id"[0m[37m,[0m [37m"status"[0m[37m,[0m [37m"createdAt"[0m[37m,[0m [37m"updatedAt"[0m[37m,[0m [37m"deletedAt"[0m[37m,[0m [37m"accessCount"[0m [90m-- PARAMETERS: ["test-1769044623025@example.com","6faba6e4ed724c5b54fad19eca98923e2198cdbba78db5e74672c83217fb33a6","ACTIVE",0][0m
[90m[4mquery:[24m[39m [94mCOMMIT[0m
[90m[4mquery:[24m[39m [94mCOMMIT[0m
­ƒòÉ 2026-01-21 22:17:03.043 -0300 ­ƒöº DEBUG: [36mÔ£à Auditoria registrada: 1c97404b-910c-4f97-8f33-70cd740cc485[39m
    [35mcontext[39m: "LogAuditUseCase"
­ƒòÉ 2026-01-21 22:17:03.043 -0300 Ôä╣´©Å  INFO: [36mÔ£à Auditoria de login registrada: audit-test-1769044622838@example.com[39m
    [35mcontext[39m: "LoginUseCase"
­ƒòÉ 2026-01-21 22:17:03.047 -0300 Ôä╣´©Å  INFO: [36mÔ£à Usu├írio criado com sucesso: d5e82afb-4be8-4aca-9765-f68f93b309ec[39m
    [35mcontext[39m: "CreateUserUseCase"
[90m[4mquery:[24m[39m [37mSTART[0m [37mTRANSACTION[0m
­ƒòÉ 2026-01-21 22:17:03.047 -0300 ­ƒöº DEBUG: [36m­ƒôØ Registrando auditoria: User.CREATE para usu├írio d5e82afb-4be8-4aca-9765-f68f93b309ec[39m
    [35mcontext[39m: "LogAuditUseCase"
[90m[4mquery:[24m[39m [94mINSERT INTO[0m [37m"audit_logs"[0m[37m([0m[37m"id"[0m[37m,[0m [37m"userId"[0m[37m,[0m [37m"userEmail"[0m[37m,[0m [37m"action"[0m[37m,[0m [37m"entityType"[0m[37m,[0m [37m"entityId"[0m[37m,[0m [37m"oldValues"[0m[37m,[0m [37m"newValues"[0m[37m,[0m [37m"changes"[0m[37m,[0m [37m"ipAddress"[0m[37m,[0m [37m"userAgent"[0m[37m,[0m [37m"endpoint"[0m[37m,[0m [37m"httpMethod"[0m[37m,[0m [37m"status"[0m[37m,[0m [37m"errorMessage"[0m[37m,[0m [37m"createdAt"[0m[37m,[0m [37m"deletedAt"[0m[37m)[0m [94mVALUES[0m [37m([0m[94mDEFAULT[0m[37m,[0m [37m$[0m[32m1[0m[37m,[0m [37m$[0m[32m2[0m[37m,[0m [37m$[0m[32m3[0m[37m,[0m [37m$[0m[32m4[0m[37m,[0m [37m$[0m[32m5[0m[37m,[0m [37m$[0m[32m6[0m[37m,[0m [37m$[0m[32m7[0m[37m,[0m [37m$[0m[32m8[0m[37m,[0m [37m$[0m[32m9[0m[37m,[0m [37m$[0m[32m10[0m[37m,[0m [37m$[0m[32m11[0m[37m,[0m [37m$[0m[32m12[0m[37m,[0m [37m$[0m[32m13[0m[37m,[0m [37m$[0m[32m14[0m[37m,[0m [94mDEFAULT[0m[37m,[0m [37m$[0m[32m15[0m[37m)[0m [94mRETURNING[0m [37m"id"[0m[37m,[0m [37m"createdAt"[0m[37m,[0m [37m"deletedAt"[0m [90m-- PARAMETERS: ["d5e82afb-4be8-4aca-9765-f68f93b309ec","test-1769044623025@example.com","CREATE","User","d5e82afb-4be8-4aca-9765-f68f93b309ec",null,"{\"email\":\"test-1769044623025@example.com\",\"password\":\"6faba6e4ed724c5b54fad19eca98923e2198cdbba78db5e74672c83217fb33a6\",\"status\":\"ACTIVE\",\"accessCount\":0,\"refreshTokenHash\":null,\"refreshTokenExpires\":null,\"recoveryTokenHash\":null,\"recoveryTokenExpires\":null,\"id\":\"d5e82afb-4be8-4aca-9765-f68f93b309ec\",\"createdAt\":\"2026-01-22T04:17:03.465Z\",\"updatedAt\":\"2026-01-22T04:17:03.465Z\",\"deletedAt\":null}",null,null,null,"/api/v1/users","POST","201",null,null][0m
[90m[4mquery:[24m[39m [94mCOMMIT[0m
­ƒòÉ 2026-01-21 22:17:03.053 -0300 ­ƒöº DEBUG: [36m­ƒöô Rota p├║blica - autentica├º├úo dispensada[39m
    [35mcontext[39m: "JwtAuthGuard"
[90m[4mquery:[24m[39m [94mSELECT[0m [37m"User"[0m[37m.[0m[37m"id"[0m [94mAS[0m [37m"User_id"[0m[37m,[0m [37m"User"[0m[37m.[0m[37m"email"[0m [94mAS[0m [37m"User_email"[0m[37m,[0m [37m"User"[0m[37m.[0m[37m"password"[0m [94mAS[0m [37m"User_password"[0m[37m,[0m [37m"User"[0m[37m.[0m[37m"status"[0m [94mAS[0m [37m"User_status"[0m[37m,[0m [37m"User"[0m[37m.[0m[37m"refreshTokenHash"[0m [94mAS[0m [37m"User_refreshTokenHash"[0m[37m,[0m [37m"User"[0m[37m.[0m[37m"refreshTokenExpires"[0m [94mAS[0m [37m"User_refreshTokenExpires"[0m[37m,[0m [37m"User"[0m[37m.[0m[37m"recoveryTokenHash"[0m [94mAS[0m [37m"User_recoveryTokenHash"[0m[37m,[0m [37m"User"[0m[37m.[0m[37m"recoveryTokenExpires"[0m [94mAS[0m [37m"User_recoveryTokenExpires"[0m[37m,[0m [37m"User"[0m[37m.[0m[37m"createdAt"[0m [94mAS[0m [37m"User_createdAt"[0m[37m,[0m [37m"User"[0m[37m.[0m[37m"updatedAt"[0m [94mAS[0m [37m"User_updatedAt"[0m[37m,[0m [37m"User"[0m[37m.[0m[37m"deletedAt"[0m [94mAS[0m [37m"User_deletedAt"[0m[37m,[0m [37m"User"[0m[37m.[0m[37m"accessCount"[0m [94mAS[0m [37m"User_accessCount"[0m [94mFROM[0m [37m"users"[0m [37m"User"[0m [94mWHERE[0m [37m([0m [37m([0m[37m([0m[37m"User"[0m[37m.[0m[37m"email"[0m [37m=[0m [37m$[0m[32m1[0m[37m)[0m [94mAND[0m [37m([0m[37m"User"[0m[37m.[0m[37m"deletedAt"[0m [94mIS NULL[0m[37m)[0m[37m)[0m [37m)[0m [94mAND[0m [37m([0m [37m"User"[0m[37m.[0m[37m"deletedAt"[0m [94mIS NULL[0m [37m)[0m [94mLIMIT[0m [32m1[0m [90m-- PARAMETERS: ["audit-create-user-1769044623051@example.com"][0m
­ƒòÉ 2026-01-21 22:17:03.055 -0300 ­ƒöº DEBUG: [36mÔ£à Auditoria registrada: 446b8861-1a6a-4611-99ef-3bdc11ff97fc[39m
    [35mcontext[39m: "LogAuditUseCase"
­ƒòÉ 2026-01-21 22:17:03.057 -0300 Ôä╣´©Å  INFO: [36m­ƒôØ Criando usu├írio: audit-create-user-1769044623051@example.com[39m
    [35mcontext[39m: "CreateUserUseCase"
[90m[4mquery:[24m[39m [37mSTART[0m [37mTRANSACTION[0m
[90m[4mquery:[24m[39m [94mINSERT INTO[0m [37m"users"[0m[37m([0m[37m"id"[0m[37m,[0m [37m"email"[0m[37m,[0m [37m"password"[0m[37m,[0m [37m"status"[0m[37m,[0m [37m"refreshTokenHash"[0m[37m,[0m [37m"refreshTokenExpires"[0m[37m,[0m [37m"recoveryTokenHash"[0m[37m,[0m [37m"recoveryTokenExpires"[0m[37m,[0m [37m"createdAt"[0m[37m,[0m [37m"updatedAt"[0m[37m,[0m [37m"deletedAt"[0m[37m,[0m [37m"accessCount"[0m[37m)[0m [94mVALUES[0m [37m([0m[94mDEFAULT[0m[37m,[0m [37m$[0m[32m1[0m[37m,[0m [37m$[0m[32m2[0m[37m,[0m [37m$[0m[32m3[0m[37m,[0m [94mDEFAULT[0m[37m,[0m [94mDEFAULT[0m[37m,[0m [94mDEFAULT[0m[37m,[0m [94mDEFAULT[0m[37m,[0m [94mDEFAULT[0m[37m,[0m [94mDEFAULT[0m[37m,[0m [94mDEFAULT[0m[37m,[0m [37m$[0m[32m4[0m[37m)[0m [94mRETURNING[0m [37m"id"[0m[37m,[0m [37m"status"[0m[37m,[0m [37m"createdAt"[0m[37m,[0m [37m"updatedAt"[0m[37m,[0m [37m"deletedAt"[0m[37m,[0m [37m"accessCount"[0m [90m-- PARAMETERS: ["audit-create-user-1769044623051@example.com","6faba6e4ed724c5b54fad19eca98923e2198cdbba78db5e74672c83217fb33a6","ACTIVE",0][0m
­ƒòÉ 2026-01-21 22:17:03.060 -0300 ­ƒöº DEBUG: [36m­ƒöô Rota p├║blica - autentica├º├úo dispensada[39m
    [35mcontext[39m: "JwtAuthGuard"
[90m[4mquery:[24m[39m [94mSELECT[0m [37m"User"[0m[37m.[0m[37m"id"[0m [94mAS[0m [37m"User_id"[0m[37m,[0m [37m"User"[0m[37m.[0m[37m"email"[0m [94mAS[0m [37m"User_email"[0m[37m,[0m [37m"User"[0m[37m.[0m[37m"password"[0m [94mAS[0m [37m"User_password"[0m[37m,[0m [37m"User"[0m[37m.[0m[37m"status"[0m [94mAS[0m [37m"User_status"[0m[37m,[0m [37m"User"[0m[37m.[0m[37m"refreshTokenHash"[0m [94mAS[0m [37m"User_refreshTokenHash"[0m[37m,[0m [37m"User"[0m[37m.[0m[37m"refreshTokenExpires"[0m [94mAS[0m [37m"User_refreshTokenExpires"[0m[37m,[0m [37m"User"[0m[37m.[0m[37m"recoveryTokenHash"[0m [94mAS[0m [37m"User_recoveryTokenHash"[0m[37m,[0m [37m"User"[0m[37m.[0m[37m"recoveryTokenExpires"[0m [94mAS[0m [37m"User_recoveryTokenExpires"[0m[37m,[0m [37m"User"[0m[37m.[0m[37m"createdAt"[0m [94mAS[0m [37m"User_createdAt"[0m[37m,[0m [37m"User"[0m[37m.[0m[37m"updatedAt"[0m [94mAS[0m [37m"User_updatedAt"[0m[37m,[0m [37m"User"[0m[37m.[0m[37m"deletedAt"[0m [94mAS[0m [37m"User_deletedAt"[0m[37m,[0m [37m"User"[0m[37m.[0m[37m"accessCount"[0m [94mAS[0m [37m"User_accessCount"[0m [94mFROM[0m [37m"users"[0m [37m"User"[0m [94mWHERE[0m [37m([0m [37m([0m[37m([0m[37m"User"[0m[37m.[0m[37m"email"[0m [37m=[0m [37m$[0m[32m1[0m[37m)[0m [94mAND[0m [37m([0m[37m"User"[0m[37m.[0m[37m"deletedAt"[0m [94mIS NULL[0m[37m)[0m[37m)[0m [37m)[0m [94mAND[0m [37m([0m [37m"User"[0m[37m.[0m[37m"deletedAt"[0m [94mIS NULL[0m [37m)[0m [94mLIMIT[0m [32m1[0m [90m-- PARAMETERS: ["test-1769044623025@example.com"][0m
[90m[4mquery:[24m[39m [94mCOMMIT[0m
­ƒòÉ 2026-01-21 22:17:03.062 -0300 ÔØî ERROR: [36mÔØî Erro ao criar usu├írio: Email j├í cadastrado[39m
    [35mcontext[39m: "CreateUserUseCase"
­ƒòÉ 2026-01-21 22:17:03.127 -0300 ÔÜá´©Å  WARN: [36m­ƒÄ» Business Exception: CONFLICT - Email j├í cadastrado[39m
    [35mcontext[39m: {
      "path": "/api/v1/users",
      "method": "POST",
      "statusCode": 409
    }
[90m[4mquery:[24m[39m [37mSTART[0m [37mTRANSACTION[0m
­ƒòÉ 2026-01-21 22:17:03.129 -0300 Ôä╣´©Å  INFO: [36mÔ£à Usu├írio criado com sucesso: 6e622831-5e3e-4b79-8200-ab02f2f71b4d[39m
    [35mcontext[39m: "CreateUserUseCase"
­ƒòÉ 2026-01-21 22:17:03.129 -0300 ­ƒöº DEBUG: [36m­ƒôØ Registrando auditoria: User.CREATE para usu├írio 6e622831-5e3e-4b79-8200-ab02f2f71b4d[39m
    [35mcontext[39m: "LogAuditUseCase"
[90m[4mquery:[24m[39m [94mINSERT INTO[0m [37m"audit_logs"[0m[37m([0m[37m"id"[0m[37m,[0m [37m"userId"[0m[37m,[0m [37m"userEmail"[0m[37m,[0m [37m"action"[0m[37m,[0m [37m"entityType"[0m[37m,[0m [37m"entityId"[0m[37m,[0m [37m"oldValues"[0m[37m,[0m [37m"newValues"[0m[37m,[0m [37m"changes"[0m[37m,[0m [37m"ipAddress"[0m[37m,[0m [37m"userAgent"[0m[37m,[0m [37m"endpoint"[0m[37m,[0m [37m"httpMethod"[0m[37m,[0m [37m"status"[0m[37m,[0m [37m"errorMessage"[0m[37m,[0m [37m"createdAt"[0m[37m,[0m [37m"deletedAt"[0m[37m)[0m [94mVALUES[0m [37m([0m[94mDEFAULT[0m[37m,[0m [37m$[0m[32m1[0m[37m,[0m [37m$[0m[32m2[0m[37m,[0m [37m$[0m[32m3[0m[37m,[0m [37m$[0m[32m4[0m[37m,[0m [37m$[0m[32m5[0m[37m,[0m [37m$[0m[32m6[0m[37m,[0m [37m$[0m[32m7[0m[37m,[0m [37m$[0m[32m8[0m[37m,[0m [37m$[0m[32m9[0m[37m,[0m [37m$[0m[32m10[0m[37m,[0m [37m$[0m[32m11[0m[37m,[0m [37m$[0m[32m12[0m[37m,[0m [37m$[0m[32m13[0m[37m,[0m [37m$[0m[32m14[0m[37m,[0m [94mDEFAULT[0m[37m,[0m [37m$[0m[32m15[0m[37m)[0m [94mRETURNING[0m [37m"id"[0m[37m,[0m [37m"createdAt"[0m[37m,[0m [37m"deletedAt"[0m [90m-- PARAMETERS: ["6e622831-5e3e-4b79-8200-ab02f2f71b4d","audit-create-user-1769044623051@example.com","CREATE","User","6e622831-5e3e-4b79-8200-ab02f2f71b4d",null,"{\"email\":\"audit-create-user-1769044623051@example.com\",\"password\":\"6faba6e4ed724c5b54fad19eca98923e2198cdbba78db5e74672c83217fb33a6\",\"status\":\"ACTIVE\",\"accessCount\":0,\"refreshTokenHash\":null,\"refreshTokenExpires\":null,\"recoveryTokenHash\":null,\"recoveryTokenExpires\":null,\"id\":\"6e622831-5e3e-4b79-8200-ab02f2f71b4d\",\"createdAt\":\"2026-01-22T04:17:03.486Z\",\"updatedAt\":\"2026-01-22T04:17:03.486Z\",\"deletedAt\":null}",null,null,null,"/api/v1/users","POST","201",null,null][0m
[90m[4mquery:[24m[39m [94mCOMMIT[0m
­ƒòÉ 2026-01-21 22:17:03.140 -0300 ­ƒöº DEBUG: [36mÔ£à Auditoria registrada: 363d0fc5-aef2-4df5-8493-4b469a654fb6[39m
    [35mcontext[39m: "LogAuditUseCase"
­ƒòÉ 2026-01-21 22:17:03.152 -0300 ­ƒöº DEBUG: [36mÔ£à JWT validado para: audit-test-1769044622838@example.com[39m
    [35mcontext[39m: "JwtStrategy"
[90m[4mquery:[24m[39m [37mSTART[0m [37mTRANSACTION[0m
­ƒòÉ 2026-01-21 22:17:03.152 -0300 ­ƒöº DEBUG: [36mÔ£à JWT v├ílido para usu├írio: audit-test-1769044622838@example.com[39m
    [35mcontext[39m: "JwtAuthGuard"
­ƒòÉ 2026-01-21 22:17:03.153 -0300 Ôä╣´©Å  INFO: [36m­ƒôØ Criando cliente para usu├írio: 1bdd8d2e-365a-46c2-ad5a-8586fcf18b78[39m
    [35mcontext[39m: "CustomerController"
[90m[4mquery:[24m[39m [94mINSERT INTO[0m [37m"customers"[0m[37m([0m[37m"id"[0m[37m,[0m [37m"userId"[0m[37m,[0m [37m"name"[0m[37m,[0m [37m"salary"[0m[37m,[0m [37m"company"[0m[37m,[0m [37m"status"[0m[37m,[0m [37m"createdAt"[0m[37m,[0m [37m"updatedAt"[0m[37m,[0m [37m"deletedAt"[0m[37m)[0m [94mVALUES[0m [37m([0m[94mDEFAULT[0m[37m,[0m [37m$[0m[32m1[0m[37m,[0m [37m$[0m[32m2[0m[37m,[0m [37m$[0m[32m3[0m[37m,[0m [37m$[0m[32m4[0m[37m,[0m [37m$[0m[32m5[0m[37m,[0m [94mDEFAULT[0m[37m,[0m [94mDEFAULT[0m[37m,[0m [37m$[0m[32m6[0m[37m)[0m [94mRETURNING[0m [37m"id"[0m[37m,[0m [37m"status"[0m[37m,[0m [37m"createdAt"[0m[37m,[0m [37m"updatedAt"[0m[37m,[0m [37m"deletedAt"[0m [90m-- PARAMETERS: ["1bdd8d2e-365a-46c2-ad5a-8586fcf18b78","Audit Test Customer",7500,null,"ACTIVE",null][0m
[90m[4mquery:[24m[39m [94mCOMMIT[0m
­ƒòÉ 2026-01-21 22:17:03.162 -0300 ­ƒöº DEBUG: [36m­ƒôØ Registrando auditoria: Customer.CREATE para usu├írio 1bdd8d2e-365a-46c2-ad5a-8586fcf18b78[39m
    [35mcontext[39m: "LogAuditUseCase"
[90m[4mquery:[24m[39m [37mSTART[0m [37mTRANSACTION[0m
[90m[4mquery:[24m[39m [94mINSERT INTO[0m [37m"audit_logs"[0m[37m([0m[37m"id"[0m[37m,[0m [37m"userId"[0m[37m,[0m [37m"userEmail"[0m[37m,[0m [37m"action"[0m[37m,[0m [37m"entityType"[0m[37m,[0m [37m"entityId"[0m[37m,[0m [37m"oldValues"[0m[37m,[0m [37m"newValues"[0m[37m,[0m [37m"changes"[0m[37m,[0m [37m"ipAddress"[0m[37m,[0m [37m"userAgent"[0m[37m,[0m [37m"endpoint"[0m[37m,[0m [37m"httpMethod"[0m[37m,[0m [37m"status"[0m[37m,[0m [37m"errorMessage"[0m[37m,[0m [37m"createdAt"[0m[37m,[0m [37m"deletedAt"[0m[37m)[0m [94mVALUES[0m [37m([0m[94mDEFAULT[0m[37m,[0m [37m$[0m[32m1[0m[37m,[0m [37m$[0m[32m2[0m[37m,[0m [37m$[0m[32m3[0m[37m,[0m [37m$[0m[32m4[0m[37m,[0m [37m$[0m[32m5[0m[37m,[0m [37m$[0m[32m6[0m[37m,[0m [37m$[0m[32m7[0m[37m,[0m [37m$[0m[32m8[0m[37m,[0m [37m$[0m[32m9[0m[37m,[0m [37m$[0m[32m10[0m[37m,[0m [37m$[0m[32m11[0m[37m,[0m [37m$[0m[32m12[0m[37m,[0m [37m$[0m[32m13[0m[37m,[0m [37m$[0m[32m14[0m[37m,[0m [94mDEFAULT[0m[37m,[0m [37m$[0m[32m15[0m[37m)[0m [94mRETURNING[0m [37m"id"[0m[37m,[0m [37m"createdAt"[0m[37m,[0m [37m"deletedAt"[0m [90m-- PARAMETERS: ["1bdd8d2e-365a-46c2-ad5a-8586fcf18b78","","CREATE","Customer","785eddf9-e195-4b90-82ba-0a3a4cb40f2e",null,"{\"name\":\"Audit Test Customer\",\"salary\":7500,\"company\":null,\"status\":\"ACTIVE\",\"deletedAt\":null,\"userId\":\"1bdd8d2e-365a-46c2-ad5a-8586fcf18b78\",\"id\":\"785eddf9-e195-4b90-82ba-0a3a4cb40f2e\",\"createdAt\":\"2026-01-22T04:17:03.578Z\",\"updatedAt\":\"2026-01-22T04:17:03.578Z\"}",null,null,null,"/api/customers","POST","201",null,null][0m
[90m[4mquery:[24m[39m [94mCOMMIT[0m
­ƒòÉ 2026-01-21 22:17:03.170 -0300 ­ƒöº DEBUG: [36mÔ£à Auditoria registrada: df6ea9bc-9b4b-4480-a52e-a2eb9d7472f8[39m
    [35mcontext[39m: "LogAuditUseCase"
­ƒòÉ 2026-01-21 22:17:03.176 -0300 ­ƒöº DEBUG: [36mÔ£à JWT validado para: audit-test-1769044622838@example.com[39m
    [35mcontext[39m: "JwtStrategy"
[90m[4mquery:[24m[39m [37mSTART[0m [37mTRANSACTION[0m
­ƒòÉ 2026-01-21 22:17:03.176 -0300 ­ƒöº DEBUG: [36mÔ£à JWT v├ílido para usu├írio: audit-test-1769044622838@example.com[39m
    [35mcontext[39m: "JwtAuthGuard"
­ƒòÉ 2026-01-21 22:17:03.177 -0300 Ôä╣´©Å  INFO: [36m­ƒôØ Criando cliente para usu├írio: 1bdd8d2e-365a-46c2-ad5a-8586fcf18b78[39m
    [35mcontext[39m: "CustomerController"
[90m[4mquery:[24m[39m [94mINSERT INTO[0m [37m"customers"[0m[37m([0m[37m"id"[0m[37m,[0m [37m"userId"[0m[37m,[0m [37m"name"[0m[37m,[0m [37m"salary"[0m[37m,[0m [37m"company"[0m[37m,[0m [37m"status"[0m[37m,[0m [37m"createdAt"[0m[37m,[0m [37m"updatedAt"[0m[37m,[0m [37m"deletedAt"[0m[37m)[0m [94mVALUES[0m [37m([0m[94mDEFAULT[0m[37m,[0m [37m$[0m[32m1[0m[37m,[0m [37m$[0m[32m2[0m[37m,[0m [37m$[0m[32m3[0m[37m,[0m [37m$[0m[32m4[0m[37m,[0m [37m$[0m[32m5[0m[37m,[0m [94mDEFAULT[0m[37m,[0m [94mDEFAULT[0m[37m,[0m [37m$[0m[32m6[0m[37m)[0m [94mRETURNING[0m [37m"id"[0m[37m,[0m [37m"status"[0m[37m,[0m [37m"createdAt"[0m[37m,[0m [37m"updatedAt"[0m[37m,[0m [37m"deletedAt"[0m [90m-- PARAMETERS: ["1bdd8d2e-365a-46c2-ad5a-8586fcf18b78","Customer 1",5000,null,"ACTIVE",null][0m
[90m[4mquery:[24m[39m [94mCOMMIT[0m
­ƒòÉ 2026-01-21 22:17:03.186 -0300 ­ƒöº DEBUG: [36m­ƒôØ Registrando auditoria: Customer.CREATE para usu├írio 1bdd8d2e-365a-46c2-ad5a-8586fcf18b78[39m
    [35mcontext[39m: "LogAuditUseCase"
[90m[4mquery:[24m[39m [37mSTART[0m [37mTRANSACTION[0m
[90m[4mquery:[24m[39m [94mINSERT INTO[0m [37m"audit_logs"[0m[37m([0m[37m"id"[0m[37m,[0m [37m"userId"[0m[37m,[0m [37m"userEmail"[0m[37m,[0m [37m"action"[0m[37m,[0m [37m"entityType"[0m[37m,[0m [37m"entityId"[0m[37m,[0m [37m"oldValues"[0m[37m,[0m [37m"newValues"[0m[37m,[0m [37m"changes"[0m[37m,[0m [37m"ipAddress"[0m[37m,[0m [37m"userAgent"[0m[37m,[0m [37m"endpoint"[0m[37m,[0m [37m"httpMethod"[0m[37m,[0m [37m"status"[0m[37m,[0m [37m"errorMessage"[0m[37m,[0m [37m"createdAt"[0m[37m,[0m [37m"deletedAt"[0m[37m)[0m [94mVALUES[0m [37m([0m[94mDEFAULT[0m[37m,[0m [37m$[0m[32m1[0m[37m,[0m [37m$[0m[32m2[0m[37m,[0m [37m$[0m[32m3[0m[37m,[0m [37m$[0m[32m4[0m[37m,[0m [37m$[0m[32m5[0m[37m,[0m [37m$[0m[32m6[0m[37m,[0m [37m$[0m[32m7[0m[37m,[0m [37m$[0m[32m8[0m[37m,[0m [37m$[0m[32m9[0m[37m,[0m [37m$[0m[32m10[0m[37m,[0m [37m$[0m[32m11[0m[37m,[0m [37m$[0m[32m12[0m[37m,[0m [37m$[0m[32m13[0m[37m,[0m [37m$[0m[32m14[0m[37m,[0m [94mDEFAULT[0m[37m,[0m [37m$[0m[32m15[0m[37m)[0m [94mRETURNING[0m [37m"id"[0m[37m,[0m [37m"createdAt"[0m[37m,[0m [37m"deletedAt"[0m [90m-- PARAMETERS: ["1bdd8d2e-365a-46c2-ad5a-8586fcf18b78","","CREATE","Customer","26d1b26d-1ae7-4a7b-a68a-666bad90211d",null,"{\"name\":\"Customer 1\",\"salary\":5000,\"company\":null,\"status\":\"ACTIVE\",\"deletedAt\":null,\"userId\":\"1bdd8d2e-365a-46c2-ad5a-8586fcf18b78\",\"id\":\"26d1b26d-1ae7-4a7b-a68a-666bad90211d\",\"createdAt\":\"2026-01-22T04:17:03.601Z\",\"updatedAt\":\"2026-01-22T04:17:03.601Z\"}",null,null,null,"/api/customers","POST","201",null,null][0m
[90m[4mquery:[24m[39m [94mCOMMIT[0m
­ƒòÉ 2026-01-21 22:17:03.195 -0300 ­ƒöº DEBUG: [36mÔ£à Auditoria registrada: 6331184b-2f4f-4e5b-8410-63aae31d261d[39m
    [35mcontext[39m: "LogAuditUseCase"
­ƒòÉ 2026-01-21 22:17:03.200 -0300 ­ƒöº DEBUG: [36mÔ£à JWT validado para: audit-test-1769044622838@example.com[39m
    [35mcontext[39m: "JwtStrategy"
[90m[4mquery:[24m[39m [37mSTART[0m [37mTRANSACTION[0m
­ƒòÉ 2026-01-21 22:17:03.200 -0300 ­ƒöº DEBUG: [36mÔ£à JWT v├ílido para usu├írio: audit-test-1769044622838@example.com[39m
    [35mcontext[39m: "JwtAuthGuard"
­ƒòÉ 2026-01-21 22:17:03.201 -0300 Ôä╣´©Å  INFO: [36m­ƒôØ Criando cliente para usu├írio: 1bdd8d2e-365a-46c2-ad5a-8586fcf18b78[39m
    [35mcontext[39m: "CustomerController"
[90m[4mquery:[24m[39m [94mINSERT INTO[0m [37m"customers"[0m[37m([0m[37m"id"[0m[37m,[0m [37m"userId"[0m[37m,[0m [37m"name"[0m[37m,[0m [37m"salary"[0m[37m,[0m [37m"company"[0m[37m,[0m [37m"status"[0m[37m,[0m [37m"createdAt"[0m[37m,[0m [37m"updatedAt"[0m[37m,[0m [37m"deletedAt"[0m[37m)[0m [94mVALUES[0m [37m([0m[94mDEFAULT[0m[37m,[0m [37m$[0m[32m1[0m[37m,[0m [37m$[0m[32m2[0m[37m,[0m [37m$[0m[32m3[0m[37m,[0m [37m$[0m[32m4[0m[37m,[0m [37m$[0m[32m5[0m[37m,[0m [94mDEFAULT[0m[37m,[0m [94mDEFAULT[0m[37m,[0m [37m$[0m[32m6[0m[37m)[0m [94mRETURNING[0m [37m"id"[0m[37m,[0m [37m"status"[0m[37m,[0m [37m"createdAt"[0m[37m,[0m [37m"updatedAt"[0m[37m,[0m [37m"deletedAt"[0m [90m-- PARAMETERS: ["1bdd8d2e-365a-46c2-ad5a-8586fcf18b78","Customer 2",6000,null,"ACTIVE",null][0m
­ƒòÉ 2026-01-21 22:17:03.204 -0300 ­ƒöº DEBUG: [36m­ƒöô Rota p├║blica - autentica├º├úo dispensada[39m
    [35mcontext[39m: "JwtAuthGuard"
[90m[4mquery:[24m[39m [94mSELECT[0m [37m"User"[0m[37m.[0m[37m"id"[0m [94mAS[0m [37m"User_id"[0m[37m,[0m [37m"User"[0m[37m.[0m[37m"email"[0m [94mAS[0m [37m"User_email"[0m[37m,[0m [37m"User"[0m[37m.[0m[37m"password"[0m [94mAS[0m [37m"User_password"[0m[37m,[0m [37m"User"[0m[37m.[0m[37m"status"[0m [94mAS[0m [37m"User_status"[0m[37m,[0m [37m"User"[0m[37m.[0m[37m"refreshTokenHash"[0m [94mAS[0m [37m"User_refreshTokenHash"[0m[37m,[0m [37m"User"[0m[37m.[0m[37m"refreshTokenExpires"[0m [94mAS[0m [37m"User_refreshTokenExpires"[0m[37m,[0m [37m"User"[0m[37m.[0m[37m"recoveryTokenHash"[0m [94mAS[0m [37m"User_recoveryTokenHash"[0m[37m,[0m [37m"User"[0m[37m.[0m[37m"recoveryTokenExpires"[0m [94mAS[0m [37m"User_recoveryTokenExpires"[0m[37m,[0m [37m"User"[0m[37m.[0m[37m"createdAt"[0m [94mAS[0m [37m"User_createdAt"[0m[37m,[0m [37m"User"[0m[37m.[0m[37m"updatedAt"[0m [94mAS[0m [37m"User_updatedAt"[0m[37m,[0m [37m"User"[0m[37m.[0m[37m"deletedAt"[0m [94mAS[0m [37m"User_deletedAt"[0m[37m,[0m [37m"User"[0m[37m.[0m[37m"accessCount"[0m [94mAS[0m [37m"User_accessCount"[0m [94mFROM[0m [37m"users"[0m [37m"User"[0m [94mWHERE[0m [37m([0m [37m([0m[37m([0m[37m"User"[0m[37m.[0m[37m"email"[0m [37m=[0m [37m$[0m[32m1[0m[37m)[0m [94mAND[0m [37m([0m[37m"User"[0m[37m.[0m[37m"deletedAt"[0m [94mIS NULL[0m[37m)[0m[37m)[0m [37m)[0m [94mAND[0m [37m([0m [37m"User"[0m[37m.[0m[37m"deletedAt"[0m [94mIS NULL[0m [37m)[0m [94mLIMIT[0m [32m1[0m [90m-- PARAMETERS: ["login-test-1769044623202@example.com"][0m
[90m[4mquery:[24m[39m [94mCOMMIT[0m
­ƒòÉ 2026-01-21 22:17:03.208 -0300 Ôä╣´©Å  INFO: [36m­ƒôØ Criando usu├írio: login-test-1769044623202@example.com[39m
    [35mcontext[39m: "CreateUserUseCase"
[90m[4mquery:[24m[39m [37mSTART[0m [37mTRANSACTION[0m
[90m[4mquery:[24m[39m [94mINSERT INTO[0m [37m"users"[0m[37m([0m[37m"id"[0m[37m,[0m [37m"email"[0m[37m,[0m [37m"password"[0m[37m,[0m [37m"status"[0m[37m,[0m [37m"refreshTokenHash"[0m[37m,[0m [37m"refreshTokenExpires"[0m[37m,[0m [37m"recoveryTokenHash"[0m[37m,[0m [37m"recoveryTokenExpires"[0m[37m,[0m [37m"createdAt"[0m[37m,[0m [37m"updatedAt"[0m[37m,[0m [37m"deletedAt"[0m[37m,[0m [37m"accessCount"[0m[37m)[0m [94mVALUES[0m [37m([0m[94mDEFAULT[0m[37m,[0m [37m$[0m[32m1[0m[37m,[0m [37m$[0m[32m2[0m[37m,[0m [37m$[0m[32m3[0m[37m,[0m [94mDEFAULT[0m[37m,[0m [94mDEFAULT[0m[37m,[0m [94mDEFAULT[0m[37m,[0m [94mDEFAULT[0m[37m,[0m [94mDEFAULT[0m[37m,[0m [94mDEFAULT[0m[37m,[0m [94mDEFAULT[0m[37m,[0m [37m$[0m[32m4[0m[37m)[0m [94mRETURNING[0m [37m"id"[0m[37m,[0m [37m"status"[0m[37m,[0m [37m"createdAt"[0m[37m,[0m [37m"updatedAt"[0m[37m,[0m [37m"deletedAt"[0m[37m,[0m [37m"accessCount"[0m [90m-- PARAMETERS: ["login-test-1769044623202@example.com","6faba6e4ed724c5b54fad19eca98923e2198cdbba78db5e74672c83217fb33a6","ACTIVE",0][0m
­ƒòÉ 2026-01-21 22:17:03.212 -0300 ­ƒöº DEBUG: [36m­ƒôØ Registrando auditoria: Customer.CREATE para usu├írio 1bdd8d2e-365a-46c2-ad5a-8586fcf18b78[39m
    [35mcontext[39m: "LogAuditUseCase"
[90m[4mquery:[24m[39m [37mSTART[0m [37mTRANSACTION[0m
[90m[4mquery:[24m[39m [94mCOMMIT[0m
[90m[4mquery:[24m[39m [94mINSERT INTO[0m [37m"audit_logs"[0m[37m([0m[37m"id"[0m[37m,[0m [37m"userId"[0m[37m,[0m [37m"userEmail"[0m[37m,[0m [37m"action"[0m[37m,[0m [37m"entityType"[0m[37m,[0m [37m"entityId"[0m[37m,[0m [37m"oldValues"[0m[37m,[0m [37m"newValues"[0m[37m,[0m [37m"changes"[0m[37m,[0m [37m"ipAddress"[0m[37m,[0m [37m"userAgent"[0m[37m,[0m [37m"endpoint"[0m[37m,[0m [37m"httpMethod"[0m[37m,[0m [37m"status"[0m[37m,[0m [37m"errorMessage"[0m[37m,[0m [37m"createdAt"[0m[37m,[0m [37m"deletedAt"[0m[37m)[0m [94mVALUES[0m [37m([0m[94mDEFAULT[0m[37m,[0m [37m$[0m[32m1[0m[37m,[0m [37m$[0m[32m2[0m[37m,[0m [37m$[0m[32m3[0m[37m,[0m [37m$[0m[32m4[0m[37m,[0m [37m$[0m[32m5[0m[37m,[0m [37m$[0m[32m6[0m[37m,[0m [37m$[0m[32m7[0m[37m,[0m [37m$[0m[32m8[0m[37m,[0m [37m$[0m[32m9[0m[37m,[0m [37m$[0m[32m10[0m[37m,[0m [37m$[0m[32m11[0m[37m,[0m [37m$[0m[32m12[0m[37m,[0m [37m$[0m[32m13[0m[37m,[0m [37m$[0m[32m14[0m[37m,[0m [94mDEFAULT[0m[37m,[0m [37m$[0m[32m15[0m[37m)[0m [94mRETURNING[0m [37m"id"[0m[37m,[0m [37m"createdAt"[0m[37m,[0m [37m"deletedAt"[0m [90m-- PARAMETERS: ["1bdd8d2e-365a-46c2-ad5a-8586fcf18b78","","CREATE","Customer","b9754350-05c1-4b3d-b3ad-34a969e157d8",null,"{\"name\":\"Customer 2\",\"salary\":6000,\"company\":null,\"status\":\"ACTIVE\",\"deletedAt\":null,\"userId\":\"1bdd8d2e-365a-46c2-ad5a-8586fcf18b78\",\"id\":\"b9754350-05c1-4b3d-b3ad-34a969e157d8\",\"createdAt\":\"2026-01-22T04:17:03.624Z\",\"updatedAt\":\"2026-01-22T04:17:03.624Z\"}",null,null,null,"/api/customers","POST","201",null,null][0m
[90m[4mquery:[24m[39m [94mCOMMIT[0m
­ƒòÉ 2026-01-21 22:17:03.218 -0300 Ôä╣´©Å  INFO: [36mÔ£à Usu├írio criado com sucesso: 5a5481d9-fcde-4afe-bf7c-e8201fd98480[39m
    [35mcontext[39m: "CreateUserUseCase"
[90m[4mquery:[24m[39m [37mSTART[0m [37mTRANSACTION[0m
­ƒòÉ 2026-01-21 22:17:03.218 -0300 ­ƒöº DEBUG: [36m­ƒôØ Registrando auditoria: User.CREATE para usu├írio 5a5481d9-fcde-4afe-bf7c-e8201fd98480[39m
    [35mcontext[39m: "LogAuditUseCase"
[90m[4mquery:[24m[39m [94mINSERT INTO[0m [37m"audit_logs"[0m[37m([0m[37m"id"[0m[37m,[0m [37m"userId"[0m[37m,[0m [37m"userEmail"[0m[37m,[0m [37m"action"[0m[37m,[0m [37m"entityType"[0m[37m,[0m [37m"entityId"[0m[37m,[0m [37m"oldValues"[0m[37m,[0m [37m"newValues"[0m[37m,[0m [37m"changes"[0m[37m,[0m [37m"ipAddress"[0m[37m,[0m [37m"userAgent"[0m[37m,[0m [37m"endpoint"[0m[37m,[0m [37m"httpMethod"[0m[37m,[0m [37m"status"[0m[37m,[0m [37m"errorMessage"[0m[37m,[0m [37m"createdAt"[0m[37m,[0m [37m"deletedAt"[0m[37m)[0m [94mVALUES[0m [37m([0m[94mDEFAULT[0m[37m,[0m [37m$[0m[32m1[0m[37m,[0m [37m$[0m[32m2[0m[37m,[0m [37m$[0m[32m3[0m[37m,[0m [37m$[0m[32m4[0m[37m,[0m [37m$[0m[32m5[0m[37m,[0m [37m$[0m[32m6[0m[37m,[0m [37m$[0m[32m7[0m[37m,[0m [37m$[0m[32m8[0m[37m,[0m [37m$[0m[32m9[0m[37m,[0m [37m$[0m[32m10[0m[37m,[0m [37m$[0m[32m11[0m[37m,[0m [37m$[0m[32m12[0m[37m,[0m [37m$[0m[32m13[0m[37m,[0m [37m$[0m[32m14[0m[37m,[0m [94mDEFAULT[0m[37m,[0m [37m$[0m[32m15[0m[37m)[0m [94mRETURNING[0m [37m"id"[0m[37m,[0m [37m"createdAt"[0m[37m,[0m [37m"deletedAt"[0m [90m-- PARAMETERS: ["5a5481d9-fcde-4afe-bf7c-e8201fd98480","login-test-1769044623202@example.com","CREATE","User","5a5481d9-fcde-4afe-bf7c-e8201fd98480",null,"{\"email\":\"login-test-1769044623202@example.com\",\"password\":\"6faba6e4ed724c5b54fad19eca98923e2198cdbba78db5e74672c83217fb33a6\",\"status\":\"ACTIVE\",\"accessCount\":0,\"refreshTokenHash\":null,\"refreshTokenExpires\":null,\"recoveryTokenHash\":null,\"recoveryTokenExpires\":null,\"id\":\"5a5481d9-fcde-4afe-bf7c-e8201fd98480\",\"createdAt\":\"2026-01-22T04:17:03.631Z\",\"updatedAt\":\"2026-01-22T04:17:03.631Z\",\"deletedAt\":null}",null,null,null,"/api/v1/users","POST","201",null,null][0m
­ƒòÉ 2026-01-21 22:17:03.221 -0300 ­ƒöº DEBUG: [36mÔ£à Auditoria registrada: a2c60588-2cde-40d5-a172-e7c436968841[39m
    [35mcontext[39m: "LogAuditUseCase"
[90m[4mquery:[24m[39m [94mCOMMIT[0m
­ƒòÉ 2026-01-21 22:17:03.226 -0300 ­ƒöº DEBUG: [36mÔ£à Token extra├¡do do header Authorization[39m
    [35mcontext[39m: "JwtAuthGuard"
[90m[4mquery:[24m[39m [94mSELECT[0m [95mCOUNT[0m[37m([0m[32m1[0m[37m)[0m [94mAS[0m [37m"cnt"[0m [94mFROM[0m [37m"users"[0m [37m"User"[0m [94mWHERE[0m [37m([0m [37m([0m[37m([0m[37m"User"[0m[37m.[0m[37m"deletedAt"[0m [94mIS NULL[0m[37m)[0m[37m)[0m [37m)[0m [94mAND[0m [37m([0m [37m"User"[0m[37m.[0m[37m"deletedAt"[0m [94mIS NULL[0m [37m)[0m
­ƒòÉ 2026-01-21 22:17:03.226 -0300 ­ƒöº DEBUG: [36m­ƒöæ Authorization header setado com token: eyJhbGciOiJIUzI1NiIs...[39m
    [35mcontext[39m: "JwtAuthGuard"
­ƒòÉ 2026-01-21 22:17:03.227 -0300 ­ƒöº DEBUG: [36mÔ£à JWT validado para: audit-test-1769044622838@example.com[39m
    [35mcontext[39m: "JwtStrategy"
­ƒòÉ 2026-01-21 22:17:03.228 -0300 ­ƒöº DEBUG: [36mÔ£à JWT v├ílido para usu├írio: audit-test-1769044622838@example.com[39m
    [35mcontext[39m: "JwtAuthGuard"
­ƒòÉ 2026-01-21 22:17:03.228 -0300 Ôä╣´©Å  INFO: [36m[DashboardController] GET /api/dashboard/stats - usu├írio: 1bdd8d2e-365a-46c2-ad5a-8586fcf18b78[39m
    [35mcontext[39m: "DashboardController"
­ƒòÉ 2026-01-21 22:17:03.228 -0300 Ôä╣´©Å  INFO: [36m[GetDashboardStatsUseCase] Iniciando obten├º├úo de estat├¡sticas para usu├írio: 1bdd8d2e-365a-46c2-ad5a-8586fcf18b78[39m
    [35mcontext[39m: "GetDashboardStatsUseCase"
­ƒòÉ 2026-01-21 22:17:03.232 -0300 ­ƒöº DEBUG: [36mÔ£à Auditoria registrada: 6e23e02f-5383-469f-be3e-0223e115663c[39m
    [35mcontext[39m: "LogAuditUseCase"
[90m[4mquery:[24m[39m [94mSELECT[0m [37m"User"[0m[37m.[0m[37m"id"[0m [94mAS[0m [37m"User_id"[0m[37m,[0m [37m"User"[0m[37m.[0m[37m"email"[0m [94mAS[0m [37m"User_email"[0m[37m,[0m [37m"User"[0m[37m.[0m[37m"password"[0m [94mAS[0m [37m"User_password"[0m[37m,[0m [37m"User"[0m[37m.[0m[37m"status"[0m [94mAS[0m [37m"User_status"[0m[37m,[0m [37m"User"[0m[37m.[0m[37m"refreshTokenHash"[0m [94mAS[0m [37m"User_refreshTokenHash"[0m[37m,[0m [37m"User"[0m[37m.[0m[37m"refreshTokenExpires"[0m [94mAS[0m [37m"User_refreshTokenExpires"[0m[37m,[0m [37m"User"[0m[37m.[0m[37m"recoveryTokenHash"[0m [94mAS[0m [37m"User_recoveryTokenHash"[0m[37m,[0m [37m"User"[0m[37m.[0m[37m"recoveryTokenExpires"[0m [94mAS[0m [37m"User_recoveryTokenExpires"[0m[37m,[0m [37m"User"[0m[37m.[0m[37m"createdAt"[0m [94mAS[0m [37m"User_createdAt"[0m[37m,[0m [37m"User"[0m[37m.[0m[37m"updatedAt"[0m [94mAS[0m [37m"User_updatedAt"[0m[37m,[0m [37m"User"[0m[37m.[0m[37m"deletedAt"[0m [94mAS[0m [37m"User_deletedAt"[0m[37m,[0m [37m"User"[0m[37m.[0m[37m"accessCount"[0m [94mAS[0m [37m"User_accessCount"[0m [94mFROM[0m [37m"users"[0m [37m"User"[0m [94mWHERE[0m [37m([0m [37m([0m[37m([0m[37m"User"[0m[37m.[0m[37m"email"[0m [37m=[0m [37m$[0m[32m1[0m[37m)[0m [94mAND[0m [37m([0m[37m"User"[0m[37m.[0m[37m"deletedAt"[0m [94mIS NULL[0m[37m)[0m[37m)[0m [37m)[0m [94mAND[0m [37m([0m [37m"User"[0m[37m.[0m[37m"deletedAt"[0m [94mIS NULL[0m [37m)[0m [94mLIMIT[0m [32m1[0m [90m-- PARAMETERS: ["login-test-1769044623202@example.com"][0m
­ƒòÉ 2026-01-21 22:17:03.239 -0300 Ôä╣´©Å  INFO: [36mÔ£à Usu├írio autenticado: login-test-1769044623202@example.com[39m
    [35mcontext[39m: "LocalUserStrategy"
[90m[4mquery:[24m[39m [94mSELECT[0m [37m"User"[0m[37m.[0m[37m"id"[0m [94mAS[0m [37m"User_id"[0m[37m,[0m [37m"User"[0m[37m.[0m[37m"email"[0m [94mAS[0m [37m"User_email"[0m[37m,[0m [37m"User"[0m[37m.[0m[37m"password"[0m [94mAS[0m [37m"User_password"[0m[37m,[0m [37m"User"[0m[37m.[0m[37m"status"[0m [94mAS[0m [37m"User_status"[0m[37m,[0m [37m"User"[0m[37m.[0m[37m"refreshTokenHash"[0m [94mAS[0m [37m"User_refreshTokenHash"[0m[37m,[0m [37m"User"[0m[37m.[0m[37m"refreshTokenExpires"[0m [94mAS[0m [37m"User_refreshTokenExpires"[0m[37m,[0m [37m"User"[0m[37m.[0m[37m"recoveryTokenHash"[0m [94mAS[0m [37m"User_recoveryTokenHash"[0m[37m,[0m [37m"User"[0m[37m.[0m[37m"recoveryTokenExpires"[0m [94mAS[0m [37m"User_recoveryTokenExpires"[0m[37m,[0m [37m"User"[0m[37m.[0m[37m"createdAt"[0m [94mAS[0m [37m"User_createdAt"[0m[37m,[0m [37m"User"[0m[37m.[0m[37m"updatedAt"[0m [94mAS[0m [37m"User_updatedAt"[0m[37m,[0m [37m"User"[0m[37m.[0m[37m"deletedAt"[0m [94mAS[0m [37m"User_deletedAt"[0m[37m,[0m [37m"User"[0m[37m.[0m[37m"accessCount"[0m [94mAS[0m [37m"User_accessCount"[0m [94mFROM[0m [37m"users"[0m [37m"User"[0m [94mWHERE[0m [37m([0m [37m([0m[37m([0m[37m"User"[0m[37m.[0m[37m"id"[0m [37m=[0m [37m$[0m[32m1[0m[37m)[0m [94mAND[0m [37m([0m[37m"User"[0m[37m.[0m[37m"deletedAt"[0m [94mIS NULL[0m[37m)[0m[37m)[0m [37m)[0m [94mAND[0m [37m([0m [37m"User"[0m[37m.[0m[37m"deletedAt"[0m [94mIS NULL[0m [37m)[0m [94mLIMIT[0m [32m1[0m [90m-- PARAMETERS: ["5a5481d9-fcde-4afe-bf7c-e8201fd98480"][0m
­ƒòÉ 2026-01-21 22:17:03.240 -0300 Ôä╣´©Å  INFO: [36mÔ£à Guard validado para: login-test-1769044623202@example.com[39m
    [35mcontext[39m: "LocalUserAuthGuard"
­ƒòÉ 2026-01-21 22:17:03.240 -0300 Ôä╣´©Å  INFO: [36m­ƒöÉ Iniciando login para: login-test-1769044623202@example.com[39m
    [35mcontext[39m: "LoginUseCase"
­ƒòÉ 2026-01-21 22:17:03.244 -0300 Ôä╣´©Å  INFO: [36mÔ£à Access Token gerado com TTL 3600s: login-test-1769044623202@example.com[39m
    [35mcontext[39m: "LoginUseCase"
[90m[4mquery:[24m[39m [94mUPDATE[0m [37m"users"[0m [94mSET[0m [37m"id"[0m [37m=[0m [37m$[0m[32m1[0m[37m,[0m [37m"email"[0m [37m=[0m [37m$[0m[32m2[0m[37m,[0m [37m"password"[0m [37m=[0m [37m$[0m[32m3[0m[37m,[0m [37m"status"[0m [37m=[0m [37m$[0m[32m4[0m[37m,[0m [37m"refreshTokenHash"[0m [37m=[0m [37m$[0m[32m5[0m[37m,[0m [37m"refreshTokenExpires"[0m [37m=[0m [37m$[0m[32m6[0m[37m,[0m [37m"recoveryTokenHash"[0m [37m=[0m [37m$[0m[32m7[0m[37m,[0m [37m"recoveryTokenExpires"[0m [37m=[0m [37m$[0m[32m8[0m[37m,[0m [37m"createdAt"[0m [37m=[0m [37m$[0m[32m9[0m[37m,[0m [37m"updatedAt"[0m [37m=[0m [37m$[0m[32m10[0m[37m,[0m [37m"deletedAt"[0m [37m=[0m [37m$[0m[32m11[0m[37m,[0m [37m"accessCount"[0m [37m=[0m [37m$[0m[32m12[0m [94mWHERE[0m [37m"id"[0m [94mIN[0m [37m([0m[37m$[0m[32m13[0m[37m)[0m [90m-- PARAMETERS: ["5a5481d9-fcde-4afe-bf7c-e8201fd98480","login-test-1769044623202@example.com","6faba6e4ed724c5b54fad19eca98923e2198cdbba78db5e74672c83217fb33a6","ACTIVE","8faa009087f95b3e44a7a1d28dc0099e39fa142dd95a8580019a6394f30ccfe6","2026-01-29T01:17:03.246Z",null,null,"2026-01-22T04:17:03.631Z","2026-01-22T01:17:03.246Z",null,1,"5a5481d9-fcde-4afe-bf7c-e8201fd98480"][0m
­ƒòÉ 2026-01-21 22:17:03.245 -0300 Ôä╣´©Å  INFO: [36mÔ£à Refresh Token gerado com TTL 604800s: login-test-1769044623202@example.com[39m
    [35mcontext[39m: "LoginUseCase"
[90m[4mquery:[24m[39m [94mSELECT[0m [95mCOUNT[0m[37m([0m[32m1[0m[37m)[0m [94mAS[0m [37m"cnt"[0m [94mFROM[0m [37m"audit_logs"[0m [37m"AuditLog"[0m [94mWHERE[0m [37m"AuditLog"[0m[37m.[0m[37m"deletedAt"[0m [94mIS NULL[0m
[90m[4mquery:[24m[39m [94mSELECT[0m [95mCOUNT[0m[37m([0m[32m1[0m[37m)[0m [94mAS[0m [37m"cnt"[0m [94mFROM[0m [37m"customers"[0m [37m"Customer"[0m [94mWHERE[0m [37m([0m [37m([0m[37m([0m[37m"Customer"[0m[37m.[0m[37m"deletedAt"[0m [94mIS NULL[0m[37m)[0m[37m)[0m [37m)[0m [94mAND[0m [37m([0m [37m"Customer"[0m[37m.[0m[37m"deletedAt"[0m [94mIS NULL[0m [37m)[0m
[90m[4mquery:[24m[39m [94mSELECT[0m [37m"User"[0m[37m.[0m[37m"id"[0m [94mAS[0m [37m"User_id"[0m[37m,[0m [37m"User"[0m[37m.[0m[37m"email"[0m [94mAS[0m [37m"User_email"[0m[37m,[0m [37m"User"[0m[37m.[0m[37m"password"[0m [94mAS[0m [37m"User_password"[0m[37m,[0m [37m"User"[0m[37m.[0m[37m"status"[0m [94mAS[0m [37m"User_status"[0m[37m,[0m [37m"User"[0m[37m.[0m[37m"refreshTokenHash"[0m [94mAS[0m [37m"User_refreshTokenHash"[0m[37m,[0m [37m"User"[0m[37m.[0m[37m"refreshTokenExpires"[0m [94mAS[0m [37m"User_refreshTokenExpires"[0m[37m,[0m [37m"User"[0m[37m.[0m[37m"recoveryTokenHash"[0m [94mAS[0m [37m"User_recoveryTokenHash"[0m[37m,[0m [37m"User"[0m[37m.[0m[37m"recoveryTokenExpires"[0m [94mAS[0m [37m"User_recoveryTokenExpires"[0m[37m,[0m [37m"User"[0m[37m.[0m[37m"createdAt"[0m [94mAS[0m [37m"User_createdAt"[0m[37m,[0m [37m"User"[0m[37m.[0m[37m"updatedAt"[0m [94mAS[0m [37m"User_updatedAt"[0m[37m,[0m [37m"User"[0m[37m.[0m[37m"deletedAt"[0m [94mAS[0m [37m"User_deletedAt"[0m[37m,[0m [37m"User"[0m[37m.[0m[37m"accessCount"[0m [94mAS[0m [37m"User_accessCount"[0m [94mFROM[0m [37m"users"[0m [37m"User"[0m [94mWHERE[0m [37m([0m [37m([0m[37m([0m[37m"User"[0m[37m.[0m[37m"id"[0m [37m=[0m [37m$[0m[32m1[0m[37m)[0m [94mAND[0m [37m([0m[37m"User"[0m[37m.[0m[37m"deletedAt"[0m [94mIS NULL[0m[37m)[0m[37m)[0m [37m)[0m [94mAND[0m [37m([0m [37m"User"[0m[37m.[0m[37m"deletedAt"[0m [94mIS NULL[0m [37m)[0m [94mLIMIT[0m [32m1[0m [90m-- PARAMETERS: ["5a5481d9-fcde-4afe-bf7c-e8201fd98480"][0m
­ƒòÉ 2026-01-21 22:17:03.253 -0300 Ôä╣´©Å  INFO: [36m[GetDashboardStatsUseCase] Estat├¡sticas obtidas com sucesso - Usu├írios: 34, Clientes: 50, Auditorias: 80[39m
    [35mcontext[39m: "GetDashboardStatsUseCase"
[90m[4mquery:[24m[39m [94mUPDATE[0m [37m"users"[0m [94mSET[0m [37m"accessCount"[0m [37m=[0m [37m"accessCount"[0m [37m+[0m [32m1[0m[37m,[0m [37m"updatedAt"[0m [37m=[0m [37mCURRENT_TIMESTAMP[0m [94mWHERE[0m [37m"id"[0m [37m=[0m [37m$[0m[32m1[0m [90m-- PARAMETERS: ["5a5481d9-fcde-4afe-bf7c-e8201fd98480"][0m
[90m[4mquery:[24m[39m [94mSELECT[0m [32m1[0m
­ƒòÉ 2026-01-21 22:17:03.262 -0300 Ôä╣´©Å  INFO: [36mÔ£à Refresh token hash e contador de acessos atualizados no BD: login-test-1769044623202@example.com[39m
    [35mcontext[39m: "LoginUseCase"
[90m[4mquery:[24m[39m [37mSTART[0m [37mTRANSACTION[0m
­ƒòÉ 2026-01-21 22:17:03.262 -0300 Ôä╣´©Å  INFO: [36m­ƒì¬ Setando cookie Authentication com expira├º├úo: Thu Jan 22 2026 07:37:00 GMT-0300 (Hor├írio Padr├úo de Bras├¡lia)[39m
    [35mcontext[39m: "LoginUseCase"
­ƒòÉ 2026-01-21 22:17:03.262 -0300 Ôä╣´©Å  INFO: [36m­ƒì¬ Setando cookie RefreshToken com expira├º├úo: Wed Jan 28 2026 22:17:03 GMT-0300 (Hor├írio Padr├úo de Bras├¡lia)[39m
    [35mcontext[39m: "LoginUseCase"
­ƒòÉ 2026-01-21 22:17:03.262 -0300 Ôä╣´©Å  INFO: [36mÔ£à Cookies httpOnly setados: login-test-1769044623202@example.com[39m
    [35mcontext[39m: "LoginUseCase"
­ƒòÉ 2026-01-21 22:17:03.262 -0300 ­ƒöº DEBUG: [36m­ƒôØ Registrando auditoria: User.LOGIN para usu├írio 5a5481d9-fcde-4afe-bf7c-e8201fd98480[39m
    [35mcontext[39m: "LogAuditUseCase"
[90m[4mquery:[24m[39m [94mINSERT INTO[0m [37m"audit_logs"[0m[37m([0m[37m"id"[0m[37m,[0m [37m"userId"[0m[37m,[0m [37m"userEmail"[0m[37m,[0m [37m"action"[0m[37m,[0m [37m"entityType"[0m[37m,[0m [37m"entityId"[0m[37m,[0m [37m"oldValues"[0m[37m,[0m [37m"newValues"[0m[37m,[0m [37m"changes"[0m[37m,[0m [37m"ipAddress"[0m[37m,[0m [37m"userAgent"[0m[37m,[0m [37m"endpoint"[0m[37m,[0m [37m"httpMethod"[0m[37m,[0m [37m"status"[0m[37m,[0m [37m"errorMessage"[0m[37m,[0m [37m"createdAt"[0m[37m,[0m [37m"deletedAt"[0m[37m)[0m [94mVALUES[0m [37m([0m[94mDEFAULT[0m[37m,[0m [37m$[0m[32m1[0m[37m,[0m [37m$[0m[32m2[0m[37m,[0m [37m$[0m[32m3[0m[37m,[0m [37m$[0m[32m4[0m[37m,[0m [37m$[0m[32m5[0m[37m,[0m [37m$[0m[32m6[0m[37m,[0m [37m$[0m[32m7[0m[37m,[0m [37m$[0m[32m8[0m[37m,[0m [37m$[0m[32m9[0m[37m,[0m [37m$[0m[32m10[0m[37m,[0m [37m$[0m[32m11[0m[37m,[0m [37m$[0m[32m12[0m[37m,[0m [37m$[0m[32m13[0m[37m,[0m [37m$[0m[32m14[0m[37m,[0m [94mDEFAULT[0m[37m,[0m [37m$[0m[32m15[0m[37m)[0m [94mRETURNING[0m [37m"id"[0m[37m,[0m [37m"createdAt"[0m[37m,[0m [37m"deletedAt"[0m [90m-- PARAMETERS: ["5a5481d9-fcde-4afe-bf7c-e8201fd98480","login-test-1769044623202@example.com","LOGIN","User","5a5481d9-fcde-4afe-bf7c-e8201fd98480",null,"{\"email\":\"login-test-1769044623202@example.com\",\"accessCount\":1}",null,"unknown","unknown","/api/auth/login","POST","200",null,null][0m
­ƒòÉ 2026-01-21 22:17:03.267 -0300 ­ƒöº DEBUG: [36mÔ£à JWT validado para: audit-test-1769044622838@example.com[39m
    [35mcontext[39m: "JwtStrategy"
[90m[4mquery:[24m[39m [37mSTART[0m [37mTRANSACTION[0m
[90m[4mquery:[24m[39m [94mCOMMIT[0m
­ƒòÉ 2026-01-21 22:17:03.267 -0300 ­ƒöº DEBUG: [36mÔ£à JWT v├ílido para usu├írio: audit-test-1769044622838@example.com[39m
    [35mcontext[39m: "JwtAuthGuard"
­ƒòÉ 2026-01-21 22:17:03.268 -0300 Ôä╣´©Å  INFO: [36m­ƒôØ Criando cliente para usu├írio: 1bdd8d2e-365a-46c2-ad5a-8586fcf18b78[39m
    [35mcontext[39m: "CustomerController"
[90m[4mquery:[24m[39m [37mSTART[0m [37mTRANSACTION[0m
[90m[4mquery:[24m[39m [37mSTART[0m [37mTRANSACTION[0m
[90m[4mquery:[24m[39m [94mINSERT INTO[0m [37m"customers"[0m[37m([0m[37m"id"[0m[37m,[0m [37m"userId"[0m[37m,[0m [37m"name"[0m[37m,[0m [37m"salary"[0m[37m,[0m [37m"company"[0m[37m,[0m [37m"status"[0m[37m,[0m [37m"createdAt"[0m[37m,[0m [37m"updatedAt"[0m[37m,[0m [37m"deletedAt"[0m[37m)[0m [94mVALUES[0m [37m([0m[94mDEFAULT[0m[37m,[0m [37m$[0m[32m1[0m[37m,[0m [37m$[0m[32m2[0m[37m,[0m [37m$[0m[32m3[0m[37m,[0m [37m$[0m[32m4[0m[37m,[0m [37m$[0m[32m5[0m[37m,[0m [94mDEFAULT[0m[37m,[0m [94mDEFAULT[0m[37m,[0m [37m$[0m[32m6[0m[37m)[0m [94mRETURNING[0m [37m"id"[0m[37m,[0m [37m"status"[0m[37m,[0m [37m"createdAt"[0m[37m,[0m [37m"updatedAt"[0m[37m,[0m [37m"deletedAt"[0m [90m-- PARAMETERS: ["1bdd8d2e-365a-46c2-ad5a-8586fcf18b78","Concurrent Customer 0",5000,null,"ACTIVE",null][0m
­ƒòÉ 2026-01-21 22:17:03.272 -0300 ­ƒöº DEBUG: [36mÔ£à JWT validado para: audit-test-1769044622838@example.com[39m
    [35mcontext[39m: "JwtStrategy"
­ƒòÉ 2026-01-21 22:17:03.272 -0300 ­ƒöº DEBUG: [36mÔ£à JWT v├ílido para usu├írio: audit-test-1769044622838@example.com[39m
    [35mcontext[39m: "JwtAuthGuard"
­ƒòÉ 2026-01-21 22:17:03.272 -0300 Ôä╣´©Å  INFO: [36m­ƒôØ Criando cliente para usu├írio: 1bdd8d2e-365a-46c2-ad5a-8586fcf18b78[39m
    [35mcontext[39m: "CustomerController"
­ƒòÉ 2026-01-21 22:17:03.275 -0300 ­ƒöº DEBUG: [36mÔ£à JWT validado para: audit-test-1769044622838@example.com[39m
    [35mcontext[39m: "JwtStrategy"
­ƒòÉ 2026-01-21 22:17:03.276 -0300 ­ƒöº DEBUG: [36mÔ£à JWT v├ílido para usu├írio: audit-test-1769044622838@example.com[39m
    [35mcontext[39m: "JwtAuthGuard"
­ƒòÉ 2026-01-21 22:17:03.276 -0300 Ôä╣´©Å  INFO: [36m­ƒôØ Criando cliente para usu├írio: 1bdd8d2e-365a-46c2-ad5a-8586fcf18b78[39m
    [35mcontext[39m: "CustomerController"
­ƒòÉ 2026-01-21 22:17:03.279 -0300 ­ƒöº DEBUG: [36mÔ£à JWT validado para: audit-test-1769044622838@example.com[39m
    [35mcontext[39m: "JwtStrategy"
­ƒòÉ 2026-01-21 22:17:03.280 -0300 ­ƒöº DEBUG: [36mÔ£à JWT v├ílido para usu├írio: audit-test-1769044622838@example.com[39m
    [35mcontext[39m: "JwtAuthGuard"
­ƒòÉ 2026-01-21 22:17:03.280 -0300 Ôä╣´©Å  INFO: [36m­ƒôØ Criando cliente para usu├írio: 1bdd8d2e-365a-46c2-ad5a-8586fcf18b78[39m
    [35mcontext[39m: "CustomerController"
­ƒòÉ 2026-01-21 22:17:03.283 -0300 ­ƒöº DEBUG: [36mÔ£à JWT validado para: audit-test-1769044622838@example.com[39m
    [35mcontext[39m: "JwtStrategy"
­ƒòÉ 2026-01-21 22:17:03.284 -0300 ­ƒöº DEBUG: [36mÔ£à JWT v├ílido para usu├írio: audit-test-1769044622838@example.com[39m
    [35mcontext[39m: "JwtAuthGuard"
­ƒòÉ 2026-01-21 22:17:03.284 -0300 Ôä╣´©Å  INFO: [36m­ƒôØ Criando cliente para usu├írio: 1bdd8d2e-365a-46c2-ad5a-8586fcf18b78[39m
    [35mcontext[39m: "CustomerController"
[90m[4mquery:[24m[39m [94mINSERT INTO[0m [37m"customers"[0m[37m([0m[37m"id"[0m[37m,[0m [37m"userId"[0m[37m,[0m [37m"name"[0m[37m,[0m [37m"salary"[0m[37m,[0m [37m"company"[0m[37m,[0m [37m"status"[0m[37m,[0m [37m"createdAt"[0m[37m,[0m [37m"updatedAt"[0m[37m,[0m [37m"deletedAt"[0m[37m)[0m [94mVALUES[0m [37m([0m[94mDEFAULT[0m[37m,[0m [37m$[0m[32m1[0m[37m,[0m [37m$[0m[32m2[0m[37m,[0m [37m$[0m[32m3[0m[37m,[0m [37m$[0m[32m4[0m[37m,[0m [37m$[0m[32m5[0m[37m,[0m [94mDEFAULT[0m[37m,[0m [94mDEFAULT[0m[37m,[0m [37m$[0m[32m6[0m[37m)[0m [94mRETURNING[0m [37m"id"[0m[37m,[0m [37m"status"[0m[37m,[0m [37m"createdAt"[0m[37m,[0m [37m"updatedAt"[0m[37m,[0m [37m"deletedAt"[0m [90m-- PARAMETERS: ["1bdd8d2e-365a-46c2-ad5a-8586fcf18b78","Concurrent Customer 1",5100,null,"ACTIVE",null][0m
[90m[4mquery:[24m[39m [94mINSERT INTO[0m [37m"customers"[0m[37m([0m[37m"id"[0m[37m,[0m [37m"userId"[0m[37m,[0m [37m"name"[0m[37m,[0m [37m"salary"[0m[37m,[0m [37m"company"[0m[37m,[0m [37m"status"[0m[37m,[0m [37m"createdAt"[0m[37m,[0m [37m"updatedAt"[0m[37m,[0m [37m"deletedAt"[0m[37m)[0m [94mVALUES[0m [37m([0m[94mDEFAULT[0m[37m,[0m [37m$[0m[32m1[0m[37m,[0m [37m$[0m[32m2[0m[37m,[0m [37m$[0m[32m3[0m[37m,[0m [37m$[0m[32m4[0m[37m,[0m [37m$[0m[32m5[0m[37m,[0m [94mDEFAULT[0m[37m,[0m [94mDEFAULT[0m[37m,[0m [37m$[0m[32m6[0m[37m)[0m [94mRETURNING[0m [37m"id"[0m[37m,[0m [37m"status"[0m[37m,[0m [37m"createdAt"[0m[37m,[0m [37m"updatedAt"[0m[37m,[0m [37m"deletedAt"[0m [90m-- PARAMETERS: ["1bdd8d2e-365a-46c2-ad5a-8586fcf18b78","Concurrent Customer 2",5200,null,"ACTIVE",null][0m
­ƒòÉ 2026-01-21 22:17:03.288 -0300 ­ƒöº DEBUG: [36mÔ£à Auditoria registrada: b35bead9-fc60-4160-a6b2-aced39d8d1ab[39m
    [35mcontext[39m: "LogAuditUseCase"
­ƒòÉ 2026-01-21 22:17:03.289 -0300 Ôä╣´©Å  INFO: [36mÔ£à Auditoria de login registrada: login-test-1769044623202@example.com[39m
    [35mcontext[39m: "LoginUseCase"
[90m[4mquery:[24m[39m [94mCOMMIT[0m
[90m[4mquery:[24m[39m [94mCOMMIT[0m
[90m[4mquery:[24m[39m [94mCOMMIT[0m
­ƒòÉ 2026-01-21 22:17:03.294 -0300 ­ƒöº DEBUG: [36m­ƒöô Rota p├║blica - autentica├º├úo dispensada[39m
    [35mcontext[39m: "JwtAuthGuard"
[90m[4mquery:[24m[39m [94mSELECT[0m [37m"User"[0m[37m.[0m[37m"id"[0m [94mAS[0m [37m"User_id"[0m[37m,[0m [37m"User"[0m[37m.[0m[37m"email"[0m [94mAS[0m [37m"User_email"[0m[37m,[0m [37m"User"[0m[37m.[0m[37m"password"[0m [94mAS[0m [37m"User_password"[0m[37m,[0m [37m"User"[0m[37m.[0m[37m"status"[0m [94mAS[0m [37m"User_status"[0m[37m,[0m [37m"User"[0m[37m.[0m[37m"refreshTokenHash"[0m [94mAS[0m [37m"User_refreshTokenHash"[0m[37m,[0m [37m"User"[0m[37m.[0m[37m"refreshTokenExpires"[0m [94mAS[0m [37m"User_refreshTokenExpires"[0m[37m,[0m [37m"User"[0m[37m.[0m[37m"recoveryTokenHash"[0m [94mAS[0m [37m"User_recoveryTokenHash"[0m[37m,[0m [37m"User"[0m[37m.[0m[37m"recoveryTokenExpires"[0m [94mAS[0m [37m"User_recoveryTokenExpires"[0m[37m,[0m [37m"User"[0m[37m.[0m[37m"createdAt"[0m [94mAS[0m [37m"User_createdAt"[0m[37m,[0m [37m"User"[0m[37m.[0m[37m"updatedAt"[0m [94mAS[0m [37m"User_updatedAt"[0m[37m,[0m [37m"User"[0m[37m.[0m[37m"deletedAt"[0m [94mAS[0m [37m"User_deletedAt"[0m[37m,[0m [37m"User"[0m[37m.[0m[37m"accessCount"[0m [94mAS[0m [37m"User_accessCount"[0m [94mFROM[0m [37m"users"[0m [37m"User"[0m [94mWHERE[0m [37m([0m [37m([0m[37m([0m[37m"User"[0m[37m.[0m[37m"email"[0m [37m=[0m [37m$[0m[32m1[0m[37m)[0m [94mAND[0m [37m([0m[37m"User"[0m[37m.[0m[37m"deletedAt"[0m [94mIS NULL[0m[37m)[0m[37m)[0m [37m)[0m [94mAND[0m [37m([0m [37m"User"[0m[37m.[0m[37m"deletedAt"[0m [94mIS NULL[0m [37m)[0m [94mLIMIT[0m [32m1[0m [90m-- PARAMETERS: ["wrong-pwd-1769044623292@example.com"][0m
­ƒòÉ 2026-01-21 22:17:03.297 -0300 ­ƒöº DEBUG: [36m­ƒôØ Registrando auditoria: Customer.CREATE para usu├írio 1bdd8d2e-365a-46c2-ad5a-8586fcf18b78[39m
    [35mcontext[39m: "LogAuditUseCase"
[90m[4mquery:[24m[39m [37mSTART[0m [37mTRANSACTION[0m
[90m[4mquery:[24m[39m [37mSTART[0m [37mTRANSACTION[0m
­ƒòÉ 2026-01-21 22:17:03.298 -0300 Ôä╣´©Å  INFO: [36m­ƒôØ Criando usu├írio: wrong-pwd-1769044623292@example.com[39m
    [35mcontext[39m: "CreateUserUseCase"
[90m[4mquery:[24m[39m [94mINSERT INTO[0m [37m"audit_logs"[0m[37m([0m[37m"id"[0m[37m,[0m [37m"userId"[0m[37m,[0m [37m"userEmail"[0m[37m,[0m [37m"action"[0m[37m,[0m [37m"entityType"[0m[37m,[0m [37m"entityId"[0m[37m,[0m [37m"oldValues"[0m[37m,[0m [37m"newValues"[0m[37m,[0m [37m"changes"[0m[37m,[0m [37m"ipAddress"[0m[37m,[0m [37m"userAgent"[0m[37m,[0m [37m"endpoint"[0m[37m,[0m [37m"httpMethod"[0m[37m,[0m [37m"status"[0m[37m,[0m [37m"errorMessage"[0m[37m,[0m [37m"createdAt"[0m[37m,[0m [37m"deletedAt"[0m[37m)[0m [94mVALUES[0m [37m([0m[94mDEFAULT[0m[37m,[0m [37m$[0m[32m1[0m[37m,[0m [37m$[0m[32m2[0m[37m,[0m [37m$[0m[32m3[0m[37m,[0m [37m$[0m[32m4[0m[37m,[0m [37m$[0m[32m5[0m[37m,[0m [37m$[0m[32m6[0m[37m,[0m [37m$[0m[32m7[0m[37m,[0m [37m$[0m[32m8[0m[37m,[0m [37m$[0m[32m9[0m[37m,[0m [37m$[0m[32m10[0m[37m,[0m [37m$[0m[32m11[0m[37m,[0m [37m$[0m[32m12[0m[37m,[0m [37m$[0m[32m13[0m[37m,[0m [37m$[0m[32m14[0m[37m,[0m [94mDEFAULT[0m[37m,[0m [37m$[0m[32m15[0m[37m)[0m [94mRETURNING[0m [37m"id"[0m[37m,[0m [37m"createdAt"[0m[37m,[0m [37m"deletedAt"[0m [90m-- PARAMETERS: ["1bdd8d2e-365a-46c2-ad5a-8586fcf18b78","","CREATE","Customer","991cb089-a970-4a48-99bd-482d51de741c",null,"{\"name\":\"Concurrent Customer 0\",\"salary\":5000,\"company\":null,\"status\":\"ACTIVE\",\"deletedAt\":null,\"userId\":\"1bdd8d2e-365a-46c2-ad5a-8586fcf18b78\",\"id\":\"991cb089-a970-4a48-99bd-482d51de741c\",\"createdAt\":\"2026-01-22T04:17:03.688Z\",\"updatedAt\":\"2026-01-22T04:17:03.688Z\"}",null,null,null,"/api/customers","POST","201",null,null][0m
[90m[4mquery:[24m[39m [94mINSERT INTO[0m [37m"users"[0m[37m([0m[37m"id"[0m[37m,[0m [37m"email"[0m[37m,[0m [37m"password"[0m[37m,[0m [37m"status"[0m[37m,[0m [37m"refreshTokenHash"[0m[37m,[0m [37m"refreshTokenExpires"[0m[37m,[0m [37m"recoveryTokenHash"[0m[37m,[0m [37m"recoveryTokenExpires"[0m[37m,[0m [37m"createdAt"[0m[37m,[0m [37m"updatedAt"[0m[37m,[0m [37m"deletedAt"[0m[37m,[0m [37m"accessCount"[0m[37m)[0m [94mVALUES[0m [37m([0m[94mDEFAULT[0m[37m,[0m [37m$[0m[32m1[0m[37m,[0m [37m$[0m[32m2[0m[37m,[0m [37m$[0m[32m3[0m[37m,[0m [94mDEFAULT[0m[37m,[0m [94mDEFAULT[0m[37m,[0m [94mDEFAULT[0m[37m,[0m [94mDEFAULT[0m[37m,[0m [94mDEFAULT[0m[37m,[0m [94mDEFAULT[0m[37m,[0m [94mDEFAULT[0m[37m,[0m [37m$[0m[32m4[0m[37m)[0m [94mRETURNING[0m [37m"id"[0m[37m,[0m [37m"status"[0m[37m,[0m [37m"createdAt"[0m[37m,[0m [37m"updatedAt"[0m[37m,[0m [37m"deletedAt"[0m[37m,[0m [37m"accessCount"[0m [90m-- PARAMETERS: ["wrong-pwd-1769044623292@example.com","6faba6e4ed724c5b54fad19eca98923e2198cdbba78db5e74672c83217fb33a6","ACTIVE",0][0m
[90m[4mquery:[24m[39m [94mCOMMIT[0m
[90m[4mquery:[24m[39m [94mCOMMIT[0m
­ƒòÉ 2026-01-21 22:17:03.307 -0300 ­ƒöº DEBUG: [36m­ƒôØ Registrando auditoria: Customer.CREATE para usu├írio 1bdd8d2e-365a-46c2-ad5a-8586fcf18b78[39m
    [35mcontext[39m: "LogAuditUseCase"
[90m[4mquery:[24m[39m [37mSTART[0m [37mTRANSACTION[0m
[90m[4mquery:[24m[39m [37mSTART[0m [37mTRANSACTION[0m
­ƒòÉ 2026-01-21 22:17:03.308 -0300 ­ƒöº DEBUG: [36m­ƒôØ Registrando auditoria: Customer.CREATE para usu├írio 1bdd8d2e-365a-46c2-ad5a-8586fcf18b78[39m
    [35mcontext[39m: "LogAuditUseCase"
­ƒòÉ 2026-01-21 22:17:03.308 -0300 ­ƒöº DEBUG: [36mÔ£à Auditoria registrada: a3915fff-f30f-490a-8f30-393e18f1347d[39m
    [35mcontext[39m: "LogAuditUseCase"
[90m[4mquery:[24m[39m [94mINSERT INTO[0m [37m"audit_logs"[0m[37m([0m[37m"id"[0m[37m,[0m [37m"userId"[0m[37m,[0m [37m"userEmail"[0m[37m,[0m [37m"action"[0m[37m,[0m [37m"entityType"[0m[37m,[0m [37m"entityId"[0m[37m,[0m [37m"oldValues"[0m[37m,[0m [37m"newValues"[0m[37m,[0m [37m"changes"[0m[37m,[0m [37m"ipAddress"[0m[37m,[0m [37m"userAgent"[0m[37m,[0m [37m"endpoint"[0m[37m,[0m [37m"httpMethod"[0m[37m,[0m [37m"status"[0m[37m,[0m [37m"errorMessage"[0m[37m,[0m [37m"createdAt"[0m[37m,[0m [37m"deletedAt"[0m[37m)[0m [94mVALUES[0m [37m([0m[94mDEFAULT[0m[37m,[0m [37m$[0m[32m1[0m[37m,[0m [37m$[0m[32m2[0m[37m,[0m [37m$[0m[32m3[0m[37m,[0m [37m$[0m[32m4[0m[37m,[0m [37m$[0m[32m5[0m[37m,[0m [37m$[0m[32m6[0m[37m,[0m [37m$[0m[32m7[0m[37m,[0m [37m$[0m[32m8[0m[37m,[0m [37m$[0m[32m9[0m[37m,[0m [37m$[0m[32m10[0m[37m,[0m [37m$[0m[32m11[0m[37m,[0m [37m$[0m[32m12[0m[37m,[0m [37m$[0m[32m13[0m[37m,[0m [37m$[0m[32m14[0m[37m,[0m [94mDEFAULT[0m[37m,[0m [37m$[0m[32m15[0m[37m)[0m [94mRETURNING[0m [37m"id"[0m[37m,[0m [37m"createdAt"[0m[37m,[0m [37m"deletedAt"[0m [90m-- PARAMETERS: ["1bdd8d2e-365a-46c2-ad5a-8586fcf18b78","","CREATE","Customer","7c9dc29a-e6e5-4030-b9bf-6687a069a144",null,"{\"name\":\"Concurrent Customer 2\",\"salary\":5200,\"company\":null,\"status\":\"ACTIVE\",\"deletedAt\":null,\"userId\":\"1bdd8d2e-365a-46c2-ad5a-8586fcf18b78\",\"id\":\"7c9dc29a-e6e5-4030-b9bf-6687a069a144\",\"createdAt\":\"2026-01-22T04:17:03.696Z\",\"updatedAt\":\"2026-01-22T04:17:03.696Z\"}",null,null,null,"/api/customers","POST","201",null,null][0m
[90m[4mquery:[24m[39m [94mINSERT INTO[0m [37m"audit_logs"[0m[37m([0m[37m"id"[0m[37m,[0m [37m"userId"[0m[37m,[0m [37m"userEmail"[0m[37m,[0m [37m"action"[0m[37m,[0m [37m"entityType"[0m[37m,[0m [37m"entityId"[0m[37m,[0m [37m"oldValues"[0m[37m,[0m [37m"newValues"[0m[37m,[0m [37m"changes"[0m[37m,[0m [37m"ipAddress"[0m[37m,[0m [37m"userAgent"[0m[37m,[0m [37m"endpoint"[0m[37m,[0m [37m"httpMethod"[0m[37m,[0m [37m"status"[0m[37m,[0m [37m"errorMessage"[0m[37m,[0m [37m"createdAt"[0m[37m,[0m [37m"deletedAt"[0m[37m)[0m [94mVALUES[0m [37m([0m[94mDEFAULT[0m[37m,[0m [37m$[0m[32m1[0m[37m,[0m [37m$[0m[32m2[0m[37m,[0m [37m$[0m[32m3[0m[37m,[0m [37m$[0m[32m4[0m[37m,[0m [37m$[0m[32m5[0m[37m,[0m [37m$[0m[32m6[0m[37m,[0m [37m$[0m[32m7[0m[37m,[0m [37m$[0m[32m8[0m[37m,[0m [37m$[0m[32m9[0m[37m,[0m [37m$[0m[32m10[0m[37m,[0m [37m$[0m[32m11[0m[37m,[0m [37m$[0m[32m12[0m[37m,[0m [37m$[0m[32m13[0m[37m,[0m [37m$[0m[32m14[0m[37m,[0m [94mDEFAULT[0m[37m,[0m [37m$[0m[32m15[0m[37m)[0m [94mRETURNING[0m [37m"id"[0m[37m,[0m [37m"createdAt"[0m[37m,[0m [37m"deletedAt"[0m [90m-- PARAMETERS: ["1bdd8d2e-365a-46c2-ad5a-8586fcf18b78","","CREATE","Customer","056461d9-ec66-437f-96bb-67d3c4225c09",null,"{\"name\":\"Concurrent Customer 1\",\"salary\":5100,\"company\":null,\"status\":\"ACTIVE\",\"deletedAt\":null,\"userId\":\"1bdd8d2e-365a-46c2-ad5a-8586fcf18b78\",\"id\":\"056461d9-ec66-437f-96bb-67d3c4225c09\",\"createdAt\":\"2026-01-22T04:17:03.692Z\",\"updatedAt\":\"2026-01-22T04:17:03.692Z\"}",null,null,null,"/api/customers","POST","201",null,null][0m
­ƒòÉ 2026-01-21 22:17:03.311 -0300 Ôä╣´©Å  INFO: [36mÔ£à Usu├írio criado com sucesso: 888dcf65-1b4c-4730-bc01-0d0572e2faa5[39m
    [35mcontext[39m: "CreateUserUseCase"
[90m[4mquery:[24m[39m [37mSTART[0m [37mTRANSACTION[0m
[90m[4mquery:[24m[39m [94mCOMMIT[0m
­ƒòÉ 2026-01-21 22:17:03.311 -0300 ­ƒöº DEBUG: [36m­ƒôØ Registrando auditoria: User.CREATE para usu├írio 888dcf65-1b4c-4730-bc01-0d0572e2faa5[39m
    [35mcontext[39m: "LogAuditUseCase"
[90m[4mquery:[24m[39m [94mCOMMIT[0m
[90m[4mquery:[24m[39m [94mINSERT INTO[0m [37m"audit_logs"[0m[37m([0m[37m"id"[0m[37m,[0m [37m"userId"[0m[37m,[0m [37m"userEmail"[0m[37m,[0m [37m"action"[0m[37m,[0m [37m"entityType"[0m[37m,[0m [37m"entityId"[0m[37m,[0m [37m"oldValues"[0m[37m,[0m [37m"newValues"[0m[37m,[0m [37m"changes"[0m[37m,[0m [37m"ipAddress"[0m[37m,[0m [37m"userAgent"[0m[37m,[0m [37m"endpoint"[0m[37m,[0m [37m"httpMethod"[0m[37m,[0m [37m"status"[0m[37m,[0m [37m"errorMessage"[0m[37m,[0m [37m"createdAt"[0m[37m,[0m [37m"deletedAt"[0m[37m)[0m [94mVALUES[0m [37m([0m[94mDEFAULT[0m[37m,[0m [37m$[0m[32m1[0m[37m,[0m [37m$[0m[32m2[0m[37m,[0m [37m$[0m[32m3[0m[37m,[0m [37m$[0m[32m4[0m[37m,[0m [37m$[0m[32m5[0m[37m,[0m [37m$[0m[32m6[0m[37m,[0m [37m$[0m[32m7[0m[37m,[0m [37m$[0m[32m8[0m[37m,[0m [37m$[0m[32m9[0m[37m,[0m [37m$[0m[32m10[0m[37m,[0m [37m$[0m[32m11[0m[37m,[0m [37m$[0m[32m12[0m[37m,[0m [37m$[0m[32m13[0m[37m,[0m [37m$[0m[32m14[0m[37m,[0m [94mDEFAULT[0m[37m,[0m [37m$[0m[32m15[0m[37m)[0m [94mRETURNING[0m [37m"id"[0m[37m,[0m [37m"createdAt"[0m[37m,[0m [37m"deletedAt"[0m [90m-- PARAMETERS: ["888dcf65-1b4c-4730-bc01-0d0572e2faa5","wrong-pwd-1769044623292@example.com","CREATE","User","888dcf65-1b4c-4730-bc01-0d0572e2faa5",null,"{\"email\":\"wrong-pwd-1769044623292@example.com\",\"password\":\"6faba6e4ed724c5b54fad19eca98923e2198cdbba78db5e74672c83217fb33a6\",\"status\":\"ACTIVE\",\"accessCount\":0,\"refreshTokenHash\":null,\"refreshTokenExpires\":null,\"recoveryTokenHash\":null,\"recoveryTokenExpires\":null,\"id\":\"888dcf65-1b4c-4730-bc01-0d0572e2faa5\",\"createdAt\":\"2026-01-22T04:17:03.716Z\",\"updatedAt\":\"2026-01-22T04:17:03.716Z\",\"deletedAt\":null}",null,null,null,"/api/v1/users","POST","201",null,null][0m
[90m[4mquery:[24m[39m [94mCOMMIT[0m
[90m[4mquery:[24m[39m [37mSTART[0m [37mTRANSACTION[0m
[90m[4mquery:[24m[39m [94mINSERT INTO[0m [37m"customers"[0m[37m([0m[37m"id"[0m[37m,[0m [37m"userId"[0m[37m,[0m [37m"name"[0m[37m,[0m [37m"salary"[0m[37m,[0m [37m"company"[0m[37m,[0m [37m"status"[0m[37m,[0m [37m"createdAt"[0m[37m,[0m [37m"updatedAt"[0m[37m,[0m [37m"deletedAt"[0m[37m)[0m [94mVALUES[0m [37m([0m[94mDEFAULT[0m[37m,[0m [37m$[0m[32m1[0m[37m,[0m [37m$[0m[32m2[0m[37m,[0m [37m$[0m[32m3[0m[37m,[0m [37m$[0m[32m4[0m[37m,[0m [37m$[0m[32m5[0m[37m,[0m [94mDEFAULT[0m[37m,[0m [94mDEFAULT[0m[37m,[0m [37m$[0m[32m6[0m[37m)[0m [94mRETURNING[0m [37m"id"[0m[37m,[0m [37m"status"[0m[37m,[0m [37m"createdAt"[0m[37m,[0m [37m"updatedAt"[0m[37m,[0m [37m"deletedAt"[0m [90m-- PARAMETERS: ["1bdd8d2e-365a-46c2-ad5a-8586fcf18b78","Concurrent Customer 3",5300,null,"ACTIVE",null][0m
[90m[4mquery:[24m[39m [37mSTART[0m [37mTRANSACTION[0m
­ƒòÉ 2026-01-21 22:17:03.318 -0300 ­ƒöº DEBUG: [36mÔ£à Auditoria registrada: 75220ee8-19d6-498d-be18-7e3b77e9a181[39m
    [35mcontext[39m: "LogAuditUseCase"
[90m[4mquery:[24m[39m [94mINSERT INTO[0m [37m"customers"[0m[37m([0m[37m"id"[0m[37m,[0m [37m"userId"[0m[37m,[0m [37m"name"[0m[37m,[0m [37m"salary"[0m[37m,[0m [37m"company"[0m[37m,[0m [37m"status"[0m[37m,[0m [37m"createdAt"[0m[37m,[0m [37m"updatedAt"[0m[37m,[0m [37m"deletedAt"[0m[37m)[0m [94mVALUES[0m [37m([0m[94mDEFAULT[0m[37m,[0m [37m$[0m[32m1[0m[37m,[0m [37m$[0m[32m2[0m[37m,[0m [37m$[0m[32m3[0m[37m,[0m [37m$[0m[32m4[0m[37m,[0m [37m$[0m[32m5[0m[37m,[0m [94mDEFAULT[0m[37m,[0m [94mDEFAULT[0m[37m,[0m [37m$[0m[32m6[0m[37m)[0m [94mRETURNING[0m [37m"id"[0m[37m,[0m [37m"status"[0m[37m,[0m [37m"createdAt"[0m[37m,[0m [37m"updatedAt"[0m[37m,[0m [37m"deletedAt"[0m [90m-- PARAMETERS: ["1bdd8d2e-365a-46c2-ad5a-8586fcf18b78","Concurrent Customer 4",5400,null,"ACTIVE",null][0m
[90m[4mquery:[24m[39m [94mCOMMIT[0m
­ƒòÉ 2026-01-21 22:17:03.321 -0300 ­ƒöº DEBUG: [36mÔ£à Auditoria registrada: ce319a9a-709b-45b6-bd70-7f2b140bb277[39m
    [35mcontext[39m: "LogAuditUseCase"
[90m[4mquery:[24m[39m [94mCOMMIT[0m
­ƒòÉ 2026-01-21 22:17:03.322 -0300 ­ƒöº DEBUG: [36mÔ£à Auditoria registrada: 32d2cfb7-391b-4d0e-a6b2-2eb8bf049fde[39m
    [35mcontext[39m: "LogAuditUseCase"
[90m[4mquery:[24m[39m [94mSELECT[0m [37m"User"[0m[37m.[0m[37m"id"[0m [94mAS[0m [37m"User_id"[0m[37m,[0m [37m"User"[0m[37m.[0m[37m"email"[0m [94mAS[0m [37m"User_email"[0m[37m,[0m [37m"User"[0m[37m.[0m[37m"password"[0m [94mAS[0m [37m"User_password"[0m[37m,[0m [37m"User"[0m[37m.[0m[37m"status"[0m [94mAS[0m [37m"User_status"[0m[37m,[0m [37m"User"[0m[37m.[0m[37m"refreshTokenHash"[0m [94mAS[0m [37m"User_refreshTokenHash"[0m[37m,[0m [37m"User"[0m[37m.[0m[37m"refreshTokenExpires"[0m [94mAS[0m [37m"User_refreshTokenExpires"[0m[37m,[0m [37m"User"[0m[37m.[0m[37m"recoveryTokenHash"[0m [94mAS[0m [37m"User_recoveryTokenHash"[0m[37m,[0m [37m"User"[0m[37m.[0m[37m"recoveryTokenExpires"[0m [94mAS[0m [37m"User_recoveryTokenExpires"[0m[37m,[0m [37m"User"[0m[37m.[0m[37m"createdAt"[0m [94mAS[0m [37m"User_createdAt"[0m[37m,[0m [37m"User"[0m[37m.[0m[37m"updatedAt"[0m [94mAS[0m [37m"User_updatedAt"[0m[37m,[0m [37m"User"[0m[37m.[0m[37m"deletedAt"[0m [94mAS[0m [37m"User_deletedAt"[0m[37m,[0m [37m"User"[0m[37m.[0m[37m"accessCount"[0m [94mAS[0m [37m"User_accessCount"[0m [94mFROM[0m [37m"users"[0m [37m"User"[0m [94mWHERE[0m [37m([0m [37m([0m[37m([0m[37m"User"[0m[37m.[0m[37m"email"[0m [37m=[0m [37m$[0m[32m1[0m[37m)[0m [94mAND[0m [37m([0m[37m"User"[0m[37m.[0m[37m"deletedAt"[0m [94mIS NULL[0m[37m)[0m[37m)[0m [37m)[0m [94mAND[0m [37m([0m [37m"User"[0m[37m.[0m[37m"deletedAt"[0m [94mIS NULL[0m [37m)[0m [94mLIMIT[0m [32m1[0m [90m-- PARAMETERS: ["wrong-pwd-1769044623292@example.com"][0m
­ƒòÉ 2026-01-21 22:17:03.325 -0300 ­ƒöº DEBUG: [36m­ƒôØ Registrando auditoria: Customer.CREATE para usu├írio 1bdd8d2e-365a-46c2-ad5a-8586fcf18b78[39m
    [35mcontext[39m: "LogAuditUseCase"
[90m[4mquery:[24m[39m [37mSTART[0m [37mTRANSACTION[0m
[90m[4mquery:[24m[39m [94mINSERT INTO[0m [37m"audit_logs"[0m[37m([0m[37m"id"[0m[37m,[0m [37m"userId"[0m[37m,[0m [37m"userEmail"[0m[37m,[0m [37m"action"[0m[37m,[0m [37m"entityType"[0m[37m,[0m [37m"entityId"[0m[37m,[0m [37m"oldValues"[0m[37m,[0m [37m"newValues"[0m[37m,[0m [37m"changes"[0m[37m,[0m [37m"ipAddress"[0m[37m,[0m [37m"userAgent"[0m[37m,[0m [37m"endpoint"[0m[37m,[0m [37m"httpMethod"[0m[37m,[0m [37m"status"[0m[37m,[0m [37m"errorMessage"[0m[37m,[0m [37m"createdAt"[0m[37m,[0m [37m"deletedAt"[0m[37m)[0m [94mVALUES[0m [37m([0m[94mDEFAULT[0m[37m,[0m [37m$[0m[32m1[0m[37m,[0m [37m$[0m[32m2[0m[37m,[0m [37m$[0m[32m3[0m[37m,[0m [37m$[0m[32m4[0m[37m,[0m [37m$[0m[32m5[0m[37m,[0m [37m$[0m[32m6[0m[37m,[0m [37m$[0m[32m7[0m[37m,[0m [37m$[0m[32m8[0m[37m,[0m [37m$[0m[32m9[0m[37m,[0m [37m$[0m[32m10[0m[37m,[0m [37m$[0m[32m11[0m[37m,[0m [37m$[0m[32m12[0m[37m,[0m [37m$[0m[32m13[0m[37m,[0m [37m$[0m[32m14[0m[37m,[0m [94mDEFAULT[0m[37m,[0m [37m$[0m[32m15[0m[37m)[0m [94mRETURNING[0m [37m"id"[0m[37m,[0m [37m"createdAt"[0m[37m,[0m [37m"deletedAt"[0m [90m-- PARAMETERS: ["1bdd8d2e-365a-46c2-ad5a-8586fcf18b78","","CREATE","Customer","84f1d9f6-5990-429e-a8a8-efa62788eca5",null,"{\"name\":\"Concurrent Customer 3\",\"salary\":5300,\"company\":null,\"status\":\"ACTIVE\",\"deletedAt\":null,\"userId\":\"1bdd8d2e-365a-46c2-ad5a-8586fcf18b78\",\"id\":\"84f1d9f6-5990-429e-a8a8-efa62788eca5\",\"createdAt\":\"2026-01-22T04:17:03.733Z\",\"updatedAt\":\"2026-01-22T04:17:03.733Z\"}",null,null,null,"/api/customers","POST","201",null,null][0m
­ƒòÉ 2026-01-21 22:17:03.328 -0300 ÔÜá´©Å  WARN: [36mÔØî Login attempt com senha incorreta: wrong-pwd-1769044623292@example.com[39m
    [35mcontext[39m: "LocalUserStrategy"
[90m[4mquery:[24m[39m [94mCOMMIT[0m
­ƒòÉ 2026-01-21 22:17:03.329 -0300 ÔÜá´©Å  WARN: [36mÔÜá´©Å HTTP Exception: 401 - Email ou senha inv├ílidos[39m
    [35mcontext[39m: {
      "path": "/api/auth/login",
      "method": "POST"
    }
[90m[4mquery:[24m[39m [37mSTART[0m [37mTRANSACTION[0m
­ƒòÉ 2026-01-21 22:17:03.330 -0300 ­ƒöº DEBUG: [36m­ƒôØ Registrando auditoria: Customer.CREATE para usu├írio 1bdd8d2e-365a-46c2-ad5a-8586fcf18b78[39m
    [35mcontext[39m: "LogAuditUseCase"
[90m[4mquery:[24m[39m [94mINSERT INTO[0m [37m"audit_logs"[0m[37m([0m[37m"id"[0m[37m,[0m [37m"userId"[0m[37m,[0m [37m"userEmail"[0m[37m,[0m [37m"action"[0m[37m,[0m [37m"entityType"[0m[37m,[0m [37m"entityId"[0m[37m,[0m [37m"oldValues"[0m[37m,[0m [37m"newValues"[0m[37m,[0m [37m"changes"[0m[37m,[0m [37m"ipAddress"[0m[37m,[0m [37m"userAgent"[0m[37m,[0m [37m"endpoint"[0m[37m,[0m [37m"httpMethod"[0m[37m,[0m [37m"status"[0m[37m,[0m [37m"errorMessage"[0m[37m,[0m [37m"createdAt"[0m[37m,[0m [37m"deletedAt"[0m[37m)[0m [94mVALUES[0m [37m([0m[94mDEFAULT[0m[37m,[0m [37m$[0m[32m1[0m[37m,[0m [37m$[0m[32m2[0m[37m,[0m [37m$[0m[32m3[0m[37m,[0m [37m$[0m[32m4[0m[37m,[0m [37m$[0m[32m5[0m[37m,[0m [37m$[0m[32m6[0m[37m,[0m [37m$[0m[32m7[0m[37m,[0m [37m$[0m[32m8[0m[37m,[0m [37m$[0m[32m9[0m[37m,[0m [37m$[0m[32m10[0m[37m,[0m [37m$[0m[32m11[0m[37m,[0m [37m$[0m[32m12[0m[37m,[0m [37m$[0m[32m13[0m[37m,[0m [37m$[0m[32m14[0m[37m,[0m [94mDEFAULT[0m[37m,[0m [37m$[0m[32m15[0m[37m)[0m [94mRETURNING[0m [37m"id"[0m[37m,[0m [37m"createdAt"[0m[37m,[0m [37m"deletedAt"[0m [90m-- PARAMETERS: ["1bdd8d2e-365a-46c2-ad5a-8586fcf18b78","","CREATE","Customer","03b11f2f-762b-43a6-b168-448ab43aa679",null,"{\"name\":\"Concurrent Customer 4\",\"salary\":5400,\"company\":null,\"status\":\"ACTIVE\",\"deletedAt\":null,\"userId\":\"1bdd8d2e-365a-46c2-ad5a-8586fcf18b78\",\"id\":\"03b11f2f-762b-43a6-b168-448ab43aa679\",\"createdAt\":\"2026-01-22T04:17:03.734Z\",\"updatedAt\":\"2026-01-22T04:17:03.734Z\"}",null,null,null,"/api/customers","POST","201",null,null][0m
­ƒòÉ 2026-01-21 22:17:03.333 -0300 ­ƒöº DEBUG: [36m­ƒöô Rota p├║blica - autentica├º├úo dispensada[39m
    [35mcontext[39m: "JwtAuthGuard"
[90m[4mquery:[24m[39m [94mSELECT[0m [37m"User"[0m[37m.[0m[37m"id"[0m [94mAS[0m [37m"User_id"[0m[37m,[0m [37m"User"[0m[37m.[0m[37m"email"[0m [94mAS[0m [37m"User_email"[0m[37m,[0m [37m"User"[0m[37m.[0m[37m"password"[0m [94mAS[0m [37m"User_password"[0m[37m,[0m [37m"User"[0m[37m.[0m[37m"status"[0m [94mAS[0m [37m"User_status"[0m[37m,[0m [37m"User"[0m[37m.[0m[37m"refreshTokenHash"[0m [94mAS[0m [37m"User_refreshTokenHash"[0m[37m,[0m [37m"User"[0m[37m.[0m[37m"refreshTokenExpires"[0m [94mAS[0m [37m"User_refreshTokenExpires"[0m[37m,[0m [37m"User"[0m[37m.[0m[37m"recoveryTokenHash"[0m [94mAS[0m [37m"User_recoveryTokenHash"[0m[37m,[0m [37m"User"[0m[37m.[0m[37m"recoveryTokenExpires"[0m [94mAS[0m [37m"User_recoveryTokenExpires"[0m[37m,[0m [37m"User"[0m[37m.[0m[37m"createdAt"[0m [94mAS[0m [37m"User_createdAt"[0m[37m,[0m [37m"User"[0m[37m.[0m[37m"updatedAt"[0m [94mAS[0m [37m"User_updatedAt"[0m[37m,[0m [37m"User"[0m[37m.[0m[37m"deletedAt"[0m [94mAS[0m [37m"User_deletedAt"[0m[37m,[0m [37m"User"[0m[37m.[0m[37m"accessCount"[0m [94mAS[0m [37m"User_accessCount"[0m [94mFROM[0m [37m"users"[0m [37m"User"[0m [94mWHERE[0m [37m([0m [37m([0m[37m([0m[37m"User"[0m[37m.[0m[37m"email"[0m [37m=[0m [37m$[0m[32m1[0m[37m)[0m [94mAND[0m [37m([0m[37m"User"[0m[37m.[0m[37m"deletedAt"[0m [94mIS NULL[0m[37m)[0m[37m)[0m [37m)[0m [94mAND[0m [37m([0m [37m"User"[0m[37m.[0m[37m"deletedAt"[0m [94mIS NULL[0m [37m)[0m [94mLIMIT[0m [32m1[0m [90m-- PARAMETERS: ["refresh-test-1769044623332@example.com"][0m
[90m[4mquery:[24m[39m [94mCOMMIT[0m
­ƒòÉ 2026-01-21 22:17:03.335 -0300 ­ƒöº DEBUG: [36mÔ£à Auditoria registrada: 1837a593-bb05-44a7-99f0-6a8776f78f00[39m
    [35mcontext[39m: "LogAuditUseCase"
[90m[4mquery:[24m[39m [37mSTART[0m [37mTRANSACTION[0m
­ƒòÉ 2026-01-21 22:17:03.336 -0300 Ôä╣´©Å  INFO: [36m­ƒôØ Criando usu├írio: refresh-test-1769044623332@example.com[39m
    [35mcontext[39m: "CreateUserUseCase"
[90m[4mquery:[24m[39m [94mINSERT INTO[0m [37m"users"[0m[37m([0m[37m"id"[0m[37m,[0m [37m"email"[0m[37m,[0m [37m"password"[0m[37m,[0m [37m"status"[0m[37m,[0m [37m"refreshTokenHash"[0m[37m,[0m [37m"refreshTokenExpires"[0m[37m,[0m [37m"recoveryTokenHash"[0m[37m,[0m [37m"recoveryTokenExpires"[0m[37m,[0m [37m"createdAt"[0m[37m,[0m [37m"updatedAt"[0m[37m,[0m [37m"deletedAt"[0m[37m,[0m [37m"accessCount"[0m[37m)[0m [94mVALUES[0m [37m([0m[94mDEFAULT[0m[37m,[0m [37m$[0m[32m1[0m[37m,[0m [37m$[0m[32m2[0m[37m,[0m [37m$[0m[32m3[0m[37m,[0m [94mDEFAULT[0m[37m,[0m [94mDEFAULT[0m[37m,[0m [94mDEFAULT[0m[37m,[0m [94mDEFAULT[0m[37m,[0m [94mDEFAULT[0m[37m,[0m [94mDEFAULT[0m[37m,[0m [94mDEFAULT[0m[37m,[0m [37m$[0m[32m4[0m[37m)[0m [94mRETURNING[0m [37m"id"[0m[37m,[0m [37m"status"[0m[37m,[0m [37m"createdAt"[0m[37m,[0m [37m"updatedAt"[0m[37m,[0m [37m"deletedAt"[0m[37m,[0m [37m"accessCount"[0m [90m-- PARAMETERS: ["refresh-test-1769044623332@example.com","6faba6e4ed724c5b54fad19eca98923e2198cdbba78db5e74672c83217fb33a6","ACTIVE",0][0m
[90m[4mquery:[24m[39m [94mCOMMIT[0m
­ƒòÉ 2026-01-21 22:17:03.339 -0300 ­ƒöº DEBUG: [36mÔ£à Auditoria registrada: 70be1db8-84a6-42e2-9b77-b1edf87b3ecc[39m
    [35mcontext[39m: "LogAuditUseCase"
­ƒòÉ 2026-01-21 22:17:03.344 -0300 Ôä╣´©Å  INFO: [36mÔ£à Usu├írio criado com sucesso: 9e9b63fc-84ab-4208-bc19-8ba9498124a9[39m
    [35mcontext[39m: "CreateUserUseCase"
[90m[4mquery:[24m[39m [37mSTART[0m [37mTRANSACTION[0m
­ƒòÉ 2026-01-21 22:17:03.344 -0300 ­ƒöº DEBUG: [36m­ƒôØ Registrando auditoria: User.CREATE para usu├írio 9e9b63fc-84ab-4208-bc19-8ba9498124a9[39m
    [35mcontext[39m: "LogAuditUseCase"
 PASS   backend-e2e  apps/backend-e2e/src/backend/audit-and-health.spec.ts
[90m[4mquery:[24m[39m [94mINSERT INTO[0m [37m"audit_logs"[0m[37m([0m[37m"id"[0m[37m,[0m [37m"userId"[0m[37m,[0m [37m"userEmail"[0m[37m,[0m [37m"action"[0m[37m,[0m [37m"entityType"[0m[37m,[0m [37m"entityId"[0m[37m,[0m [37m"oldValues"[0m[37m,[0m [37m"newValues"[0m[37m,[0m [37m"changes"[0m[37m,[0m [37m"ipAddress"[0m[37m,[0m [37m"userAgent"[0m[37m,[0m [37m"endpoint"[0m[37m,[0m [37m"httpMethod"[0m[37m,[0m [37m"status"[0m[37m,[0m [37m"errorMessage"[0m[37m,[0m [37m"createdAt"[0m[37m,[0m [37m"deletedAt"[0m[37m)[0m [94mVALUES[0m [37m([0m[94mDEFAULT[0m[37m,[0m [37m$[0m[32m1[0m[37m,[0m [37m$[0m[32m2[0m[37m,[0m [37m$[0m[32m3[0m[37m,[0m [37m$[0m[32m4[0m[37m,[0m [37m$[0m[32m5[0m[37m,[0m [37m$[0m[32m6[0m[37m,[0m [37m$[0m[32m7[0m[37m,[0m [37m$[0m[32m8[0m[37m,[0m [37m$[0m[32m9[0m[37m,[0m [37m$[0m[32m10[0m[37m,[0m [37m$[0m[32m11[0m[37m,[0m [37m$[0m[32m12[0m[37m,[0m [37m$[0m[32m13[0m[37m,[0m [37m$[0m[32m14[0m[37m,[0m [94mDEFAULT[0m[37m,[0m [37m$[0m[32m15[0m[37m)[0m [94mRETURNING[0m [37m"id"[0m[37m,[0m [37m"createdAt"[0m[37m,[0m [37m"deletedAt"[0m [90m-- PARAMETERS: ["9e9b63fc-84ab-4208-bc19-8ba9498124a9","refresh-test-1769044623332@example.com","CREATE","User","9e9b63fc-84ab-4208-bc19-8ba9498124a9",null,"{\"email\":\"refresh-test-1769044623332@example.com\",\"password\":\"6faba6e4ed724c5b54fad19eca98923e2198cdbba78db5e74672c83217fb33a6\",\"status\":\"ACTIVE\",\"accessCount\":0,\"refreshTokenHash\":null,\"refreshTokenExpires\":null,\"recoveryTokenHash\":null,\"recoveryTokenExpires\":null,\"id\":\"9e9b63fc-84ab-4208-bc19-8ba9498124a9\",\"createdAt\":\"2026-01-22T04:17:03.753Z\",\"updatedAt\":\"2026-01-22T04:17:03.753Z\",\"deletedAt\":null}",null,null,null,"/api/v1/users","POST","201",null,null][0m
[90m[4mquery:[24m[39m [94mCOMMIT[0m
­ƒòÉ 2026-01-21 22:17:03.352 -0300 ­ƒöº DEBUG: [36mÔ£à Auditoria registrada: 55f08c30-52c4-4a8d-a59d-673f28dfb135[39m
    [35mcontext[39m: "LogAuditUseCase"
[90m[4mquery:[24m[39m [94mSELECT[0m [37m"User"[0m[37m.[0m[37m"id"[0m [94mAS[0m [37m"User_id"[0m[37m,[0m [37m"User"[0m[37m.[0m[37m"email"[0m [94mAS[0m [37m"User_email"[0m[37m,[0m [37m"User"[0m[37m.[0m[37m"password"[0m [94mAS[0m [37m"User_password"[0m[37m,[0m [37m"User"[0m[37m.[0m[37m"status"[0m [94mAS[0m [37m"User_status"[0m[37m,[0m [37m"User"[0m[37m.[0m[37m"refreshTokenHash"[0m [94mAS[0m [37m"User_refreshTokenHash"[0m[37m,[0m [37m"User"[0m[37m.[0m[37m"refreshTokenExpires"[0m [94mAS[0m [37m"User_refreshTokenExpires"[0m[37m,[0m [37m"User"[0m[37m.[0m[37m"recoveryTokenHash"[0m [94mAS[0m [37m"User_recoveryTokenHash"[0m[37m,[0m [37m"User"[0m[37m.[0m[37m"recoveryTokenExpires"[0m [94mAS[0m [37m"User_recoveryTokenExpires"[0m[37m,[0m [37m"User"[0m[37m.[0m[37m"createdAt"[0m [94mAS[0m [37m"User_createdAt"[0m[37m,[0m [37m"User"[0m[37m.[0m[37m"updatedAt"[0m [94mAS[0m [37m"User_updatedAt"[0m[37m,[0m [37m"User"[0m[37m.[0m[37m"deletedAt"[0m [94mAS[0m [37m"User_deletedAt"[0m[37m,[0m [37m"User"[0m[37m.[0m[37m"accessCount"[0m [94mAS[0m [37m"User_accessCount"[0m [94mFROM[0m [37m"users"[0m [37m"User"[0m [94mWHERE[0m [37m([0m [37m([0m[37m([0m[37m"User"[0m[37m.[0m[37m"email"[0m [37m=[0m [37m$[0m[32m1[0m[37m)[0m [94mAND[0m [37m([0m[37m"User"[0m[37m.[0m[37m"deletedAt"[0m [94mIS NULL[0m[37m)[0m[37m)[0m [37m)[0m [94mAND[0m [37m([0m [37m"User"[0m[37m.[0m[37m"deletedAt"[0m [94mIS NULL[0m [37m)[0m [94mLIMIT[0m [32m1[0m [90m-- PARAMETERS: ["refresh-test-1769044623332@example.com"][0m
­ƒòÉ 2026-01-21 22:17:03.358 -0300 Ôä╣´©Å  INFO: [36mÔ£à Usu├írio autenticado: refresh-test-1769044623332@example.com[39m
    [35mcontext[39m: "LocalUserStrategy"
[90m[4mquery:[24m[39m [94mSELECT[0m [37m"User"[0m[37m.[0m[37m"id"[0m [94mAS[0m [37m"User_id"[0m[37m,[0m [37m"User"[0m[37m.[0m[37m"email"[0m [94mAS[0m [37m"User_email"[0m[37m,[0m [37m"User"[0m[37m.[0m[37m"password"[0m [94mAS[0m [37m"User_password"[0m[37m,[0m [37m"User"[0m[37m.[0m[37m"status"[0m [94mAS[0m [37m"User_status"[0m[37m,[0m [37m"User"[0m[37m.[0m[37m"refreshTokenHash"[0m [94mAS[0m [37m"User_refreshTokenHash"[0m[37m,[0m [37m"User"[0m[37m.[0m[37m"refreshTokenExpires"[0m [94mAS[0m [37m"User_refreshTokenExpires"[0m[37m,[0m [37m"User"[0m[37m.[0m[37m"recoveryTokenHash"[0m [94mAS[0m [37m"User_recoveryTokenHash"[0m[37m,[0m [37m"User"[0m[37m.[0m[37m"recoveryTokenExpires"[0m [94mAS[0m [37m"User_recoveryTokenExpires"[0m[37m,[0m [37m"User"[0m[37m.[0m[37m"createdAt"[0m [94mAS[0m [37m"User_createdAt"[0m[37m,[0m [37m"User"[0m[37m.[0m[37m"updatedAt"[0m [94mAS[0m [37m"User_updatedAt"[0m[37m,[0m [37m"User"[0m[37m.[0m[37m"deletedAt"[0m [94mAS[0m [37m"User_deletedAt"[0m[37m,[0m [37m"User"[0m[37m.[0m[37m"accessCount"[0m [94mAS[0m [37m"User_accessCount"[0m [94mFROM[0m [37m"users"[0m [37m"User"[0m [94mWHERE[0m [37m([0m [37m([0m[37m([0m[37m"User"[0m[37m.[0m[37m"id"[0m [37m=[0m [37m$[0m[32m1[0m[37m)[0m [94mAND[0m [37m([0m[37m"User"[0m[37m.[0m[37m"deletedAt"[0m [94mIS NULL[0m[37m)[0m[37m)[0m [37m)[0m [94mAND[0m [37m([0m [37m"User"[0m[37m.[0m[37m"deletedAt"[0m [94mIS NULL[0m [37m)[0m [94mLIMIT[0m [32m1[0m [90m-- PARAMETERS: ["9e9b63fc-84ab-4208-bc19-8ba9498124a9"][0m
­ƒòÉ 2026-01-21 22:17:03.359 -0300 Ôä╣´©Å  INFO: [36mÔ£à Guard validado para: refresh-test-1769044623332@example.com[39m
    [35mcontext[39m: "LocalUserAuthGuard"
­ƒòÉ 2026-01-21 22:17:03.359 -0300 Ôä╣´©Å  INFO: [36m­ƒöÉ Iniciando login para: refresh-test-1769044623332@example.com[39m
    [35mcontext[39m: "LoginUseCase"
­ƒòÉ 2026-01-21 22:17:03.362 -0300 Ôä╣´©Å  INFO: [36mÔ£à Access Token gerado com TTL 3600s: refresh-test-1769044623332@example.com[39m
    [35mcontext[39m: "LoginUseCase"
[90m[4mquery:[24m[39m [94mUPDATE[0m [37m"users"[0m [94mSET[0m [37m"id"[0m [37m=[0m [37m$[0m[32m1[0m[37m,[0m [37m"email"[0m [37m=[0m [37m$[0m[32m2[0m[37m,[0m [37m"password"[0m [37m=[0m [37m$[0m[32m3[0m[37m,[0m [37m"status"[0m [37m=[0m [37m$[0m[32m4[0m[37m,[0m [37m"refreshTokenHash"[0m [37m=[0m [37m$[0m[32m5[0m[37m,[0m [37m"refreshTokenExpires"[0m [37m=[0m [37m$[0m[32m6[0m[37m,[0m [37m"recoveryTokenHash"[0m [37m=[0m [37m$[0m[32m7[0m[37m,[0m [37m"recoveryTokenExpires"[0m [37m=[0m [37m$[0m[32m8[0m[37m,[0m [37m"createdAt"[0m [37m=[0m [37m$[0m[32m9[0m[37m,[0m [37m"updatedAt"[0m [37m=[0m [37m$[0m[32m10[0m[37m,[0m [37m"deletedAt"[0m [37m=[0m [37m$[0m[32m11[0m[37m,[0m [37m"accessCount"[0m [37m=[0m [37m$[0m[32m12[0m [94mWHERE[0m [37m"id"[0m [94mIN[0m [37m([0m[37m$[0m[32m13[0m[37m)[0m [90m-- PARAMETERS: ["9e9b63fc-84ab-4208-bc19-8ba9498124a9","refresh-test-1769044623332@example.com","6faba6e4ed724c5b54fad19eca98923e2198cdbba78db5e74672c83217fb33a6","ACTIVE","844259106faf0f7ae5317ecc9df44fa3d7ec7234275b070049ae51c61b03f098","2026-01-29T01:17:03.363Z",null,null,"2026-01-22T04:17:03.753Z","2026-01-22T01:17:03.363Z",null,1,"9e9b63fc-84ab-4208-bc19-8ba9498124a9"][0m
­ƒòÉ 2026-01-21 22:17:03.363 -0300 Ôä╣´©Å  INFO: [36mÔ£à Refresh Token gerado com TTL 604800s: refresh-test-1769044623332@example.com[39m
    [35mcontext[39m: "LoginUseCase"
[90m[4mquery:[24m[39m [94mSELECT[0m [37m"User"[0m[37m.[0m[37m"id"[0m [94mAS[0m [37m"User_id"[0m[37m,[0m [37m"User"[0m[37m.[0m[37m"email"[0m [94mAS[0m [37m"User_email"[0m[37m,[0m [37m"User"[0m[37m.[0m[37m"password"[0m [94mAS[0m [37m"User_password"[0m[37m,[0m [37m"User"[0m[37m.[0m[37m"status"[0m [94mAS[0m [37m"User_status"[0m[37m,[0m [37m"User"[0m[37m.[0m[37m"refreshTokenHash"[0m [94mAS[0m [37m"User_refreshTokenHash"[0m[37m,[0m [37m"User"[0m[37m.[0m[37m"refreshTokenExpires"[0m [94mAS[0m [37m"User_refreshTokenExpires"[0m[37m,[0m [37m"User"[0m[37m.[0m[37m"recoveryTokenHash"[0m [94mAS[0m [37m"User_recoveryTokenHash"[0m[37m,[0m [37m"User"[0m[37m.[0m[37m"recoveryTokenExpires"[0m [94mAS[0m [37m"User_recoveryTokenExpires"[0m[37m,[0m [37m"User"[0m[37m.[0m[37m"createdAt"[0m [94mAS[0m [37m"User_createdAt"[0m[37m,[0m [37m"User"[0m[37m.[0m[37m"updatedAt"[0m [94mAS[0m [37m"User_updatedAt"[0m[37m,[0m [37m"User"[0m[37m.[0m[37m"deletedAt"[0m [94mAS[0m [37m"User_deletedAt"[0m[37m,[0m [37m"User"[0m[37m.[0m[37m"accessCount"[0m [94mAS[0m [37m"User_accessCount"[0m [94mFROM[0m [37m"users"[0m [37m"User"[0m [94mWHERE[0m [37m([0m [37m([0m[37m([0m[37m"User"[0m[37m.[0m[37m"id"[0m [37m=[0m [37m$[0m[32m1[0m[37m)[0m [94mAND[0m [37m([0m[37m"User"[0m[37m.[0m[37m"deletedAt"[0m [94mIS NULL[0m[37m)[0m[37m)[0m [37m)[0m [94mAND[0m [37m([0m [37m"User"[0m[37m.[0m[37m"deletedAt"[0m [94mIS NULL[0m [37m)[0m [94mLIMIT[0m [32m1[0m [90m-- PARAMETERS: ["9e9b63fc-84ab-4208-bc19-8ba9498124a9"][0m
[90m[4mquery:[24m[39m [94mUPDATE[0m [37m"users"[0m [94mSET[0m [37m"accessCount"[0m [37m=[0m [37m"accessCount"[0m [37m+[0m [32m1[0m[37m,[0m [37m"updatedAt"[0m [37m=[0m [37mCURRENT_TIMESTAMP[0m [94mWHERE[0m [37m"id"[0m [37m=[0m [37m$[0m[32m1[0m [90m-- PARAMETERS: ["9e9b63fc-84ab-4208-bc19-8ba9498124a9"][0m
­ƒòÉ 2026-01-21 22:17:03.376 -0300 Ôä╣´©Å  INFO: [36mÔ£à Refresh token hash e contador de acessos atualizados no BD: refresh-test-1769044623332@example.com[39m
    [35mcontext[39m: "LoginUseCase"
[90m[4mquery:[24m[39m [37mSTART[0m [37mTRANSACTION[0m
­ƒòÉ 2026-01-21 22:17:03.376 -0300 Ôä╣´©Å  INFO: [36m­ƒì¬ Setando cookie Authentication com expira├º├úo: Thu Jan 22 2026 07:37:00 GMT-0300 (Hor├írio Padr├úo de Bras├¡lia)[39m
    [35mcontext[39m: "LoginUseCase"
­ƒòÉ 2026-01-21 22:17:03.377 -0300 Ôä╣´©Å  INFO: [36m­ƒì¬ Setando cookie RefreshToken com expira├º├úo: Wed Jan 28 2026 22:17:03 GMT-0300 (Hor├írio Padr├úo de Bras├¡lia)[39m
    [35mcontext[39m: "LoginUseCase"
­ƒòÉ 2026-01-21 22:17:03.377 -0300 Ôä╣´©Å  INFO: [36mÔ£à Cookies httpOnly setados: refresh-test-1769044623332@example.com[39m
    [35mcontext[39m: "LoginUseCase"
­ƒòÉ 2026-01-21 22:17:03.377 -0300 ­ƒöº DEBUG: [36m­ƒôØ Registrando auditoria: User.LOGIN para usu├írio 9e9b63fc-84ab-4208-bc19-8ba9498124a9[39m
    [35mcontext[39m: "LogAuditUseCase"
[90m[4mquery:[24m[39m [94mINSERT INTO[0m [37m"audit_logs"[0m[37m([0m[37m"id"[0m[37m,[0m [37m"userId"[0m[37m,[0m [37m"userEmail"[0m[37m,[0m [37m"action"[0m[37m,[0m [37m"entityType"[0m[37m,[0m [37m"entityId"[0m[37m,[0m [37m"oldValues"[0m[37m,[0m [37m"newValues"[0m[37m,[0m [37m"changes"[0m[37m,[0m [37m"ipAddress"[0m[37m,[0m [37m"userAgent"[0m[37m,[0m [37m"endpoint"[0m[37m,[0m [37m"httpMethod"[0m[37m,[0m [37m"status"[0m[37m,[0m [37m"errorMessage"[0m[37m,[0m [37m"createdAt"[0m[37m,[0m [37m"deletedAt"[0m[37m)[0m [94mVALUES[0m [37m([0m[94mDEFAULT[0m[37m,[0m [37m$[0m[32m1[0m[37m,[0m [37m$[0m[32m2[0m[37m,[0m [37m$[0m[32m3[0m[37m,[0m [37m$[0m[32m4[0m[37m,[0m [37m$[0m[32m5[0m[37m,[0m [37m$[0m[32m6[0m[37m,[0m [37m$[0m[32m7[0m[37m,[0m [37m$[0m[32m8[0m[37m,[0m [37m$[0m[32m9[0m[37m,[0m [37m$[0m[32m10[0m[37m,[0m [37m$[0m[32m11[0m[37m,[0m [37m$[0m[32m12[0m[37m,[0m [37m$[0m[32m13[0m[37m,[0m [37m$[0m[32m14[0m[37m,[0m [94mDEFAULT[0m[37m,[0m [37m$[0m[32m15[0m[37m)[0m [94mRETURNING[0m [37m"id"[0m[37m,[0m [37m"createdAt"[0m[37m,[0m [37m"deletedAt"[0m [90m-- PARAMETERS: ["9e9b63fc-84ab-4208-bc19-8ba9498124a9","refresh-test-1769044623332@example.com","LOGIN","User","9e9b63fc-84ab-4208-bc19-8ba9498124a9",null,"{\"email\":\"refresh-test-1769044623332@example.com\",\"accessCount\":1}",null,"unknown","unknown","/api/auth/login","POST","200",null,null][0m
[90m[4mquery:[24m[39m [94mCOMMIT[0m
­ƒòÉ 2026-01-21 22:17:03.387 -0300 ­ƒöº DEBUG: [36mÔ£à Auditoria registrada: 49b0bcef-0e02-49f3-8220-158dc45dceb1[39m
    [35mcontext[39m: "LogAuditUseCase"
­ƒòÉ 2026-01-21 22:17:03.387 -0300 Ôä╣´©Å  INFO: [36mÔ£à Auditoria de login registrada: refresh-test-1769044623332@example.com[39m
    [35mcontext[39m: "LoginUseCase"
­ƒòÉ 2026-01-21 22:17:03.391 -0300 ­ƒöº DEBUG: [36mPOST /auth/refresh chamado[39m
    [35mcontext[39m: "AuthController"
­ƒòÉ 2026-01-21 22:17:03.392 -0300 ÔØî ERROR: [36mÔØî Erro em refresh: Refresh token n├úo encontrado no cookie[39m
    [35mcontext[39m: "AuthController"
­ƒòÉ 2026-01-21 22:17:03.392 -0300 ÔÜá´©Å  WARN: [36mÔÜá´©Å HTTP Exception: 400 - Refresh token n├úo encontrado no cookie[39m
    [35mcontext[39m: {
      "path": "/api/auth/refresh",
      "method": "POST"
    }
­ƒòÉ 2026-01-21 22:17:03.396 -0300 ­ƒöº DEBUG: [36m­ƒöô Rota p├║blica - autentica├º├úo dispensada[39m
    [35mcontext[39m: "JwtAuthGuard"
[90m[4mquery:[24m[39m [94mSELECT[0m [37m"User"[0m[37m.[0m[37m"id"[0m [94mAS[0m [37m"User_id"[0m[37m,[0m [37m"User"[0m[37m.[0m[37m"email"[0m [94mAS[0m [37m"User_email"[0m[37m,[0m [37m"User"[0m[37m.[0m[37m"password"[0m [94mAS[0m [37m"User_password"[0m[37m,[0m [37m"User"[0m[37m.[0m[37m"status"[0m [94mAS[0m [37m"User_status"[0m[37m,[0m [37m"User"[0m[37m.[0m[37m"refreshTokenHash"[0m [94mAS[0m [37m"User_refreshTokenHash"[0m[37m,[0m [37m"User"[0m[37m.[0m[37m"refreshTokenExpires"[0m [94mAS[0m [37m"User_refreshTokenExpires"[0m[37m,[0m [37m"User"[0m[37m.[0m[37m"recoveryTokenHash"[0m [94mAS[0m [37m"User_recoveryTokenHash"[0m[37m,[0m [37m"User"[0m[37m.[0m[37m"recoveryTokenExpires"[0m [94mAS[0m [37m"User_recoveryTokenExpires"[0m[37m,[0m [37m"User"[0m[37m.[0m[37m"createdAt"[0m [94mAS[0m [37m"User_createdAt"[0m[37m,[0m [37m"User"[0m[37m.[0m[37m"updatedAt"[0m [94mAS[0m [37m"User_updatedAt"[0m[37m,[0m [37m"User"[0m[37m.[0m[37m"deletedAt"[0m [94mAS[0m [37m"User_deletedAt"[0m[37m,[0m [37m"User"[0m[37m.[0m[37m"accessCount"[0m [94mAS[0m [37m"User_accessCount"[0m [94mFROM[0m [37m"users"[0m [37m"User"[0m [94mWHERE[0m [37m([0m [37m([0m[37m([0m[37m"User"[0m[37m.[0m[37m"email"[0m [37m=[0m [37m$[0m[32m1[0m[37m)[0m [94mAND[0m [37m([0m[37m"User"[0m[37m.[0m[37m"deletedAt"[0m [94mIS NULL[0m[37m)[0m[37m)[0m [37m)[0m [94mAND[0m [37m([0m [37m"User"[0m[37m.[0m[37m"deletedAt"[0m [94mIS NULL[0m [37m)[0m [94mLIMIT[0m [32m1[0m [90m-- PARAMETERS: ["customer-test-1769044623394@example.com"][0m
­ƒòÉ 2026-01-21 22:17:03.399 -0300 Ôä╣´©Å  INFO: [36m­ƒôØ Criando usu├írio: customer-test-1769044623394@example.com[39m
    [35mcontext[39m: "CreateUserUseCase"
[90m[4mquery:[24m[39m [37mSTART[0m [37mTRANSACTION[0m
[90m[4mquery:[24m[39m [94mINSERT INTO[0m [37m"users"[0m[37m([0m[37m"id"[0m[37m,[0m [37m"email"[0m[37m,[0m [37m"password"[0m[37m,[0m [37m"status"[0m[37m,[0m [37m"refreshTokenHash"[0m[37m,[0m [37m"refreshTokenExpires"[0m[37m,[0m [37m"recoveryTokenHash"[0m[37m,[0m [37m"recoveryTokenExpires"[0m[37m,[0m [37m"createdAt"[0m[37m,[0m [37m"updatedAt"[0m[37m,[0m [37m"deletedAt"[0m[37m,[0m [37m"accessCount"[0m[37m)[0m [94mVALUES[0m [37m([0m[94mDEFAULT[0m[37m,[0m [37m$[0m[32m1[0m[37m,[0m [37m$[0m[32m2[0m[37m,[0m [37m$[0m[32m3[0m[37m,[0m [94mDEFAULT[0m[37m,[0m [94mDEFAULT[0m[37m,[0m [94mDEFAULT[0m[37m,[0m [94mDEFAULT[0m[37m,[0m [94mDEFAULT[0m[37m,[0m [94mDEFAULT[0m[37m,[0m [94mDEFAULT[0m[37m,[0m [37m$[0m[32m4[0m[37m)[0m [94mRETURNING[0m [37m"id"[0m[37m,[0m [37m"status"[0m[37m,[0m [37m"createdAt"[0m[37m,[0m [37m"updatedAt"[0m[37m,[0m [37m"deletedAt"[0m[37m,[0m [37m"accessCount"[0m [90m-- PARAMETERS: ["customer-test-1769044623394@example.com","6faba6e4ed724c5b54fad19eca98923e2198cdbba78db5e74672c83217fb33a6","ACTIVE",0][0m
[90m[4mquery:[24m[39m [94mCOMMIT[0m
­ƒòÉ 2026-01-21 22:17:03.407 -0300 Ôä╣´©Å  INFO: [36mÔ£à Usu├írio criado com sucesso: 29d53d05-4a06-4cea-bb53-da0452a5f76c[39m
    [35mcontext[39m: "CreateUserUseCase"
[90m[4mquery:[24m[39m [37mSTART[0m [37mTRANSACTION[0m
­ƒòÉ 2026-01-21 22:17:03.407 -0300 ­ƒöº DEBUG: [36m­ƒôØ Registrando auditoria: User.CREATE para usu├írio 29d53d05-4a06-4cea-bb53-da0452a5f76c[39m
    [35mcontext[39m: "LogAuditUseCase"
[90m[4mquery:[24m[39m [94mINSERT INTO[0m [37m"audit_logs"[0m[37m([0m[37m"id"[0m[37m,[0m [37m"userId"[0m[37m,[0m [37m"userEmail"[0m[37m,[0m [37m"action"[0m[37m,[0m [37m"entityType"[0m[37m,[0m [37m"entityId"[0m[37m,[0m [37m"oldValues"[0m[37m,[0m [37m"newValues"[0m[37m,[0m [37m"changes"[0m[37m,[0m [37m"ipAddress"[0m[37m,[0m [37m"userAgent"[0m[37m,[0m [37m"endpoint"[0m[37m,[0m [37m"httpMethod"[0m[37m,[0m [37m"status"[0m[37m,[0m [37m"errorMessage"[0m[37m,[0m [37m"createdAt"[0m[37m,[0m [37m"deletedAt"[0m[37m)[0m [94mVALUES[0m [37m([0m[94mDEFAULT[0m[37m,[0m [37m$[0m[32m1[0m[37m,[0m [37m$[0m[32m2[0m[37m,[0m [37m$[0m[32m3[0m[37m,[0m [37m$[0m[32m4[0m[37m,[0m [37m$[0m[32m5[0m[37m,[0m [37m$[0m[32m6[0m[37m,[0m [37m$[0m[32m7[0m[37m,[0m [37m$[0m[32m8[0m[37m,[0m [37m$[0m[32m9[0m[37m,[0m [37m$[0m[32m10[0m[37m,[0m [37m$[0m[32m11[0m[37m,[0m [37m$[0m[32m12[0m[37m,[0m [37m$[0m[32m13[0m[37m,[0m [37m$[0m[32m14[0m[37m,[0m [94mDEFAULT[0m[37m,[0m [37m$[0m[32m15[0m[37m)[0m [94mRETURNING[0m [37m"id"[0m[37m,[0m [37m"createdAt"[0m[37m,[0m [37m"deletedAt"[0m [90m-- PARAMETERS: ["29d53d05-4a06-4cea-bb53-da0452a5f76c","customer-test-1769044623394@example.com","CREATE","User","29d53d05-4a06-4cea-bb53-da0452a5f76c",null,"{\"email\":\"customer-test-1769044623394@example.com\",\"password\":\"6faba6e4ed724c5b54fad19eca98923e2198cdbba78db5e74672c83217fb33a6\",\"status\":\"ACTIVE\",\"accessCount\":0,\"refreshTokenHash\":null,\"refreshTokenExpires\":null,\"recoveryTokenHash\":null,\"recoveryTokenExpires\":null,\"id\":\"29d53d05-4a06-4cea-bb53-da0452a5f76c\",\"createdAt\":\"2026-01-22T04:17:03.812Z\",\"updatedAt\":\"2026-01-22T04:17:03.812Z\",\"deletedAt\":null}",null,null,null,"/api/v1/users","POST","201",null,null][0m
[90m[4mquery:[24m[39m [94mCOMMIT[0m
­ƒòÉ 2026-01-21 22:17:03.415 -0300 ­ƒöº DEBUG: [36mÔ£à Auditoria registrada: ab27c617-2b5a-452d-901a-4e0abd82cce4[39m
    [35mcontext[39m: "LogAuditUseCase"
[90m[4mquery:[24m[39m [94mSELECT[0m [37m"User"[0m[37m.[0m[37m"id"[0m [94mAS[0m [37m"User_id"[0m[37m,[0m [37m"User"[0m[37m.[0m[37m"email"[0m [94mAS[0m [37m"User_email"[0m[37m,[0m [37m"User"[0m[37m.[0m[37m"password"[0m [94mAS[0m [37m"User_password"[0m[37m,[0m [37m"User"[0m[37m.[0m[37m"status"[0m [94mAS[0m [37m"User_status"[0m[37m,[0m [37m"User"[0m[37m.[0m[37m"refreshTokenHash"[0m [94mAS[0m [37m"User_refreshTokenHash"[0m[37m,[0m [37m"User"[0m[37m.[0m[37m"refreshTokenExpires"[0m [94mAS[0m [37m"User_refreshTokenExpires"[0m[37m,[0m [37m"User"[0m[37m.[0m[37m"recoveryTokenHash"[0m [94mAS[0m [37m"User_recoveryTokenHash"[0m[37m,[0m [37m"User"[0m[37m.[0m[37m"recoveryTokenExpires"[0m [94mAS[0m [37m"User_recoveryTokenExpires"[0m[37m,[0m [37m"User"[0m[37m.[0m[37m"createdAt"[0m [94mAS[0m [37m"User_createdAt"[0m[37m,[0m [37m"User"[0m[37m.[0m[37m"updatedAt"[0m [94mAS[0m [37m"User_updatedAt"[0m[37m,[0m [37m"User"[0m[37m.[0m[37m"deletedAt"[0m [94mAS[0m [37m"User_deletedAt"[0m[37m,[0m [37m"User"[0m[37m.[0m[37m"accessCount"[0m [94mAS[0m [37m"User_accessCount"[0m [94mFROM[0m [37m"users"[0m [37m"User"[0m [94mWHERE[0m [37m([0m [37m([0m[37m([0m[37m"User"[0m[37m.[0m[37m"email"[0m [37m=[0m [37m$[0m[32m1[0m[37m)[0m [94mAND[0m [37m([0m[37m"User"[0m[37m.[0m[37m"deletedAt"[0m [94mIS NULL[0m[37m)[0m[37m)[0m [37m)[0m [94mAND[0m [37m([0m [37m"User"[0m[37m.[0m[37m"deletedAt"[0m [94mIS NULL[0m [37m)[0m [94mLIMIT[0m [32m1[0m [90m-- PARAMETERS: ["customer-test-1769044623394@example.com"][0m
­ƒòÉ 2026-01-21 22:17:03.420 -0300 Ôä╣´©Å  INFO: [36mÔ£à Usu├írio autenticado: customer-test-1769044623394@example.com[39m
    [35mcontext[39m: "LocalUserStrategy"
[90m[4mquery:[24m[39m [94mSELECT[0m [37m"User"[0m[37m.[0m[37m"id"[0m [94mAS[0m [37m"User_id"[0m[37m,[0m [37m"User"[0m[37m.[0m[37m"email"[0m [94mAS[0m [37m"User_email"[0m[37m,[0m [37m"User"[0m[37m.[0m[37m"password"[0m [94mAS[0m [37m"User_password"[0m[37m,[0m [37m"User"[0m[37m.[0m[37m"status"[0m [94mAS[0m [37m"User_status"[0m[37m,[0m [37m"User"[0m[37m.[0m[37m"refreshTokenHash"[0m [94mAS[0m [37m"User_refreshTokenHash"[0m[37m,[0m [37m"User"[0m[37m.[0m[37m"refreshTokenExpires"[0m [94mAS[0m [37m"User_refreshTokenExpires"[0m[37m,[0m [37m"User"[0m[37m.[0m[37m"recoveryTokenHash"[0m [94mAS[0m [37m"User_recoveryTokenHash"[0m[37m,[0m [37m"User"[0m[37m.[0m[37m"recoveryTokenExpires"[0m [94mAS[0m [37m"User_recoveryTokenExpires"[0m[37m,[0m [37m"User"[0m[37m.[0m[37m"createdAt"[0m [94mAS[0m [37m"User_createdAt"[0m[37m,[0m [37m"User"[0m[37m.[0m[37m"updatedAt"[0m [94mAS[0m [37m"User_updatedAt"[0m[37m,[0m [37m"User"[0m[37m.[0m[37m"deletedAt"[0m [94mAS[0m [37m"User_deletedAt"[0m[37m,[0m [37m"User"[0m[37m.[0m[37m"accessCount"[0m [94mAS[0m [37m"User_accessCount"[0m [94mFROM[0m [37m"users"[0m [37m"User"[0m [94mWHERE[0m [37m([0m [37m([0m[37m([0m[37m"User"[0m[37m.[0m[37m"id"[0m [37m=[0m [37m$[0m[32m1[0m[37m)[0m [94mAND[0m [37m([0m[37m"User"[0m[37m.[0m[37m"deletedAt"[0m [94mIS NULL[0m[37m)[0m[37m)[0m [37m)[0m [94mAND[0m [37m([0m [37m"User"[0m[37m.[0m[37m"deletedAt"[0m [94mIS NULL[0m [37m)[0m [94mLIMIT[0m [32m1[0m [90m-- PARAMETERS: ["29d53d05-4a06-4cea-bb53-da0452a5f76c"][0m
­ƒòÉ 2026-01-21 22:17:03.421 -0300 Ôä╣´©Å  INFO: [36mÔ£à Guard validado para: customer-test-1769044623394@example.com[39m
    [35mcontext[39m: "LocalUserAuthGuard"
­ƒòÉ 2026-01-21 22:17:03.421 -0300 Ôä╣´©Å  INFO: [36m­ƒöÉ Iniciando login para: customer-test-1769044623394@example.com[39m
    [35mcontext[39m: "LoginUseCase"
­ƒòÉ 2026-01-21 22:17:03.424 -0300 Ôä╣´©Å  INFO: [36mÔ£à Access Token gerado com TTL 3600s: customer-test-1769044623394@example.com[39m
    [35mcontext[39m: "LoginUseCase"
[90m[4mquery:[24m[39m [94mUPDATE[0m [37m"users"[0m [94mSET[0m [37m"id"[0m [37m=[0m [37m$[0m[32m1[0m[37m,[0m [37m"email"[0m [37m=[0m [37m$[0m[32m2[0m[37m,[0m [37m"password"[0m [37m=[0m [37m$[0m[32m3[0m[37m,[0m [37m"status"[0m [37m=[0m [37m$[0m[32m4[0m[37m,[0m [37m"refreshTokenHash"[0m [37m=[0m [37m$[0m[32m5[0m[37m,[0m [37m"refreshTokenExpires"[0m [37m=[0m [37m$[0m[32m6[0m[37m,[0m [37m"recoveryTokenHash"[0m [37m=[0m [37m$[0m[32m7[0m[37m,[0m [37m"recoveryTokenExpires"[0m [37m=[0m [37m$[0m[32m8[0m[37m,[0m [37m"createdAt"[0m [37m=[0m [37m$[0m[32m9[0m[37m,[0m [37m"updatedAt"[0m [37m=[0m [37m$[0m[32m10[0m[37m,[0m [37m"deletedAt"[0m [37m=[0m [37m$[0m[32m11[0m[37m,[0m [37m"accessCount"[0m [37m=[0m [37m$[0m[32m12[0m [94mWHERE[0m [37m"id"[0m [94mIN[0m [37m([0m[37m$[0m[32m13[0m[37m)[0m [90m-- PARAMETERS: ["29d53d05-4a06-4cea-bb53-da0452a5f76c","customer-test-1769044623394@example.com","6faba6e4ed724c5b54fad19eca98923e2198cdbba78db5e74672c83217fb33a6","ACTIVE","3ed602806c67f5164e04837aab28c77ad40ecaa5e9e7939e9c828a76de1b6472","2026-01-29T01:17:03.425Z",null,null,"2026-01-22T04:17:03.812Z","2026-01-22T01:17:03.425Z",null,1,"29d53d05-4a06-4cea-bb53-da0452a5f76c"][0m
­ƒòÉ 2026-01-21 22:17:03.425 -0300 Ôä╣´©Å  INFO: [36mÔ£à Refresh Token gerado com TTL 604800s: customer-test-1769044623394@example.com[39m
    [35mcontext[39m: "LoginUseCase"
[90m[4mquery:[24m[39m [94mSELECT[0m [37m"User"[0m[37m.[0m[37m"id"[0m [94mAS[0m [37m"User_id"[0m[37m,[0m [37m"User"[0m[37m.[0m[37m"email"[0m [94mAS[0m [37m"User_email"[0m[37m,[0m [37m"User"[0m[37m.[0m[37m"password"[0m [94mAS[0m [37m"User_password"[0m[37m,[0m [37m"User"[0m[37m.[0m[37m"status"[0m [94mAS[0m [37m"User_status"[0m[37m,[0m [37m"User"[0m[37m.[0m[37m"refreshTokenHash"[0m [94mAS[0m [37m"User_refreshTokenHash"[0m[37m,[0m [37m"User"[0m[37m.[0m[37m"refreshTokenExpires"[0m [94mAS[0m [37m"User_refreshTokenExpires"[0m[37m,[0m [37m"User"[0m[37m.[0m[37m"recoveryTokenHash"[0m [94mAS[0m [37m"User_recoveryTokenHash"[0m[37m,[0m [37m"User"[0m[37m.[0m[37m"recoveryTokenExpires"[0m [94mAS[0m [37m"User_recoveryTokenExpires"[0m[37m,[0m [37m"User"[0m[37m.[0m[37m"createdAt"[0m [94mAS[0m [37m"User_createdAt"[0m[37m,[0m [37m"User"[0m[37m.[0m[37m"updatedAt"[0m [94mAS[0m [37m"User_updatedAt"[0m[37m,[0m [37m"User"[0m[37m.[0m[37m"deletedAt"[0m [94mAS[0m [37m"User_deletedAt"[0m[37m,[0m [37m"User"[0m[37m.[0m[37m"accessCount"[0m [94mAS[0m [37m"User_accessCount"[0m [94mFROM[0m [37m"users"[0m [37m"User"[0m [94mWHERE[0m [37m([0m [37m([0m[37m([0m[37m"User"[0m[37m.[0m[37m"id"[0m [37m=[0m [37m$[0m[32m1[0m[37m)[0m [94mAND[0m [37m([0m[37m"User"[0m[37m.[0m[37m"deletedAt"[0m [94mIS NULL[0m[37m)[0m[37m)[0m [37m)[0m [94mAND[0m [37m([0m [37m"User"[0m[37m.[0m[37m"deletedAt"[0m [94mIS NULL[0m [37m)[0m [94mLIMIT[0m [32m1[0m [90m-- PARAMETERS: ["29d53d05-4a06-4cea-bb53-da0452a5f76c"][0m
[90m[4mquery:[24m[39m [94mUPDATE[0m [37m"users"[0m [94mSET[0m [37m"accessCount"[0m [37m=[0m [37m"accessCount"[0m [37m+[0m [32m1[0m[37m,[0m [37m"updatedAt"[0m [37m=[0m [37mCURRENT_TIMESTAMP[0m [94mWHERE[0m [37m"id"[0m [37m=[0m [37m$[0m[32m1[0m [90m-- PARAMETERS: ["29d53d05-4a06-4cea-bb53-da0452a5f76c"][0m
­ƒòÉ 2026-01-21 22:17:03.437 -0300 Ôä╣´©Å  INFO: [36mÔ£à Refresh token hash e contador de acessos atualizados no BD: customer-test-1769044623394@example.com[39m
    [35mcontext[39m: "LoginUseCase"
[90m[4mquery:[24m[39m [37mSTART[0m [37mTRANSACTION[0m
­ƒòÉ 2026-01-21 22:17:03.438 -0300 Ôä╣´©Å  INFO: [36m­ƒì¬ Setando cookie Authentication com expira├º├úo: Thu Jan 22 2026 07:37:00 GMT-0300 (Hor├írio Padr├úo de Bras├¡lia)[39m
    [35mcontext[39m: "LoginUseCase"
­ƒòÉ 2026-01-21 22:17:03.438 -0300 Ôä╣´©Å  INFO: [36m­ƒì¬ Setando cookie RefreshToken com expira├º├úo: Wed Jan 28 2026 22:17:03 GMT-0300 (Hor├írio Padr├úo de Bras├¡lia)[39m
    [35mcontext[39m: "LoginUseCase"
­ƒòÉ 2026-01-21 22:17:03.438 -0300 Ôä╣´©Å  INFO: [36mÔ£à Cookies httpOnly setados: customer-test-1769044623394@example.com[39m
    [35mcontext[39m: "LoginUseCase"
­ƒòÉ 2026-01-21 22:17:03.438 -0300 ­ƒöº DEBUG: [36m­ƒôØ Registrando auditoria: User.LOGIN para usu├írio 29d53d05-4a06-4cea-bb53-da0452a5f76c[39m
    [35mcontext[39m: "LogAuditUseCase"
[90m[4mquery:[24m[39m [94mINSERT INTO[0m [37m"audit_logs"[0m[37m([0m[37m"id"[0m[37m,[0m [37m"userId"[0m[37m,[0m [37m"userEmail"[0m[37m,[0m [37m"action"[0m[37m,[0m [37m"entityType"[0m[37m,[0m [37m"entityId"[0m[37m,[0m [37m"oldValues"[0m[37m,[0m [37m"newValues"[0m[37m,[0m [37m"changes"[0m[37m,[0m [37m"ipAddress"[0m[37m,[0m [37m"userAgent"[0m[37m,[0m [37m"endpoint"[0m[37m,[0m [37m"httpMethod"[0m[37m,[0m [37m"status"[0m[37m,[0m [37m"errorMessage"[0m[37m,[0m [37m"createdAt"[0m[37m,[0m [37m"deletedAt"[0m[37m)[0m [94mVALUES[0m [37m([0m[94mDEFAULT[0m[37m,[0m [37m$[0m[32m1[0m[37m,[0m [37m$[0m[32m2[0m[37m,[0m [37m$[0m[32m3[0m[37m,[0m [37m$[0m[32m4[0m[37m,[0m [37m$[0m[32m5[0m[37m,[0m [37m$[0m[32m6[0m[37m,[0m [37m$[0m[32m7[0m[37m,[0m [37m$[0m[32m8[0m[37m,[0m [37m$[0m[32m9[0m[37m,[0m [37m$[0m[32m10[0m[37m,[0m [37m$[0m[32m11[0m[37m,[0m [37m$[0m[32m12[0m[37m,[0m [37m$[0m[32m13[0m[37m,[0m [37m$[0m[32m14[0m[37m,[0m [94mDEFAULT[0m[37m,[0m [37m$[0m[32m15[0m[37m)[0m [94mRETURNING[0m [37m"id"[0m[37m,[0m [37m"createdAt"[0m[37m,[0m [37m"deletedAt"[0m [90m-- PARAMETERS: ["29d53d05-4a06-4cea-bb53-da0452a5f76c","customer-test-1769044623394@example.com","LOGIN","User","29d53d05-4a06-4cea-bb53-da0452a5f76c",null,"{\"email\":\"customer-test-1769044623394@example.com\",\"accessCount\":1}",null,"unknown","unknown","/api/auth/login","POST","200",null,null][0m
[90m[4mquery:[24m[39m [94mCOMMIT[0m
­ƒòÉ 2026-01-21 22:17:03.446 -0300 ­ƒöº DEBUG: [36mÔ£à Auditoria registrada: 38a00192-ecc7-4ca9-bf31-2136d64efd51[39m
    [35mcontext[39m: "LogAuditUseCase"
­ƒòÉ 2026-01-21 22:17:03.446 -0300 Ôä╣´©Å  INFO: [36mÔ£à Auditoria de login registrada: customer-test-1769044623394@example.com[39m
    [35mcontext[39m: "LoginUseCase"
­ƒòÉ 2026-01-21 22:17:03.452 -0300 ­ƒöº DEBUG: [36mÔ£à JWT validado para: customer-test-1769044623394@example.com[39m
    [35mcontext[39m: "JwtStrategy"
[90m[4mquery:[24m[39m [37mSTART[0m [37mTRANSACTION[0m
­ƒòÉ 2026-01-21 22:17:03.452 -0300 ­ƒöº DEBUG: [36mÔ£à JWT v├ílido para usu├írio: customer-test-1769044623394@example.com[39m
    [35mcontext[39m: "JwtAuthGuard"
­ƒòÉ 2026-01-21 22:17:03.452 -0300 Ôä╣´©Å  INFO: [36m­ƒôØ Criando cliente para usu├írio: 29d53d05-4a06-4cea-bb53-da0452a5f76c[39m
    [35mcontext[39m: "CustomerController"
[90m[4mquery:[24m[39m [94mINSERT INTO[0m [37m"customers"[0m[37m([0m[37m"id"[0m[37m,[0m [37m"userId"[0m[37m,[0m [37m"name"[0m[37m,[0m [37m"salary"[0m[37m,[0m [37m"company"[0m[37m,[0m [37m"status"[0m[37m,[0m [37m"createdAt"[0m[37m,[0m [37m"updatedAt"[0m[37m,[0m [37m"deletedAt"[0m[37m)[0m [94mVALUES[0m [37m([0m[94mDEFAULT[0m[37m,[0m [37m$[0m[32m1[0m[37m,[0m [37m$[0m[32m2[0m[37m,[0m [37m$[0m[32m3[0m[37m,[0m [37m$[0m[32m4[0m[37m,[0m [37m$[0m[32m5[0m[37m,[0m [94mDEFAULT[0m[37m,[0m [94mDEFAULT[0m[37m,[0m [37m$[0m[32m6[0m[37m)[0m [94mRETURNING[0m [37m"id"[0m[37m,[0m [37m"status"[0m[37m,[0m [37m"createdAt"[0m[37m,[0m [37m"updatedAt"[0m[37m,[0m [37m"deletedAt"[0m [90m-- PARAMETERS: ["29d53d05-4a06-4cea-bb53-da0452a5f76c","Jo├úo Silva",5000.5,null,"ACTIVE",null][0m
[90m[4mquery:[24m[39m [94mCOMMIT[0m
­ƒòÉ 2026-01-21 22:17:03.462 -0300 ­ƒöº DEBUG: [36m­ƒôØ Registrando auditoria: Customer.CREATE para usu├írio 29d53d05-4a06-4cea-bb53-da0452a5f76c[39m
    [35mcontext[39m: "LogAuditUseCase"
[90m[4mquery:[24m[39m [37mSTART[0m [37mTRANSACTION[0m
[90m[4mquery:[24m[39m [94mINSERT INTO[0m [37m"audit_logs"[0m[37m([0m[37m"id"[0m[37m,[0m [37m"userId"[0m[37m,[0m [37m"userEmail"[0m[37m,[0m [37m"action"[0m[37m,[0m [37m"entityType"[0m[37m,[0m [37m"entityId"[0m[37m,[0m [37m"oldValues"[0m[37m,[0m [37m"newValues"[0m[37m,[0m [37m"changes"[0m[37m,[0m [37m"ipAddress"[0m[37m,[0m [37m"userAgent"[0m[37m,[0m [37m"endpoint"[0m[37m,[0m [37m"httpMethod"[0m[37m,[0m [37m"status"[0m[37m,[0m [37m"errorMessage"[0m[37m,[0m [37m"createdAt"[0m[37m,[0m [37m"deletedAt"[0m[37m)[0m [94mVALUES[0m [37m([0m[94mDEFAULT[0m[37m,[0m [37m$[0m[32m1[0m[37m,[0m [37m$[0m[32m2[0m[37m,[0m [37m$[0m[32m3[0m[37m,[0m [37m$[0m[32m4[0m[37m,[0m [37m$[0m[32m5[0m[37m,[0m [37m$[0m[32m6[0m[37m,[0m [37m$[0m[32m7[0m[37m,[0m [37m$[0m[32m8[0m[37m,[0m [37m$[0m[32m9[0m[37m,[0m [37m$[0m[32m10[0m[37m,[0m [37m$[0m[32m11[0m[37m,[0m [37m$[0m[32m12[0m[37m,[0m [37m$[0m[32m13[0m[37m,[0m [37m$[0m[32m14[0m[37m,[0m [94mDEFAULT[0m[37m,[0m [37m$[0m[32m15[0m[37m)[0m [94mRETURNING[0m [37m"id"[0m[37m,[0m [37m"createdAt"[0m[37m,[0m [37m"deletedAt"[0m [90m-- PARAMETERS: ["29d53d05-4a06-4cea-bb53-da0452a5f76c","","CREATE","Customer","d97cbe92-3e54-43a3-b982-d3e32c3f1c5f",null,"{\"name\":\"Jo├úo Silva\",\"salary\":5000.5,\"company\":null,\"status\":\"ACTIVE\",\"deletedAt\":null,\"userId\":\"29d53d05-4a06-4cea-bb53-da0452a5f76c\",\"id\":\"d97cbe92-3e54-43a3-b982-d3e32c3f1c5f\",\"createdAt\":\"2026-01-22T04:17:03.864Z\",\"updatedAt\":\"2026-01-22T04:17:03.864Z\"}",null,null,null,"/api/customers","POST","201",null,null][0m
[90m[4mquery:[24m[39m [94mCOMMIT[0m
­ƒòÉ 2026-01-21 22:17:03.470 -0300 ­ƒöº DEBUG: [36mÔ£à Auditoria registrada: c324cba8-1f04-47dc-9da3-282dcc2589ba[39m
    [35mcontext[39m: "LogAuditUseCase"
­ƒòÉ 2026-01-21 22:17:03.476 -0300 ­ƒöº DEBUG: [36mÔ£à JWT validado para: customer-test-1769044623394@example.com[39m
    [35mcontext[39m: "JwtStrategy"
[90m[4mquery:[24m[39m [94mSELECT[0m [37m"customer"[0m[37m.[0m[37m"id"[0m [94mAS[0m [37m"customer_id"[0m[37m,[0m [37m"customer"[0m[37m.[0m[37m"userId"[0m [94mAS[0m [37m"customer_userId"[0m[37m,[0m [37m"customer"[0m[37m.[0m[37m"name"[0m [94mAS[0m [37m"customer_name"[0m[37m,[0m [37m"customer"[0m[37m.[0m[37m"salary"[0m [94mAS[0m [37m"customer_salary"[0m[37m,[0m [37m"customer"[0m[37m.[0m[37m"company"[0m [94mAS[0m [37m"customer_company"[0m[37m,[0m [37m"customer"[0m[37m.[0m[37m"status"[0m [94mAS[0m [37m"customer_status"[0m[37m,[0m [37m"customer"[0m[37m.[0m[37m"createdAt"[0m [94mAS[0m [37m"customer_createdAt"[0m[37m,[0m [37m"customer"[0m[37m.[0m[37m"updatedAt"[0m [94mAS[0m [37m"customer_updatedAt"[0m[37m,[0m [37m"customer"[0m[37m.[0m[37m"deletedAt"[0m [94mAS[0m [37m"customer_deletedAt"[0m [94mFROM[0m [37m"customers"[0m [37m"customer"[0m [94mWHERE[0m [37m([0m [37m"customer"[0m[37m.[0m[37m"deletedAt"[0m [94mIS NULL[0m [37m)[0m [94mAND[0m [37m([0m [37m"customer"[0m[37m.[0m[37m"deletedAt"[0m [94mIS NULL[0m [37m)[0m [94mORDER BY[0m [37m"customer"[0m[37m.[0m[37m"name"[0m [94mASC[0m [94mLIMIT[0m [32m10[0m [37mOFFSET[0m [32m0[0m
­ƒòÉ 2026-01-21 22:17:03.476 -0300 ­ƒöº DEBUG: [36mÔ£à JWT v├ílido para usu├írio: customer-test-1769044623394@example.com[39m
    [35mcontext[39m: "JwtAuthGuard"
­ƒòÉ 2026-01-21 22:17:03.477 -0300 Ôä╣´©Å  INFO: [36m­ƒôï Listando clientes: skip=0, take=10, search=undefined, searchField=status[39m
    [35mcontext[39m: "CustomerController"
[90m[4mquery:[24m[39m [94mSELECT[0m [95mCOUNT[0m[37m([0m[32m1[0m[37m)[0m [94mAS[0m [37m"cnt"[0m [94mFROM[0m [37m"customers"[0m [37m"customer"[0m [94mWHERE[0m [37m([0m [37m"customer"[0m[37m.[0m[37m"deletedAt"[0m [94mIS NULL[0m [37m)[0m [94mAND[0m [37m([0m [37m"customer"[0m[37m.[0m[37m"deletedAt"[0m [94mIS NULL[0m [37m)[0m
­ƒòÉ 2026-01-21 22:17:03.488 -0300 ­ƒöº DEBUG: [36mÔ£à JWT validado para: customer-test-1769044623394@example.com[39m
    [35mcontext[39m: "JwtStrategy"
[90m[4mquery:[24m[39m [94mSELECT[0m [37m"Customer"[0m[37m.[0m[37m"id"[0m [94mAS[0m [37m"Customer_id"[0m[37m,[0m [37m"Customer"[0m[37m.[0m[37m"userId"[0m [94mAS[0m [37m"Customer_userId"[0m[37m,[0m [37m"Customer"[0m[37m.[0m[37m"name"[0m [94mAS[0m [37m"Customer_name"[0m[37m,[0m [37m"Customer"[0m[37m.[0m[37m"salary"[0m [94mAS[0m [37m"Customer_salary"[0m[37m,[0m [37m"Customer"[0m[37m.[0m[37m"company"[0m [94mAS[0m [37m"Customer_company"[0m[37m,[0m [37m"Customer"[0m[37m.[0m[37m"status"[0m [94mAS[0m [37m"Customer_status"[0m[37m,[0m [37m"Customer"[0m[37m.[0m[37m"createdAt"[0m [94mAS[0m [37m"Customer_createdAt"[0m[37m,[0m [37m"Customer"[0m[37m.[0m[37m"updatedAt"[0m [94mAS[0m [37m"Customer_updatedAt"[0m[37m,[0m [37m"Customer"[0m[37m.[0m[37m"deletedAt"[0m [94mAS[0m [37m"Customer_deletedAt"[0m [94mFROM[0m [37m"customers"[0m [37m"Customer"[0m [94mWHERE[0m [37m([0m [37m([0m[37m([0m[37m"Customer"[0m[37m.[0m[37m"id"[0m [37m=[0m [37m$[0m[32m1[0m[37m)[0m [94mAND[0m [37m([0m[37m"Customer"[0m[37m.[0m[37m"deletedAt"[0m [94mIS NULL[0m[37m)[0m[37m)[0m [37m)[0m [94mAND[0m [37m([0m [37m"Customer"[0m[37m.[0m[37m"deletedAt"[0m [94mIS NULL[0m [37m)[0m [94mLIMIT[0m [32m1[0m [90m-- PARAMETERS: ["d97cbe92-3e54-43a3-b982-d3e32c3f1c5f"][0m
­ƒòÉ 2026-01-21 22:17:03.488 -0300 ­ƒöº DEBUG: [36mÔ£à JWT v├ílido para usu├írio: customer-test-1769044623394@example.com[39m
    [35mcontext[39m: "JwtAuthGuard"
­ƒòÉ 2026-01-21 22:17:03.488 -0300 Ôä╣´©Å  INFO: [36m­ƒöì Buscando cliente: d97cbe92-3e54-43a3-b982-d3e32c3f1c5f[39m
    [35mcontext[39m: "CustomerController"
­ƒòÉ 2026-01-21 22:17:03.494 -0300 ­ƒöº DEBUG: [36mÔ£à JWT validado para: customer-test-1769044623394@example.com[39m
    [35mcontext[39m: "JwtStrategy"
[90m[4mquery:[24m[39m [94mSELECT[0m [37m"Customer"[0m[37m.[0m[37m"id"[0m [94mAS[0m [37m"Customer_id"[0m[37m,[0m [37m"Customer"[0m[37m.[0m[37m"userId"[0m [94mAS[0m [37m"Customer_userId"[0m[37m,[0m [37m"Customer"[0m[37m.[0m[37m"name"[0m [94mAS[0m [37m"Customer_name"[0m[37m,[0m [37m"Customer"[0m[37m.[0m[37m"salary"[0m [94mAS[0m [37m"Customer_salary"[0m[37m,[0m [37m"Customer"[0m[37m.[0m[37m"company"[0m [94mAS[0m [37m"Customer_company"[0m[37m,[0m [37m"Customer"[0m[37m.[0m[37m"status"[0m [94mAS[0m [37m"Customer_status"[0m[37m,[0m [37m"Customer"[0m[37m.[0m[37m"createdAt"[0m [94mAS[0m [37m"Customer_createdAt"[0m[37m,[0m [37m"Customer"[0m[37m.[0m[37m"updatedAt"[0m [94mAS[0m [37m"Customer_updatedAt"[0m[37m,[0m [37m"Customer"[0m[37m.[0m[37m"deletedAt"[0m [94mAS[0m [37m"Customer_deletedAt"[0m [94mFROM[0m [37m"customers"[0m [37m"Customer"[0m [94mWHERE[0m [37m([0m [37m([0m[37m([0m[37m"Customer"[0m[37m.[0m[37m"id"[0m [37m=[0m [37m$[0m[32m1[0m[37m)[0m [94mAND[0m [37m([0m[37m"Customer"[0m[37m.[0m[37m"deletedAt"[0m [94mIS NULL[0m[37m)[0m[37m)[0m [37m)[0m [94mAND[0m [37m([0m [37m"Customer"[0m[37m.[0m[37m"deletedAt"[0m [94mIS NULL[0m [37m)[0m [94mLIMIT[0m [32m1[0m [90m-- PARAMETERS: ["non-existent-id"][0m
­ƒòÉ 2026-01-21 22:17:03.495 -0300 ­ƒöº DEBUG: [36mÔ£à JWT v├ílido para usu├írio: customer-test-1769044623394@example.com[39m
    [35mcontext[39m: "JwtAuthGuard"
­ƒòÉ 2026-01-21 22:17:03.495 -0300 Ôä╣´©Å  INFO: [36m­ƒöì Buscando cliente: non-existent-id[39m
    [35mcontext[39m: "CustomerController"
[4m[31mquery failed:[39m[24m [94mSELECT[0m [37m"Customer"[0m[37m.[0m[37m"id"[0m [94mAS[0m [37m"Customer_id"[0m[37m,[0m [37m"Customer"[0m[37m.[0m[37m"userId"[0m [94mAS[0m [37m"Customer_userId"[0m[37m,[0m [37m"Customer"[0m[37m.[0m[37m"name"[0m [94mAS[0m [37m"Customer_name"[0m[37m,[0m [37m"Customer"[0m[37m.[0m[37m"salary"[0m [94mAS[0m [37m"Customer_salary"[0m[37m,[0m [37m"Customer"[0m[37m.[0m[37m"company"[0m [94mAS[0m [37m"Customer_company"[0m[37m,[0m [37m"Customer"[0m[37m.[0m[37m"status"[0m [94mAS[0m [37m"Customer_status"[0m[37m,[0m [37m"Customer"[0m[37m.[0m[37m"createdAt"[0m [94mAS[0m [37m"Customer_createdAt"[0m[37m,[0m [37m"Customer"[0m[37m.[0m[37m"updatedAt"[0m [94mAS[0m [37m"Customer_updatedAt"[0m[37m,[0m [37m"Customer"[0m[37m.[0m[37m"deletedAt"[0m [94mAS[0m [37m"Customer_deletedAt"[0m [94mFROM[0m [37m"customers"[0m [37m"Customer"[0m [94mWHERE[0m [37m([0m [37m([0m[37m([0m[37m"Customer"[0m[37m.[0m[37m"id"[0m [37m=[0m [37m$[0m[32m1[0m[37m)[0m [94mAND[0m [37m([0m[37m"Customer"[0m[37m.[0m[37m"deletedAt"[0m [94mIS NULL[0m[37m)[0m[37m)[0m [37m)[0m [94mAND[0m [37m([0m [37m"Customer"[0m[37m.[0m[37m"deletedAt"[0m [94mIS NULL[0m [37m)[0m [94mLIMIT[0m [32m1[0m [90m-- PARAMETERS: ["non-existent-id"][0m
[4m[31merror:[39m[24m error: invalid input syntax for type uuid: "non-existent-id"
­ƒòÉ 2026-01-21 22:17:03.498 -0300 ÔØî ERROR: [36mÔØî Erro ao buscar cliente: QueryFailedError: invalid input syntax for type uuid: "non-existent-id"[39m
    [35mcontext[39m: "CustomerController"
­ƒòÉ 2026-01-21 22:17:03.537 -0300 ÔØî ERROR: [36mÔØî Uncaught Error: invalid input syntax for type uuid: "non-existent-id"[39m
    [35mcontext[39m: {
      "path": "/api/v1/customers/non-existent-id",
      "method": "GET"
    }
    [35mtrace[39m: "QueryFailedError: invalid input syntax for type uuid: \"non-existent-id\"\n    at PostgresQueryRunner.query (C:\Projects\Desafio\teddy-challenger\src\driver\postgres\PostgresQueryRunner.ts:325:19)\n    at processTicksAndRejections (node:internal/process/task_queues:105:5)\n    at SelectQueryBuilder.loadRawResults (C:\Projects\Desafio\teddy-challenger\src\query-builder\SelectQueryBuilder.ts:3868:25)\n    at SelectQueryBuilder.executeEntitiesAndRawResults (C:\Projects\Desafio\teddy-challenger\src\query-builder\SelectQueryBuilder.ts:3614:26)\n    at SelectQueryBuilder.getRawAndEntities (C:\Projects\Desafio\teddy-challenger\src\query-builder\SelectQueryBuilder.ts:1671:29)\n    at SelectQueryBuilder.getOne (C:\Projects\Desafio\teddy-challenger\src\query-builder\SelectQueryBuilder.ts:1698:25)\n    at FindCustomerByIdUseCase.execute (C:\Projects\Desafio\teddy-challenger\apps\backend\src\app\modules\customers\presentation\use-cases\find-customer-by-id.ucase.ts:9:1)\n    at CustomerController.findOne (C:\Projects\Desafio\teddy-challenger\apps\backend\src\app\modules\customers\adapters\controllers\customer.controller.ts:51:1)\n    at C:\Projects\Desafio\teddy-challenger\node_modules\@nestjs\core\router\router-execution-context.js:46:28\n    at C:\Projects\Desafio\teddy-challenger\node_modules\@nestjs\core\router\router-proxy.js:9:17"
­ƒòÉ 2026-01-21 22:17:03.542 -0300 ­ƒöº DEBUG: [36m­ƒöô Rota p├║blica - autentica├º├úo dispensada[39m
    [35mcontext[39m: "JwtAuthGuard"
[90m[4mquery:[24m[39m [94mSELECT[0m [37m"User"[0m[37m.[0m[37m"id"[0m [94mAS[0m [37m"User_id"[0m[37m,[0m [37m"User"[0m[37m.[0m[37m"email"[0m [94mAS[0m [37m"User_email"[0m[37m,[0m [37m"User"[0m[37m.[0m[37m"password"[0m [94mAS[0m [37m"User_password"[0m[37m,[0m [37m"User"[0m[37m.[0m[37m"status"[0m [94mAS[0m [37m"User_status"[0m[37m,[0m [37m"User"[0m[37m.[0m[37m"refreshTokenHash"[0m [94mAS[0m [37m"User_refreshTokenHash"[0m[37m,[0m [37m"User"[0m[37m.[0m[37m"refreshTokenExpires"[0m [94mAS[0m [37m"User_refreshTokenExpires"[0m[37m,[0m [37m"User"[0m[37m.[0m[37m"recoveryTokenHash"[0m [94mAS[0m [37m"User_recoveryTokenHash"[0m[37m,[0m [37m"User"[0m[37m.[0m[37m"recoveryTokenExpires"[0m [94mAS[0m [37m"User_recoveryTokenExpires"[0m[37m,[0m [37m"User"[0m[37m.[0m[37m"createdAt"[0m [94mAS[0m [37m"User_createdAt"[0m[37m,[0m [37m"User"[0m[37m.[0m[37m"updatedAt"[0m [94mAS[0m [37m"User_updatedAt"[0m[37m,[0m [37m"User"[0m[37m.[0m[37m"deletedAt"[0m [94mAS[0m [37m"User_deletedAt"[0m[37m,[0m [37m"User"[0m[37m.[0m[37m"accessCount"[0m [94mAS[0m [37m"User_accessCount"[0m [94mFROM[0m [37m"users"[0m [37m"User"[0m [94mWHERE[0m [37m([0m [37m([0m[37m([0m[37m"User"[0m[37m.[0m[37m"email"[0m [37m=[0m [37m$[0m[32m1[0m[37m)[0m [94mAND[0m [37m([0m[37m"User"[0m[37m.[0m[37m"deletedAt"[0m [94mIS NULL[0m[37m)[0m[37m)[0m [37m)[0m [94mAND[0m [37m([0m [37m"User"[0m[37m.[0m[37m"deletedAt"[0m [94mIS NULL[0m [37m)[0m [94mLIMIT[0m [32m1[0m [90m-- PARAMETERS: ["dashboard-test-1769044623540@example.com"][0m
­ƒòÉ 2026-01-21 22:17:03.545 -0300 Ôä╣´©Å  INFO: [36m­ƒôØ Criando usu├írio: dashboard-test-1769044623540@example.com[39m
    [35mcontext[39m: "CreateUserUseCase"
[90m[4mquery:[24m[39m [37mSTART[0m [37mTRANSACTION[0m
[90m[4mquery:[24m[39m [94mINSERT INTO[0m [37m"users"[0m[37m([0m[37m"id"[0m[37m,[0m [37m"email"[0m[37m,[0m [37m"password"[0m[37m,[0m [37m"status"[0m[37m,[0m [37m"refreshTokenHash"[0m[37m,[0m [37m"refreshTokenExpires"[0m[37m,[0m [37m"recoveryTokenHash"[0m[37m,[0m [37m"recoveryTokenExpires"[0m[37m,[0m [37m"createdAt"[0m[37m,[0m [37m"updatedAt"[0m[37m,[0m [37m"deletedAt"[0m[37m,[0m [37m"accessCount"[0m[37m)[0m [94mVALUES[0m [37m([0m[94mDEFAULT[0m[37m,[0m [37m$[0m[32m1[0m[37m,[0m [37m$[0m[32m2[0m[37m,[0m [37m$[0m[32m3[0m[37m,[0m [94mDEFAULT[0m[37m,[0m [94mDEFAULT[0m[37m,[0m [94mDEFAULT[0m[37m,[0m [94mDEFAULT[0m[37m,[0m [94mDEFAULT[0m[37m,[0m [94mDEFAULT[0m[37m,[0m [94mDEFAULT[0m[37m,[0m [37m$[0m[32m4[0m[37m)[0m [94mRETURNING[0m [37m"id"[0m[37m,[0m [37m"status"[0m[37m,[0m [37m"createdAt"[0m[37m,[0m [37m"updatedAt"[0m[37m,[0m [37m"deletedAt"[0m[37m,[0m [37m"accessCount"[0m [90m-- PARAMETERS: ["dashboard-test-1769044623540@example.com","6faba6e4ed724c5b54fad19eca98923e2198cdbba78db5e74672c83217fb33a6","ACTIVE",0][0m
[90m[4mquery:[24m[39m [94mCOMMIT[0m
­ƒòÉ 2026-01-21 22:17:03.553 -0300 Ôä╣´©Å  INFO: [36mÔ£à Usu├írio criado com sucesso: 50bf5823-adbc-430a-9494-10e853f7af78[39m
    [35mcontext[39m: "CreateUserUseCase"
[90m[4mquery:[24m[39m [37mSTART[0m [37mTRANSACTION[0m
­ƒòÉ 2026-01-21 22:17:03.553 -0300 ­ƒöº DEBUG: [36m­ƒôØ Registrando auditoria: User.CREATE para usu├írio 50bf5823-adbc-430a-9494-10e853f7af78[39m
    [35mcontext[39m: "LogAuditUseCase"
[90m[4mquery:[24m[39m [94mINSERT INTO[0m [37m"audit_logs"[0m[37m([0m[37m"id"[0m[37m,[0m [37m"userId"[0m[37m,[0m [37m"userEmail"[0m[37m,[0m [37m"action"[0m[37m,[0m [37m"entityType"[0m[37m,[0m [37m"entityId"[0m[37m,[0m [37m"oldValues"[0m[37m,[0m [37m"newValues"[0m[37m,[0m [37m"changes"[0m[37m,[0m [37m"ipAddress"[0m[37m,[0m [37m"userAgent"[0m[37m,[0m [37m"endpoint"[0m[37m,[0m [37m"httpMethod"[0m[37m,[0m [37m"status"[0m[37m,[0m [37m"errorMessage"[0m[37m,[0m [37m"createdAt"[0m[37m,[0m [37m"deletedAt"[0m[37m)[0m [94mVALUES[0m [37m([0m[94mDEFAULT[0m[37m,[0m [37m$[0m[32m1[0m[37m,[0m [37m$[0m[32m2[0m[37m,[0m [37m$[0m[32m3[0m[37m,[0m [37m$[0m[32m4[0m[37m,[0m [37m$[0m[32m5[0m[37m,[0m [37m$[0m[32m6[0m[37m,[0m [37m$[0m[32m7[0m[37m,[0m [37m$[0m[32m8[0m[37m,[0m [37m$[0m[32m9[0m[37m,[0m [37m$[0m[32m10[0m[37m,[0m [37m$[0m[32m11[0m[37m,[0m [37m$[0m[32m12[0m[37m,[0m [37m$[0m[32m13[0m[37m,[0m [37m$[0m[32m14[0m[37m,[0m [94mDEFAULT[0m[37m,[0m [37m$[0m[32m15[0m[37m)[0m [94mRETURNING[0m [37m"id"[0m[37m,[0m [37m"createdAt"[0m[37m,[0m [37m"deletedAt"[0m [90m-- PARAMETERS: ["50bf5823-adbc-430a-9494-10e853f7af78","dashboard-test-1769044623540@example.com","CREATE","User","50bf5823-adbc-430a-9494-10e853f7af78",null,"{\"email\":\"dashboard-test-1769044623540@example.com\",\"password\":\"6faba6e4ed724c5b54fad19eca98923e2198cdbba78db5e74672c83217fb33a6\",\"status\":\"ACTIVE\",\"accessCount\":0,\"refreshTokenHash\":null,\"refreshTokenExpires\":null,\"recoveryTokenHash\":null,\"recoveryTokenExpires\":null,\"id\":\"50bf5823-adbc-430a-9494-10e853f7af78\",\"createdAt\":\"2026-01-22T04:17:03.952Z\",\"updatedAt\":\"2026-01-22T04:17:03.952Z\",\"deletedAt\":null}",null,null,null,"/api/v1/users","POST","201",null,null][0m
[90m[4mquery:[24m[39m [94mCOMMIT[0m
­ƒòÉ 2026-01-21 22:17:03.561 -0300 ­ƒöº DEBUG: [36mÔ£à Auditoria registrada: a2915aab-dd48-41a6-8c2f-90585d201abd[39m
    [35mcontext[39m: "LogAuditUseCase"
[90m[4mquery:[24m[39m [94mSELECT[0m [37m"User"[0m[37m.[0m[37m"id"[0m [94mAS[0m [37m"User_id"[0m[37m,[0m [37m"User"[0m[37m.[0m[37m"email"[0m [94mAS[0m [37m"User_email"[0m[37m,[0m [37m"User"[0m[37m.[0m[37m"password"[0m [94mAS[0m [37m"User_password"[0m[37m,[0m [37m"User"[0m[37m.[0m[37m"status"[0m [94mAS[0m [37m"User_status"[0m[37m,[0m [37m"User"[0m[37m.[0m[37m"refreshTokenHash"[0m [94mAS[0m [37m"User_refreshTokenHash"[0m[37m,[0m [37m"User"[0m[37m.[0m[37m"refreshTokenExpires"[0m [94mAS[0m [37m"User_refreshTokenExpires"[0m[37m,[0m [37m"User"[0m[37m.[0m[37m"recoveryTokenHash"[0m [94mAS[0m [37m"User_recoveryTokenHash"[0m[37m,[0m [37m"User"[0m[37m.[0m[37m"recoveryTokenExpires"[0m [94mAS[0m [37m"User_recoveryTokenExpires"[0m[37m,[0m [37m"User"[0m[37m.[0m[37m"createdAt"[0m [94mAS[0m [37m"User_createdAt"[0m[37m,[0m [37m"User"[0m[37m.[0m[37m"updatedAt"[0m [94mAS[0m [37m"User_updatedAt"[0m[37m,[0m [37m"User"[0m[37m.[0m[37m"deletedAt"[0m [94mAS[0m [37m"User_deletedAt"[0m[37m,[0m [37m"User"[0m[37m.[0m[37m"accessCount"[0m [94mAS[0m [37m"User_accessCount"[0m [94mFROM[0m [37m"users"[0m [37m"User"[0m [94mWHERE[0m [37m([0m [37m([0m[37m([0m[37m"User"[0m[37m.[0m[37m"email"[0m [37m=[0m [37m$[0m[32m1[0m[37m)[0m [94mAND[0m [37m([0m[37m"User"[0m[37m.[0m[37m"deletedAt"[0m [94mIS NULL[0m[37m)[0m[37m)[0m [37m)[0m [94mAND[0m [37m([0m [37m"User"[0m[37m.[0m[37m"deletedAt"[0m [94mIS NULL[0m [37m)[0m [94mLIMIT[0m [32m1[0m [90m-- PARAMETERS: ["dashboard-test-1769044623540@example.com"][0m
­ƒòÉ 2026-01-21 22:17:03.565 -0300 Ôä╣´©Å  INFO: [36mÔ£à Usu├írio autenticado: dashboard-test-1769044623540@example.com[39m
    [35mcontext[39m: "LocalUserStrategy"
[90m[4mquery:[24m[39m [94mSELECT[0m [37m"User"[0m[37m.[0m[37m"id"[0m [94mAS[0m [37m"User_id"[0m[37m,[0m [37m"User"[0m[37m.[0m[37m"email"[0m [94mAS[0m [37m"User_email"[0m[37m,[0m [37m"User"[0m[37m.[0m[37m"password"[0m [94mAS[0m [37m"User_password"[0m[37m,[0m [37m"User"[0m[37m.[0m[37m"status"[0m [94mAS[0m [37m"User_status"[0m[37m,[0m [37m"User"[0m[37m.[0m[37m"refreshTokenHash"[0m [94mAS[0m [37m"User_refreshTokenHash"[0m[37m,[0m [37m"User"[0m[37m.[0m[37m"refreshTokenExpires"[0m [94mAS[0m [37m"User_refreshTokenExpires"[0m[37m,[0m [37m"User"[0m[37m.[0m[37m"recoveryTokenHash"[0m [94mAS[0m [37m"User_recoveryTokenHash"[0m[37m,[0m [37m"User"[0m[37m.[0m[37m"recoveryTokenExpires"[0m [94mAS[0m [37m"User_recoveryTokenExpires"[0m[37m,[0m [37m"User"[0m[37m.[0m[37m"createdAt"[0m [94mAS[0m [37m"User_createdAt"[0m[37m,[0m [37m"User"[0m[37m.[0m[37m"updatedAt"[0m [94mAS[0m [37m"User_updatedAt"[0m[37m,[0m [37m"User"[0m[37m.[0m[37m"deletedAt"[0m [94mAS[0m [37m"User_deletedAt"[0m[37m,[0m [37m"User"[0m[37m.[0m[37m"accessCount"[0m [94mAS[0m [37m"User_accessCount"[0m [94mFROM[0m [37m"users"[0m [37m"User"[0m [94mWHERE[0m [37m([0m [37m([0m[37m([0m[37m"User"[0m[37m.[0m[37m"id"[0m [37m=[0m [37m$[0m[32m1[0m[37m)[0m [94mAND[0m [37m([0m[37m"User"[0m[37m.[0m[37m"deletedAt"[0m [94mIS NULL[0m[37m)[0m[37m)[0m [37m)[0m [94mAND[0m [37m([0m [37m"User"[0m[37m.[0m[37m"deletedAt"[0m [94mIS NULL[0m [37m)[0m [94mLIMIT[0m [32m1[0m [90m-- PARAMETERS: ["50bf5823-adbc-430a-9494-10e853f7af78"][0m
­ƒòÉ 2026-01-21 22:17:03.566 -0300 Ôä╣´©Å  INFO: [36mÔ£à Guard validado para: dashboard-test-1769044623540@example.com[39m
    [35mcontext[39m: "LocalUserAuthGuard"
­ƒòÉ 2026-01-21 22:17:03.566 -0300 Ôä╣´©Å  INFO: [36m­ƒöÉ Iniciando login para: dashboard-test-1769044623540@example.com[39m
    [35mcontext[39m: "LoginUseCase"
­ƒòÉ 2026-01-21 22:17:03.569 -0300 Ôä╣´©Å  INFO: [36mÔ£à Access Token gerado com TTL 3600s: dashboard-test-1769044623540@example.com[39m
    [35mcontext[39m: "LoginUseCase"
[90m[4mquery:[24m[39m [94mUPDATE[0m [37m"users"[0m [94mSET[0m [37m"id"[0m [37m=[0m [37m$[0m[32m1[0m[37m,[0m [37m"email"[0m [37m=[0m [37m$[0m[32m2[0m[37m,[0m [37m"password"[0m [37m=[0m [37m$[0m[32m3[0m[37m,[0m [37m"status"[0m [37m=[0m [37m$[0m[32m4[0m[37m,[0m [37m"refreshTokenHash"[0m [37m=[0m [37m$[0m[32m5[0m[37m,[0m [37m"refreshTokenExpires"[0m [37m=[0m [37m$[0m[32m6[0m[37m,[0m [37m"recoveryTokenHash"[0m [37m=[0m [37m$[0m[32m7[0m[37m,[0m [37m"recoveryTokenExpires"[0m [37m=[0m [37m$[0m[32m8[0m[37m,[0m [37m"createdAt"[0m [37m=[0m [37m$[0m[32m9[0m[37m,[0m [37m"updatedAt"[0m [37m=[0m [37m$[0m[32m10[0m[37m,[0m [37m"deletedAt"[0m [37m=[0m [37m$[0m[32m11[0m[37m,[0m [37m"accessCount"[0m [37m=[0m [37m$[0m[32m12[0m [94mWHERE[0m [37m"id"[0m [94mIN[0m [37m([0m[37m$[0m[32m13[0m[37m)[0m [90m-- PARAMETERS: ["50bf5823-adbc-430a-9494-10e853f7af78","dashboard-test-1769044623540@example.com","6faba6e4ed724c5b54fad19eca98923e2198cdbba78db5e74672c83217fb33a6","ACTIVE","5e5128ee7b48d3893bc0bb6219725c182ebc97a73f96069e6856da592ddef168","2026-01-29T01:17:03.571Z",null,null,"2026-01-22T04:17:03.952Z","2026-01-22T01:17:03.571Z",null,1,"50bf5823-adbc-430a-9494-10e853f7af78"][0m
­ƒòÉ 2026-01-21 22:17:03.571 -0300 Ôä╣´©Å  INFO: [36mÔ£à Refresh Token gerado com TTL 604800s: dashboard-test-1769044623540@example.com[39m
    [35mcontext[39m: "LoginUseCase"
[90m[4mquery:[24m[39m [94mSELECT[0m [37m"User"[0m[37m.[0m[37m"id"[0m [94mAS[0m [37m"User_id"[0m[37m,[0m [37m"User"[0m[37m.[0m[37m"email"[0m [94mAS[0m [37m"User_email"[0m[37m,[0m [37m"User"[0m[37m.[0m[37m"password"[0m [94mAS[0m [37m"User_password"[0m[37m,[0m [37m"User"[0m[37m.[0m[37m"status"[0m [94mAS[0m [37m"User_status"[0m[37m,[0m [37m"User"[0m[37m.[0m[37m"refreshTokenHash"[0m [94mAS[0m [37m"User_refreshTokenHash"[0m[37m,[0m [37m"User"[0m[37m.[0m[37m"refreshTokenExpires"[0m [94mAS[0m [37m"User_refreshTokenExpires"[0m[37m,[0m [37m"User"[0m[37m.[0m[37m"recoveryTokenHash"[0m [94mAS[0m [37m"User_recoveryTokenHash"[0m[37m,[0m [37m"User"[0m[37m.[0m[37m"recoveryTokenExpires"[0m [94mAS[0m [37m"User_recoveryTokenExpires"[0m[37m,[0m [37m"User"[0m[37m.[0m[37m"createdAt"[0m [94mAS[0m [37m"User_createdAt"[0m[37m,[0m [37m"User"[0m[37m.[0m[37m"updatedAt"[0m [94mAS[0m [37m"User_updatedAt"[0m[37m,[0m [37m"User"[0m[37m.[0m[37m"deletedAt"[0m [94mAS[0m [37m"User_deletedAt"[0m[37m,[0m [37m"User"[0m[37m.[0m[37m"accessCount"[0m [94mAS[0m [37m"User_accessCount"[0m [94mFROM[0m [37m"users"[0m [37m"User"[0m [94mWHERE[0m [37m([0m [37m([0m[37m([0m[37m"User"[0m[37m.[0m[37m"id"[0m [37m=[0m [37m$[0m[32m1[0m[37m)[0m [94mAND[0m [37m([0m[37m"User"[0m[37m.[0m[37m"deletedAt"[0m [94mIS NULL[0m[37m)[0m[37m)[0m [37m)[0m [94mAND[0m [37m([0m [37m"User"[0m[37m.[0m[37m"deletedAt"[0m [94mIS NULL[0m [37m)[0m [94mLIMIT[0m [32m1[0m [90m-- PARAMETERS: ["50bf5823-adbc-430a-9494-10e853f7af78"][0m
[90m[4mquery:[24m[39m [94mUPDATE[0m [37m"users"[0m [94mSET[0m [37m"accessCount"[0m [37m=[0m [37m"accessCount"[0m [37m+[0m [32m1[0m[37m,[0m [37m"updatedAt"[0m [37m=[0m [37mCURRENT_TIMESTAMP[0m [94mWHERE[0m [37m"id"[0m [37m=[0m [37m$[0m[32m1[0m [90m-- PARAMETERS: ["50bf5823-adbc-430a-9494-10e853f7af78"][0m
­ƒòÉ 2026-01-21 22:17:03.586 -0300 Ôä╣´©Å  INFO: [36mÔ£à Refresh token hash e contador de acessos atualizados no BD: dashboard-test-1769044623540@example.com[39m
    [35mcontext[39m: "LoginUseCase"
[90m[4mquery:[24m[39m [37mSTART[0m [37mTRANSACTION[0m
­ƒòÉ 2026-01-21 22:17:03.586 -0300 Ôä╣´©Å  INFO: [36m­ƒì¬ Setando cookie Authentication com expira├º├úo: Thu Jan 22 2026 07:37:00 GMT-0300 (Hor├írio Padr├úo de Bras├¡lia)[39m
    [35mcontext[39m: "LoginUseCase"
­ƒòÉ 2026-01-21 22:17:03.586 -0300 Ôä╣´©Å  INFO: [36m­ƒì¬ Setando cookie RefreshToken com expira├º├úo: Wed Jan 28 2026 22:17:03 GMT-0300 (Hor├írio Padr├úo de Bras├¡lia)[39m
    [35mcontext[39m: "LoginUseCase"
­ƒòÉ 2026-01-21 22:17:03.586 -0300 Ôä╣´©Å  INFO: [36mÔ£à Cookies httpOnly setados: dashboard-test-1769044623540@example.com[39m
    [35mcontext[39m: "LoginUseCase"
­ƒòÉ 2026-01-21 22:17:03.586 -0300 ­ƒöº DEBUG: [36m­ƒôØ Registrando auditoria: User.LOGIN para usu├írio 50bf5823-adbc-430a-9494-10e853f7af78[39m
    [35mcontext[39m: "LogAuditUseCase"
[90m[4mquery:[24m[39m [94mINSERT INTO[0m [37m"audit_logs"[0m[37m([0m[37m"id"[0m[37m,[0m [37m"userId"[0m[37m,[0m [37m"userEmail"[0m[37m,[0m [37m"action"[0m[37m,[0m [37m"entityType"[0m[37m,[0m [37m"entityId"[0m[37m,[0m [37m"oldValues"[0m[37m,[0m [37m"newValues"[0m[37m,[0m [37m"changes"[0m[37m,[0m [37m"ipAddress"[0m[37m,[0m [37m"userAgent"[0m[37m,[0m [37m"endpoint"[0m[37m,[0m [37m"httpMethod"[0m[37m,[0m [37m"status"[0m[37m,[0m [37m"errorMessage"[0m[37m,[0m [37m"createdAt"[0m[37m,[0m [37m"deletedAt"[0m[37m)[0m [94mVALUES[0m [37m([0m[94mDEFAULT[0m[37m,[0m [37m$[0m[32m1[0m[37m,[0m [37m$[0m[32m2[0m[37m,[0m [37m$[0m[32m3[0m[37m,[0m [37m$[0m[32m4[0m[37m,[0m [37m$[0m[32m5[0m[37m,[0m [37m$[0m[32m6[0m[37m,[0m [37m$[0m[32m7[0m[37m,[0m [37m$[0m[32m8[0m[37m,[0m [37m$[0m[32m9[0m[37m,[0m [37m$[0m[32m10[0m[37m,[0m [37m$[0m[32m11[0m[37m,[0m [37m$[0m[32m12[0m[37m,[0m [37m$[0m[32m13[0m[37m,[0m [37m$[0m[32m14[0m[37m,[0m [94mDEFAULT[0m[37m,[0m [37m$[0m[32m15[0m[37m)[0m [94mRETURNING[0m [37m"id"[0m[37m,[0m [37m"createdAt"[0m[37m,[0m [37m"deletedAt"[0m [90m-- PARAMETERS: ["50bf5823-adbc-430a-9494-10e853f7af78","dashboard-test-1769044623540@example.com","LOGIN","User","50bf5823-adbc-430a-9494-10e853f7af78",null,"{\"email\":\"dashboard-test-1769044623540@example.com\",\"accessCount\":1}",null,"unknown","unknown","/api/auth/login","POST","200",null,null][0m
[90m[4mquery:[24m[39m [94mCOMMIT[0m
­ƒòÉ 2026-01-21 22:17:03.594 -0300 ­ƒöº DEBUG: [36mÔ£à Auditoria registrada: 2ac25681-59dd-45ff-b013-94d564791b83[39m
    [35mcontext[39m: "LogAuditUseCase"
­ƒòÉ 2026-01-21 22:17:03.594 -0300 Ôä╣´©Å  INFO: [36mÔ£à Auditoria de login registrada: dashboard-test-1769044623540@example.com[39m
    [35mcontext[39m: "LoginUseCase"
­ƒòÉ 2026-01-21 22:17:03.597 -0300 ­ƒöº DEBUG: [36mÔ£à Token extra├¡do do header Authorization[39m
    [35mcontext[39m: "JwtAuthGuard"
[90m[4mquery:[24m[39m [94mSELECT[0m [95mCOUNT[0m[37m([0m[32m1[0m[37m)[0m [94mAS[0m [37m"cnt"[0m [94mFROM[0m [37m"users"[0m [37m"User"[0m [94mWHERE[0m [37m([0m [37m([0m[37m([0m[37m"User"[0m[37m.[0m[37m"deletedAt"[0m [94mIS NULL[0m[37m)[0m[37m)[0m [37m)[0m [94mAND[0m [37m([0m [37m"User"[0m[37m.[0m[37m"deletedAt"[0m [94mIS NULL[0m [37m)[0m
[90m[4mquery:[24m[39m [94mSELECT[0m [95mCOUNT[0m[37m([0m[32m1[0m[37m)[0m [94mAS[0m [37m"cnt"[0m [94mFROM[0m [37m"customers"[0m [37m"Customer"[0m [94mWHERE[0m [37m([0m [37m([0m[37m([0m[37m"Customer"[0m[37m.[0m[37m"deletedAt"[0m [94mIS NULL[0m[37m)[0m[37m)[0m [37m)[0m [94mAND[0m [37m([0m [37m"Customer"[0m[37m.[0m[37m"deletedAt"[0m [94mIS NULL[0m [37m)[0m
[90m[4mquery:[24m[39m [94mSELECT[0m [95mCOUNT[0m[37m([0m[32m1[0m[37m)[0m [94mAS[0m [37m"cnt"[0m [94mFROM[0m [37m"audit_logs"[0m [37m"AuditLog"[0m [94mWHERE[0m [37m"AuditLog"[0m[37m.[0m[37m"deletedAt"[0m [94mIS NULL[0m
­ƒòÉ 2026-01-21 22:17:03.597 -0300 ­ƒöº DEBUG: [36m­ƒöæ Authorization header setado com token: eyJhbGciOiJIUzI1NiIs...[39m
    [35mcontext[39m: "JwtAuthGuard"
­ƒòÉ 2026-01-21 22:17:03.598 -0300 ­ƒöº DEBUG: [36mÔ£à JWT validado para: dashboard-test-1769044623540@example.com[39m
    [35mcontext[39m: "JwtStrategy"
­ƒòÉ 2026-01-21 22:17:03.598 -0300 ­ƒöº DEBUG: [36mÔ£à JWT v├ílido para usu├írio: dashboard-test-1769044623540@example.com[39m
    [35mcontext[39m: "JwtAuthGuard"
­ƒòÉ 2026-01-21 22:17:03.598 -0300 Ôä╣´©Å  INFO: [36m[DashboardController] GET /api/dashboard/stats - usu├írio: 50bf5823-adbc-430a-9494-10e853f7af78[39m
    [35mcontext[39m: "DashboardController"
­ƒòÉ 2026-01-21 22:17:03.598 -0300 Ôä╣´©Å  INFO: [36m[GetDashboardStatsUseCase] Iniciando obten├º├úo de estat├¡sticas para usu├írio: 50bf5823-adbc-430a-9494-10e853f7af78[39m
    [35mcontext[39m: "GetDashboardStatsUseCase"
­ƒòÉ 2026-01-21 22:17:03.601 -0300 Ôä╣´©Å  INFO: [36m[GetDashboardStatsUseCase] Estat├¡sticas obtidas com sucesso - Usu├írios: 38, Clientes: 56, Auditorias: 94[39m
    [35mcontext[39m: "GetDashboardStatsUseCase"
­ƒòÉ 2026-01-21 22:17:03.604 -0300 ­ƒöº DEBUG: [36mÔ£à Token extra├¡do do header Authorization[39m
    [35mcontext[39m: "JwtAuthGuard"
[90m[4mquery:[24m[39m [94mSELECT[0m [95mDATE_TRUNC[0m[37m([0m[37m'day'[0m[37m,[0m [37m"customer"[0m[37m.[0m[37m"createdAt"[0m[37m)[0m [94mas[0m [37mday[0m[37m,[0m [95mCOUNT[0m[37m([0m[37m"customer"[0m[37m.[0m[37m"id"[0m[37m)[0m[37m:[0m[37m:[0m[37mint[0m [94mas[0m [37mtotal[0m [94mFROM[0m [37m"customers"[0m [37m"customer"[0m [94mWHERE[0m [37m([0m [37m"customer"[0m[37m.[0m[37m"deletedAt"[0m [94mIS NULL[0m [37m)[0m [94mAND[0m [37m([0m [37m"customer"[0m[37m.[0m[37m"deletedAt"[0m [94mIS NULL[0m [37m)[0m [94mGROUP BY[0m [95mDATE_TRUNC[0m[37m([0m[37m'day'[0m[37m,[0m [37m"customer"[0m[37m.[0m[37m"createdAt"[0m[37m)[0m [94mORDER BY[0m [37mday[0m [94mASC[0m
­ƒòÉ 2026-01-21 22:17:03.605 -0300 ­ƒöº DEBUG: [36m­ƒöæ Authorization header setado com token: eyJhbGciOiJIUzI1NiIs...[39m
    [35mcontext[39m: "JwtAuthGuard"
­ƒòÉ 2026-01-21 22:17:03.606 -0300 ­ƒöº DEBUG: [36mÔ£à JWT validado para: dashboard-test-1769044623540@example.com[39m
    [35mcontext[39m: "JwtStrategy"
­ƒòÉ 2026-01-21 22:17:03.606 -0300 ­ƒöº DEBUG: [36mÔ£à JWT v├ílido para usu├írio: dashboard-test-1769044623540@example.com[39m
    [35mcontext[39m: "JwtAuthGuard"
­ƒòÉ 2026-01-21 22:17:03.606 -0300 Ôä╣´©Å  INFO: [36m[DashboardController] GET /api/dashboard/customer-trend/day (days: 30) - usu├írio: 50bf5823-adbc-430a-9494-10e853f7af78[39m
    [35mcontext[39m: "DashboardController"
­ƒòÉ 2026-01-21 22:17:03.607 -0300 Ôä╣´©Å  INFO: [36m[GetCustomerTrendByDayUseCase] Fetching customer trend for 30 days - usu├írio: 50bf5823-adbc-430a-9494-10e853f7af78[39m
    [35mcontext[39m: "GetCustomerTrendByDayUseCase"
­ƒòÉ 2026-01-21 22:17:03.611 -0300 Ôä╣´©Å  INFO: [36m[GetCustomerTrendByDayUseCase] Successfully fetched 2 days of data[39m
    [35mcontext[39m: "GetCustomerTrendByDayUseCase"
­ƒòÉ 2026-01-21 22:17:03.615 -0300 ÔÜá´©Å  WARN: [36mÔÜá´©Å HTTP Exception: 401 - N├úo autorizado[39m
    [35mcontext[39m: {
      "path": "/api/v1/customers",
      "method": "GET"
    }
­ƒòÉ 2026-01-21 22:17:03.619 -0300 ÔÜá´©Å  WARN: [36mÔØî JWT inv├ílido: jwt malformed[39m
    [35mcontext[39m: "JwtAuthGuard"
­ƒòÉ 2026-01-21 22:17:03.619 -0300 ÔÜá´©Å  WARN: [36mÔÜá´©Å HTTP Exception: 401 - Token inv├ílido[39m
    [35mcontext[39m: {
      "path": "/api/v1/customers",
      "method": "GET"
    }
­ƒòÉ 2026-01-21 22:17:03.623 -0300 ­ƒöº DEBUG: [36m­ƒöô Rota p├║blica - autentica├º├úo dispensada[39m
    [35mcontext[39m: "JwtAuthGuard"
­ƒòÉ 2026-01-21 22:17:03.624 -0300 ÔÜá´©Å  WARN: [36mÔÜá´©Å HTTP Exception: 400 - email must be an email[39m
    [35mcontext[39m: {
      "path": "/api/v1/users",
      "method": "POST"
    }
­ƒòÉ 2026-01-21 22:17:03.627 -0300 ­ƒöº DEBUG: [36m­ƒöô Rota p├║blica - autentica├º├úo dispensada[39m
    [35mcontext[39m: "JwtAuthGuard"
­ƒòÉ 2026-01-21 22:17:03.628 -0300 ÔÜá´©Å  WARN: [36mÔÜá´©Å HTTP Exception: 400 - password must be longer than or equal to 8 characters[39m
    [35mcontext[39m: {
      "path": "/api/v1/users",
      "method": "POST"
    }
 FAIL   backend-e2e  apps/backend-e2e/src/backend/complete-flow.spec.ts
  ÔùÅ E2E: Complete User Flow ÔÇ║ User Registration & Authentication ÔÇ║ should refresh token successfully
    AxiosError: Request failed with status code 400

      85 |
      86 |       const oldRefreshToken = loginResponse.data.refreshToken;
    > 87 |       const refreshResponse = await axios.post('/api/auth/refresh', {
         |                               ^
      88 |         refreshToken: oldRefreshToken,
      89 |       });
      90 |

      at settle (../../node_modules/axios/lib/core/settle.js:19:12)
      at IncomingMessage.handleStreamEnd (../../node_modules/axios/lib/adapters/http.js:793:11)
      at Axios.request (../../node_modules/axios/lib/core/Axios.js:45:41)
      at Object.<anonymous> (src/backend/complete-flow.spec.ts:87:31)
  ÔùÅ E2E: Complete User Flow ÔÇ║ Customer Management ÔÇ║ should get all customers
    expect(received).toBe(expected) // Object.is equality
    Expected: true
    Received: false

      139 |
      140 |       expect(response.status).toBe(200);
    > 141 |       expect(Array.isArray(response.data)).toBe(true);
          |                                            ^
      142 |     });
      143 |
      144 |     it('should get customer by id', async () => {

      at Object.toBe (src/backend/complete-flow.spec.ts:141:44)
  ÔùÅ E2E: Complete User Flow ÔÇ║ Customer Management ÔÇ║ should fail to get non-existent customer
    expect(received).toBe(expected) // Object.is equality
    Expected: 404
    Received: 500

      158 |         fail('Should have thrown 404');
      159 |       } catch (error: any) {
    > 160 |         expect(error.response?.status).toBe(404);
          |                                        ^
      161 |       }
      162 |     });
      163 |   });

      at Object.toBe (src/backend/complete-flow.spec.ts:160:40)
Test Suites: 1 failed, 2 passed, 3 total
Tests:       3 failed, 18 passed, 21 total
Snapshots:   0 total
Time:        2.584 s
Ran all test suites.
Attempting to close port 3000
[7m[1m[36m NX [39m[22m[27m [1mProcess exited with code 1, waiting for changes to restart...[22m
Port 3000 successfully closed
Tearing down...



 NX   Running target e2e for project backend-e2e and 2 tasks it depends on failed

Failed tasks:

- backend-e2e:e2e

Hint: run the command with --verbose for more details.

